{
 "tool": "scripts/ag_subset.py",
 "tool_sha256": "3891a0064511666a19d63ff360c9e2b0f56f59d35e14337d1ca634870c590f39",
 "argv": [
  "--world",
  "crm",
  "--tiers",
  "0-6",
  "--eval-rows",
  "filtered",
  "--preset",
  "M2",
  "--ds",
  "/work1/dannegrut/harry/experiments/arena_gator_20260925/e4/f104_hmmwv/ci_f104_hmmwv_both.npz",
  "/work1/dannegrut/harry/experiments/arena_gator_20260925/e4/soil_s1/g203_hmmwv/ci_g203_hmmwv_crm.npz",
  "--out",
  "/work1/dannegrut/harry/experiments/arena_gator_20260925/e4/soil_s1/subsets/M2_hmmwv_soil.npz"
 ],
 "preset": "M2",
 "world": "crm",
 "vehicle": "hmmwv",
 "rule": "md5(group id) hex ascending within each arena, first N of the available training groups",
 "tiers": "0-6",
 "ids_file": null,
 "ids_file_sha256": null,
 "n_ids": null,
 "ids_apply": null,
 "eval_rows": "filtered",
 "keep_dev_fold": false,
 "use": "deploy or holdout",
 "per_arena": {
  "f104": {
   "requested": 545,
   "available": 1089,
   "selected": 545,
   "md5_last": "816874992ef365ac0286223f43842c2d",
   "dev_fold_groups_kept": 0,
   "train_groups_in_file": 545,
   "train_rows": 14670,
   "train_rows_startup": 3815,
   "train_episodes": 3815,
   "val_groups": 56,
   "val_rows": 1492,
   "test_groups": 55,
   "test_rows": 1450,
   "fit_rows_holdout": 11597,
   "fit_groups_holdout": 431
  },
  "g203": {
   "requested": 545,
   "available": 559,
   "selected": 545,
   "md5_last": "fadb7ae736d467ad37f494a497b5862d",
   "dev_fold_groups_kept": 0,
   "train_groups_in_file": 545,
   "train_rows": 14378,
   "train_rows_startup": 3813,
   "train_episodes": 3813,
   "val_groups": 24,
   "val_rows": 645,
   "test_groups": 23,
   "test_rows": 592,
   "fit_rows_holdout": 11344,
   "fit_groups_holdout": 430
  }
 },
 "rows": 33227,
 "fit_rows_deploy": 29048,
 "fit_rows_holdout": 22941,
 "eval_rows_val": 2137
}
wrote /work1/dannegrut/harry/experiments/arena_gator_20260925/e4/soil_s1/subsets/M2_hmmwv_soil.npz (33227 rows, 0.603 GB) in 121.5 s
