{
 "tool": "scripts/ag_subset.py",
 "tool_sha256": "3891a0064511666a19d63ff360c9e2b0f56f59d35e14337d1ca634870c590f39",
 "argv": [
  "--world",
  "crm",
  "--tiers",
  "0-6",
  "--eval-rows",
  "filtered",
  "--preset",
  "LOAO2_g203_g228",
  "--ds",
  "/work1/dannegrut/harry/experiments/arena_gator_20260925/e4/soil_s1/g203_hmmwv/ci_g203_hmmwv_crm.npz",
  "/work1/dannegrut/harry/experiments/arena_gator_20260925/e4/soil_s1/g228_hmmwv/ci_g228_hmmwv_crm.npz",
  "--out",
  "/work1/dannegrut/harry/experiments/arena_gator_20260925/e4/soil_s1/subsets/LOAO2_g203_g228_hmmwv_soil.npz"
 ],
 "preset": "LOAO2_g203_g228",
 "world": "crm",
 "vehicle": "hmmwv",
 "rule": "md5(group id) hex ascending within each arena, first N of the available training groups",
 "tiers": "0-6",
 "ids_file": null,
 "ids_file_sha256": null,
 "n_ids": null,
 "ids_apply": null,
 "eval_rows": "filtered",
 "keep_dev_fold": false,
 "use": "deploy or holdout",
 "per_arena": {
  "g203": {
   "requested": 273,
   "available": 559,
   "selected": 273,
   "md5_last": "8485e33b9fe869300782f7e4b699ffec",
   "dev_fold_groups_kept": 0,
   "train_groups_in_file": 273,
   "train_rows": 7180,
   "train_rows_startup": 1909,
   "train_episodes": 1909,
   "val_groups": 24,
   "val_rows": 645,
   "test_groups": 23,
   "test_rows": 592,
   "fit_rows_holdout": 5701,
   "fit_groups_holdout": 217
  },
  "g228": {
   "requested": 272,
   "available": 520,
   "selected": 272,
   "md5_last": "816fb42b384168803bea52713e3a83a5",
   "dev_fold_groups_kept": 0,
   "train_groups_in_file": 272,
   "train_rows": 7302,
   "train_rows_startup": 1904,
   "train_episodes": 1904,
   "val_groups": 38,
   "val_rows": 1026,
   "test_groups": 48,
   "test_rows": 1297,
   "fit_rows_holdout": 6085,
   "fit_groups_holdout": 227
  }
 },
 "rows": 18042,
 "fit_rows_deploy": 14482,
 "fit_rows_holdout": 11786,
 "eval_rows_val": 1671
}
wrote /work1/dannegrut/harry/experiments/arena_gator_20260925/e4/soil_s1/subsets/LOAO2_g203_g228_hmmwv_soil.npz (18042 rows, 0.326 GB) in 49.5 s
