{
 "tool": "scripts/ag_subset.py",
 "tool_sha256": "3891a0064511666a19d63ff360c9e2b0f56f59d35e14337d1ca634870c590f39",
 "argv": [
  "--world",
  "crm",
  "--tiers",
  "0-6",
  "--eval-rows",
  "filtered",
  "--preset",
  "LC545",
  "--ds",
  "/work1/dannegrut/harry/experiments/arena_gator_20260925/e4/f104_hmmwv/ci_f104_hmmwv_both.npz",
  "--out",
  "/work1/dannegrut/harry/experiments/arena_gator_20260925/e4/soil_s1/subsets/LC545_f104_hmmwv_soil.npz"
 ],
 "preset": "LC545",
 "world": "crm",
 "vehicle": "hmmwv",
 "rule": "md5(group id) hex ascending within each arena, first N of the available training groups",
 "tiers": "0-6",
 "ids_file": null,
 "ids_file_sha256": null,
 "n_ids": null,
 "ids_apply": null,
 "eval_rows": "filtered",
 "keep_dev_fold": true,
 "use": "holdout mode only (the dev fold is kept for scoring; deploy mode would fit it)",
 "per_arena": {
  "f104": {
   "requested": 545,
   "available": 1089,
   "selected": 545,
   "md5_last": "816874992ef365ac0286223f43842c2d",
   "dev_fold_groups_kept": 224,
   "train_groups_in_file": 655,
   "train_rows": 17602,
   "train_rows_startup": 4585,
   "train_episodes": 4585,
   "val_groups": 56,
   "val_rows": 1492,
   "test_groups": 55,
   "test_rows": 1450,
   "fit_rows_holdout": 11597,
   "fit_groups_holdout": 431
  }
 },
 "rows": 20544,
 "fit_rows_deploy": 17602,
 "fit_rows_holdout": 11597,
 "eval_rows_val": 1492
}
wrote /work1/dannegrut/harry/experiments/arena_gator_20260925/e4/soil_s1/subsets/LC545_f104_hmmwv_soil.npz (20544 rows, 0.373 GB) in 84.2 s
