{
 "tool": "scripts/ag_subset.py",
 "tool_sha256": "3891a0064511666a19d63ff360c9e2b0f56f59d35e14337d1ca634870c590f39",
 "argv": [
  "--world",
  "crm",
  "--tiers",
  "0-6",
  "--eval-rows",
  "filtered",
  "--preset",
  "A3",
  "--ds",
  "/work1/dannegrut/harry/experiments/arena_gator_20260925/e4/f104_hmmwv/ci_f104_hmmwv_both.npz",
  "/work1/dannegrut/harry/experiments/arena_gator_20260925/e4/soil_s1/g203_hmmwv/ci_g203_hmmwv_crm.npz",
  "/work1/dannegrut/harry/experiments/arena_gator_20260925/e4/soil_s1/g228_hmmwv/ci_g228_hmmwv_crm.npz",
  "--out",
  "/work1/dannegrut/harry/experiments/arena_gator_20260925/e4/soil_s1/subsets/A3_hmmwv_soil.npz"
 ],
 "preset": "A3",
 "world": "crm",
 "vehicle": "hmmwv",
 "rule": "md5(group id) hex ascending within each arena, first N of the available training groups",
 "tiers": "0-6",
 "ids_file": null,
 "ids_file_sha256": null,
 "n_ids": null,
 "ids_apply": null,
 "eval_rows": "filtered",
 "keep_dev_fold": false,
 "use": "deploy or holdout",
 "per_arena": {
  "f104": {
   "requested": "all",
   "available": 1089,
   "selected": 1089,
   "md5_last": "ff6c1c94283ff2f53fdbe88bfb694dc2",
   "dev_fold_groups_kept": 0,
   "train_groups_in_file": 1089,
   "train_rows": 29210,
   "train_rows_startup": 7622,
   "train_episodes": 7622,
   "val_groups": 56,
   "val_rows": 1492,
   "test_groups": 55,
   "test_rows": 1450,
   "fit_rows_holdout": 23205,
   "fit_groups_holdout": 865
  },
  "g203": {
   "requested": "all",
   "available": 559,
   "selected": 559,
   "md5_last": "fe89854122c564b1d975d24effab173f",
   "dev_fold_groups_kept": 0,
   "train_groups_in_file": 559,
   "train_rows": 14750,
   "train_rows_startup": 3911,
   "train_episodes": 3911,
   "val_groups": 24,
   "val_rows": 645,
   "test_groups": 23,
   "test_rows": 592,
   "fit_rows_holdout": 11660,
   "fit_groups_holdout": 442
  },
  "g228": {
   "requested": "all",
   "available": 520,
   "selected": 520,
   "md5_last": "ff608b5e5a1c3488c7784d892b3236eb",
   "dev_fold_groups_kept": 0,
   "train_groups_in_file": 520,
   "train_rows": 13938,
   "train_rows_startup": 3640,
   "train_episodes": 3640,
   "val_groups": 38,
   "val_rows": 1026,
   "test_groups": 48,
   "test_rows": 1297,
   "fit_rows_holdout": 11409,
   "fit_groups_holdout": 426
  }
 },
 "rows": 64400,
 "fit_rows_deploy": 57898,
 "fit_rows_holdout": 46274,
 "eval_rows_val": 3163
}
wrote /work1/dannegrut/harry/experiments/arena_gator_20260925/e4/soil_s1/subsets/A3_hmmwv_soil.npz (64400 rows, 1.167 GB) in 159.9 s
