{
 "tool": "scripts/ag_subset.py",
 "tool_sha256": "3891a0064511666a19d63ff360c9e2b0f56f59d35e14337d1ca634870c590f39",
 "argv": [
  "--world",
  "crm",
  "--tiers",
  "0-6",
  "--eval-rows",
  "filtered",
  "--preset",
  "M3",
  "--ds",
  "/work1/dannegrut/harry/experiments/arena_gator_20260925/e4/f104_hmmwv/ci_f104_hmmwv_both.npz",
  "/work1/dannegrut/harry/experiments/arena_gator_20260925/e4/soil_s1/g203_hmmwv/ci_g203_hmmwv_crm.npz",
  "/work1/dannegrut/harry/experiments/arena_gator_20260925/e4/soil_s1/g228_hmmwv/ci_g228_hmmwv_crm.npz",
  "--out",
  "/work1/dannegrut/harry/experiments/arena_gator_20260925/e4/soil_s1/subsets/M3_hmmwv_soil.npz"
 ],
 "preset": "M3",
 "world": "crm",
 "vehicle": "hmmwv",
 "rule": "md5(group id) hex ascending within each arena, first N of the available training groups",
 "tiers": "0-6",
 "ids_file": null,
 "ids_file_sha256": null,
 "n_ids": null,
 "ids_apply": null,
 "eval_rows": "filtered",
 "keep_dev_fold": false,
 "use": "deploy or holdout",
 "per_arena": {
  "f104": {
   "requested": 363,
   "available": 1089,
   "selected": 363,
   "md5_last": "554c4a9f0540ee0ccefc7083616646da",
   "dev_fold_groups_kept": 0,
   "train_groups_in_file": 363,
   "train_rows": 9780,
   "train_rows_startup": 2541,
   "train_episodes": 2541,
   "val_groups": 56,
   "val_rows": 1492,
   "test_groups": 55,
   "test_rows": 1450,
   "fit_rows_holdout": 7757,
   "fit_groups_holdout": 288
  },
  "g203": {
   "requested": 363,
   "available": 559,
   "selected": 363,
   "md5_last": "a8d9a6af617db48453ae3f5ea188f9ca",
   "dev_fold_groups_kept": 0,
   "train_groups_in_file": 363,
   "train_rows": 9543,
   "train_rows_startup": 2539,
   "train_episodes": 2539,
   "val_groups": 24,
   "val_rows": 645,
   "test_groups": 23,
   "test_rows": 592,
   "fit_rows_holdout": 7506,
   "fit_groups_holdout": 286
  },
  "g228": {
   "requested": 363,
   "available": 520,
   "selected": 363,
   "md5_last": "b45c3483a50e9c8c13526454894a7ad6",
   "dev_fold_groups_kept": 0,
   "train_groups_in_file": 363,
   "train_rows": 9748,
   "train_rows_startup": 2541,
   "train_episodes": 2541,
   "val_groups": 38,
   "val_rows": 1026,
   "test_groups": 48,
   "test_rows": 1297,
   "fit_rows_holdout": 8021,
   "fit_groups_holdout": 299
  }
 },
 "rows": 35573,
 "fit_rows_deploy": 29071,
 "fit_rows_holdout": 23284,
 "eval_rows_val": 3163
}
wrote /work1/dannegrut/harry/experiments/arena_gator_20260925/e4/soil_s1/subsets/M3_hmmwv_soil.npz (35573 rows, 0.644 GB) in 133.7 s
