{
 "tool": "scripts/ag_subset.py",
 "tool_sha256": "3891a0064511666a19d63ff360c9e2b0f56f59d35e14337d1ca634870c590f39",
 "argv": [
  "--world",
  "crm",
  "--tiers",
  "0-6",
  "--eval-rows",
  "filtered",
  "--groups",
  "g203=0",
  "--keep-dev-fold",
  "--ds",
  "/work1/dannegrut/harry/experiments/arena_gator_20260925/e4/soil_s1/g203_hmmwv/ci_g203_hmmwv_crm.npz",
  "--out",
  "/work1/dannegrut/harry/experiments/arena_gator_20260925/e5/eval_soil/EV_g203_hmmwv_crm.npz"
 ],
 "preset": null,
 "world": "crm",
 "vehicle": "hmmwv",
 "rule": "md5(group id) hex ascending within each arena, first N of the available training groups",
 "tiers": "0-6",
 "ids_file": null,
 "ids_file_sha256": null,
 "n_ids": null,
 "ids_apply": null,
 "eval_rows": "filtered",
 "keep_dev_fold": true,
 "use": "holdout mode only (the dev fold is kept for scoring; deploy mode would fit it)",
 "per_arena": {
  "g203": {
   "requested": 0,
   "available": 559,
   "selected": 0,
   "md5_last": null,
   "dev_fold_groups_kept": 117,
   "train_groups_in_file": 117,
   "train_rows": 3090,
   "train_rows_startup": 819,
   "train_episodes": 819,
   "val_groups": 24,
   "val_rows": 645,
   "test_groups": 23,
   "test_rows": 592,
   "fit_rows_holdout": 0,
   "fit_groups_holdout": 0
  }
 },
 "rows": 4327,
 "fit_rows_deploy": 3090,
 "fit_rows_holdout": 0,
 "eval_rows_val": 645
}
wrote /work1/dannegrut/harry/experiments/arena_gator_20260925/e5/eval_soil/EV_g203_hmmwv_crm.npz (4327 rows, 0.078 GB) in 17.1 s
