{
 "schema": 1,
 "created": "2026-09-22 10:04:13",
 "stage": "analyze",
 "length_s": 3.0,
 "frame": 60,
 "run_suffix": "__p1_3",
 "hist_T": [
  40
 ],
 "arena": "assets/traverse/arena_f104_50h_v1",
 "criterion": {
  "vx_gt_mps": 1.0,
  "sinkage_increase_lt_m": 0.1,
  "sinkage": "max over wheels of [tyre radius - (spindle_z - TerrainMap height at the spindle xy)] at frame min(F, last crm_extra row) minus frame 0 (ga_approach formula); CRM only"
 },
 "worlds": {
  "crm": {
   "runs_dir": "/home/harry/NeDM-traverse_mppi/artifacts/traverse/crm_improve_20260922/a5data/pass1_twin_crm/runs",
   "n_runs": 1200,
   "n_groups": 1200,
   "n_moving": 1197,
   "n_excluded": 3,
   "exclusion_reasons": {
    "vx": 3
   },
   "duplicate_group_runs": [],
   "case_id_mismatch": [],
   "frame_source_counts": {
    "row": 0,
    "terminal": 1200,
    "absent": 0
   },
   "statuses": {
    "timeout": 1200
   },
   "vx_p10_50_90": [
    2.508,
    2.846,
    3.016
   ],
   "sink_inc_max_p50_p99_max": [
    -0.0428,
    0.0304,
    0.0693
   ],
   "decision_file": "artifacts/traverse/crm_improve_20260922/a5data/decision_twin_L3/decision_crm.json",
   "poses_file": "artifacts/traverse/crm_improve_20260922/a5data/decision_twin_L3/poses_crm.json",
   "poses_all_file": "artifacts/traverse/crm_improve_20260922/a5data/decision_twin_L3/poses_crm_all.json"
  },
  "rigid": {
   "runs_dir": "/home/harry/NeDM-traverse_mppi/artifacts/traverse/crm_improve_20260922/a5data/pass1_twin_rigid/runs",
   "n_runs": 1200,
   "n_groups": 1200,
   "n_moving": 1200,
   "n_excluded": 0,
   "exclusion_reasons": {},
   "duplicate_group_runs": [],
   "case_id_mismatch": [],
   "frame_source_counts": {
    "row": 0,
    "terminal": 1200,
    "absent": 0
   },
   "statuses": {
    "timeout": 1200
   },
   "vx_p10_50_90": [
    2.795,
    2.954,
    3.077
   ],
   "sink_inc_max_p50_p99_max": null,
   "decision_file": "artifacts/traverse/crm_improve_20260922/a5data/decision_twin_L3/decision_rigid.json",
   "poses_file": "artifacts/traverse/crm_improve_20260922/a5data/decision_twin_L3/poses_rigid.json",
   "poses_all_file": "artifacts/traverse/crm_improve_20260922/a5data/decision_twin_L3/poses_rigid_all.json"
  }
 },
 "n_analysis_set": 1197
}
wrote artifacts/traverse/crm_improve_20260922/a5data/decision_twin_L3/pass1_state.json, decision_<world>.json, poses_<world>[_all].json (1197 groups in the analysis set, 3 excluded)
