{
 "schema": 1,
 "created": "2026-09-22 10:04:19",
 "stage": "analyze",
 "length_s": 1.0,
 "frame": 20,
 "run_suffix": "__p1_1",
 "hist_T": [
  40
 ],
 "arena": "assets/traverse/arena_f104_50h_v1",
 "criterion": {
  "vx_gt_mps": 0.3,
  "sinkage_increase_lt_m": 0.1,
  "sinkage": "max over wheels of [tyre radius - (spindle_z - TerrainMap height at the spindle xy)] at frame min(F, last crm_extra row) minus frame 0 (ga_approach formula); CRM only"
 },
 "worlds": {
  "crm": {
   "runs_dir": "/home/harry/NeDM-traverse_mppi/artifacts/traverse/crm_improve_20260922/a5data/pass1_twin_crm/runs",
   "n_runs": 1200,
   "n_groups": 1200,
   "n_moving": 1200,
   "n_excluded": 0,
   "exclusion_reasons": {},
   "duplicate_group_runs": [],
   "case_id_mismatch": [],
   "frame_source_counts": {
    "row": 0,
    "terminal": 1200,
    "absent": 0
   },
   "statuses": {
    "timeout": 1200
   },
   "vx_p10_50_90": [
    1.315,
    1.787,
    2.194
   ],
   "sink_inc_max_p50_p99_max": [
    -0.031,
    0.0206,
    0.047
   ],
   "decision_file": "artifacts/traverse/crm_improve_20260922/a5data/decision_twin_L1/decision_crm.json",
   "poses_file": "artifacts/traverse/crm_improve_20260922/a5data/decision_twin_L1/poses_crm.json",
   "poses_all_file": "artifacts/traverse/crm_improve_20260922/a5data/decision_twin_L1/poses_crm_all.json"
  },
  "rigid": {
   "runs_dir": "/home/harry/NeDM-traverse_mppi/artifacts/traverse/crm_improve_20260922/a5data/pass1_twin_rigid/runs",
   "n_runs": 1200,
   "n_groups": 1200,
   "n_moving": 1200,
   "n_excluded": 0,
   "exclusion_reasons": {},
   "duplicate_group_runs": [],
   "case_id_mismatch": [],
   "frame_source_counts": {
    "row": 0,
    "terminal": 1200,
    "absent": 0
   },
   "statuses": {
    "timeout": 1200
   },
   "vx_p10_50_90": [
    2.132,
    3.133,
    3.311
   ],
   "sink_inc_max_p50_p99_max": null,
   "decision_file": "artifacts/traverse/crm_improve_20260922/a5data/decision_twin_L1/decision_rigid.json",
   "poses_file": "artifacts/traverse/crm_improve_20260922/a5data/decision_twin_L1/poses_rigid.json",
   "poses_all_file": "artifacts/traverse/crm_improve_20260922/a5data/decision_twin_L1/poses_rigid_all.json"
  }
 },
 "n_analysis_set": 1200
}
wrote artifacts/traverse/crm_improve_20260922/a5data/decision_twin_L1/pass1_state.json, decision_<world>.json, poses_<world>[_all].json (1200 groups in the analysis set, 0 excluded)
