{
 "merged_out": "/home/harry/NeDM-traverse_mppi/artifacts/traverse/crm_improve_20260922/datasets/cont3_both.npz",
 "mixed": "artifacts/traverse/crm_improve_20260922/datasets/cont3_rigid.npz",
 "branch": "artifacts/traverse/crm_improve_20260922/datasets/cont3_crm.npz",
 "rows_mixed": 7182,
 "rows_branch": 7182,
 "rows": 14364,
 "keys": [
  "E",
  "T",
  "X",
  "anchor_frame",
  "branch_run",
  "cls",
  "ctx",
  "domain",
  "episode",
  "event_idx",
  "fail",
  "group",
  "hist",
  "hist_cols",
  "hmask",
  "id",
  "priv_names",
  "privileged",
  "profile",
  "rem_m",
  "route_len",
  "source",
  "split",
  "status",
  "time_to_event_s",
  "unsafe",
  "vx_anchor"
 ],
 "size_gb": 0.254,
 "elapsed_s": 8.5
}
