ci_grad: 5 members from artifacts/traverse/crm_improve_20260922/deploy_v1/deploy_a3_haux_txjoint_s*.pt on cuda: kinds ['ci_train'] conds ['hist_aux'] hist_T 40; steps 60 starts 17 lr 0.02/0.1 keep pessimistic abstain 0.3
  [1/800] f104_crm_eval_group_0000 B z -8.131 (pess -7.774) -> G abstain | valid 17/17 | 4.61s (cem 0.75 refine 3.79 [60 steps] finals 0.05)
  [2/800] f104_crm_eval_group_0001 B z -8.222 (pess -7.947) -> G abstain | valid 17/17 | 3.37s (cem 0.36 refine 2.94 [60 steps] finals 0.05)
  [3/800] f104_crm_eval_group_0002 B z -8.125 (pess -7.886) -> G abstain | valid 17/17 | 3.35s (cem 0.36 refine 2.93 [60 steps] finals 0.05)
  [4/800] f104_crm_eval_group_0003 B z -8.120 (pess -7.822) -> G abstain | valid 17/17 | 3.36s (cem 0.36 refine 2.94 [60 steps] finals 0.05)
  [5/800] f104_crm_eval_group_0004 B z -8.230 (pess -7.886) -> G abstain | valid 17/17 | 3.38s (cem 0.37 refine 2.95 [60 steps] finals 0.05)
  [6/800] f104_crm_eval_group_0005 B z -7.975 (pess -7.680) -> G abstain | valid 17/17 | 3.40s (cem 0.36 refine 2.97 [60 steps] finals 0.05)
  [7/800] f104_crm_eval_group_0006 B z -8.069 (pess -7.786) -> G abstain | valid 17/17 | 3.37s (cem 0.36 refine 2.96 [60 steps] finals 0.05)
  [8/800] f104_crm_eval_group_0007 B z -8.181 (pess -7.885) -> G abstain | valid 17/17 | 1.93s (cem 0.36 refine 1.51 [60 steps] finals 0.04)
  [9/800] f104_crm_eval_group_0008 B z -8.221 (pess -7.896) -> G abstain | valid 17/17 | 1.95s (cem 0.36 refine 1.54 [60 steps] finals 0.04)
  [10/800] f104_crm_eval_group_0009 B z -8.242 (pess -7.868) -> G abstain | valid 17/17 | 3.36s (cem 0.36 refine 2.94 [60 steps] finals 0.05)
  [11/800] f104_crm_eval_group_0010 B z -8.147 (pess -7.813) -> G abstain | valid 17/17 | 3.36s (cem 0.36 refine 2.94 [60 steps] finals 0.05)
  [12/800] f104_crm_eval_group_0011 B z -8.211 (pess -7.860) -> G abstain | valid 17/17 | 3.39s (cem 0.37 refine 2.95 [60 steps] finals 0.05)
  [13/800] f104_crm_eval_group_0012 B z -8.215 (pess -7.975) -> G abstain | valid 17/17 | 3.36s (cem 0.37 refine 2.94 [60 steps] finals 0.05)
  [14/800] f104_crm_eval_group_0013 B z -7.850 (pess -7.533) -> G abstain | valid 17/17 | 3.40s (cem 0.38 refine 2.96 [60 steps] finals 0.05)
  [15/800] f104_crm_eval_group_0014 B z -8.167 (pess -7.845) -> G abstain | valid 17/17 | 3.36s (cem 0.36 refine 2.94 [60 steps] finals 0.05)
  [16/800] f104_crm_eval_group_0015 B z -8.200 (pess -7.899) -> G abstain | valid 17/17 | 3.37s (cem 0.37 refine 2.94 [60 steps] finals 0.05)
  [17/800] f104_crm_eval_group_0016 B z -8.219 (pess -7.825) -> G abstain | valid 17/17 | 3.35s (cem 0.36 refine 2.93 [60 steps] finals 0.05)
  [18/800] f104_crm_eval_group_0017 B z -7.937 (pess -7.301) -> G z -8.085 (pess -7.700) gain 0.398 from B/sample step 23 | valid 17/17 | 3.36s (cem 0.36 refine 2.93 [60 steps] finals 0.05)
  [19/800] f104_crm_eval_group_0018 B z -7.982 (pess -7.789) -> G abstain | valid 17/17 | 3.42s (cem 0.43 refine 2.93 [60 steps] finals 0.05)
  [20/800] f104_crm_eval_group_0019 B z -8.213 (pess -7.924) -> G abstain | valid 17/17 | 3.36s (cem 0.37 refine 2.94 [60 steps] finals 0.05)
  [21/800] f104_crm_eval_group_0020 B z -8.270 (pess -7.908) -> G abstain | valid 17/17 | 3.38s (cem 0.39 refine 2.93 [60 steps] finals 0.05)
  [22/800] f104_crm_eval_group_0021 B z -8.239 (pess -7.941) -> G abstain | valid 17/17 | 3.35s (cem 0.36 refine 2.93 [60 steps] finals 0.05)
  [23/800] f104_crm_eval_group_0022 B z -8.165 (pess -7.894) -> G abstain | valid 17/17 | 3.37s (cem 0.38 refine 2.93 [60 steps] finals 0.05)
  [24/800] f104_crm_eval_group_0023 B z -7.289 (pess -6.630) -> G z -8.047 (pess -7.775) gain 1.141 from B/sample step 60 | valid 17/17 | 3.43s (cem 0.38 refine 2.99 [60 steps] finals 0.05)
  [25/800] f104_crm_eval_group_0024 B z -7.747 (pess -7.481) -> G abstain | valid 17/17 | 3.34s (cem 0.36 refine 2.92 [60 steps] finals 0.05)
  [26/800] f104_crm_eval_group_0025 B z -8.024 (pess -7.839) -> G abstain | valid 17/17 | 3.36s (cem 0.36 refine 2.93 [60 steps] finals 0.05)
  [27/800] f104_crm_eval_group_0026 B z -8.082 (pess -7.826) -> G abstain | valid 17/17 | 3.37s (cem 0.37 refine 2.94 [60 steps] finals 0.05)
  [28/800] f104_crm_eval_group_0027 B z -8.091 (pess -7.843) -> G abstain | valid 17/17 | 3.36s (cem 0.36 refine 2.94 [60 steps] finals 0.05)
  [29/800] f104_crm_eval_group_0028 B z -8.202 (pess -7.865) -> G abstain | valid 17/17 | 3.36s (cem 0.36 refine 2.94 [60 steps] finals 0.05)
  [30/800] f104_crm_eval_group_0029 B z -8.280 (pess -7.928) -> G abstain | valid 17/17 | 3.36s (cem 0.36 refine 2.94 [60 steps] finals 0.05)
  [31/800] f104_crm_eval_group_0030 B z -8.247 (pess -7.919) -> G abstain | valid 17/17 | 3.34s (cem 0.36 refine 2.92 [60 steps] finals 0.05)
  [32/800] f104_crm_eval_group_0031 B z -8.062 (pess -7.641) -> G abstain | valid 17/17 | 3.34s (cem 0.35 refine 2.93 [60 steps] finals 0.05)
  [33/800] f104_crm_eval_group_0032 B z -8.264 (pess -7.925) -> G abstain | valid 17/17 | 3.36s (cem 0.36 refine 2.94 [60 steps] finals 0.05)
  [34/800] f104_crm_eval_group_0033 B z -6.876 (pess -5.721) -> G z -7.578 (pess -7.173) gain 1.450 from round0/sample step 53 | valid 17/17 | 3.37s (cem 0.36 refine 2.95 [60 steps] finals 0.05)
  [35/800] f104_crm_eval_group_0034 B z -8.054 (pess -7.769) -> G abstain | valid 17/17 | 3.35s (cem 0.36 refine 2.93 [60 steps] finals 0.05)
  [36/800] f104_crm_eval_group_0035 B z -7.630 (pess -7.261) -> G z -7.732 (pess -7.610) gain 0.350 from B/sample step 6 | valid 17/17 | 3.36s (cem 0.36 refine 2.94 [60 steps] finals 0.05)
  [37/800] f104_crm_eval_group_0036 B z -8.157 (pess -7.938) -> G abstain | valid 17/17 | 3.37s (cem 0.37 refine 2.93 [60 steps] finals 0.05)
  [38/800] f104_crm_eval_group_0037 B z -7.941 (pess -7.727) -> G abstain | valid 17/17 | 3.35s (cem 0.36 refine 2.93 [60 steps] finals 0.05)
  [39/800] f104_crm_eval_group_0038 B z -8.148 (pess -7.723) -> G abstain | valid 17/17 | 3.35s (cem 0.36 refine 2.94 [60 steps] finals 0.05)
  [40/800] f104_crm_eval_group_0039 B z -8.024 (pess -7.589) -> G abstain | valid 17/17 | 3.36s (cem 0.37 refine 2.93 [60 steps] finals 0.05)
  [41/800] f104_crm_eval_group_0040 B z -8.253 (pess -7.931) -> G abstain | valid 17/17 | 3.38s (cem 0.36 refine 2.95 [60 steps] finals 0.05)
  [42/800] f104_crm_eval_group_0041 B z -8.251 (pess -7.933) -> G abstain | valid 17/17 | 3.41s (cem 0.36 refine 2.99 [60 steps] finals 0.05)
  [43/800] f104_crm_eval_group_0042 B z -8.107 (pess -7.915) -> G abstain | valid 17/17 | 3.36s (cem 0.36 refine 2.94 [60 steps] finals 0.05)
  [44/800] f104_crm_eval_group_0043 B z -8.143 (pess -7.848) -> G abstain | valid 17/17 | 3.39s (cem 0.37 refine 2.96 [60 steps] finals 0.05)
  [45/800] f104_crm_eval_group_0044 B z -8.091 (pess -7.757) -> G abstain | valid 17/17 | 3.39s (cem 0.36 refine 2.97 [60 steps] finals 0.05)
  [46/800] f104_crm_eval_group_0045 B z -8.079 (pess -7.907) -> G abstain | valid 17/17 | 3.40s (cem 0.38 refine 2.96 [60 steps] finals 0.05)
  [47/800] f104_crm_eval_group_0046 B z -8.149 (pess -7.781) -> G abstain | valid 17/17 | 3.40s (cem 0.36 refine 2.98 [60 steps] finals 0.05)
  [48/800] f104_crm_eval_group_0047 B z -8.043 (pess -7.799) -> G abstain | valid 17/17 | 3.36s (cem 0.36 refine 2.94 [60 steps] finals 0.05)
  [49/800] f104_crm_eval_group_0048 B z -8.276 (pess -7.944) -> G abstain | valid 17/17 | 3.36s (cem 0.36 refine 2.94 [60 steps] finals 0.05)
  [50/800] f104_crm_eval_group_0049 B z -8.184 (pess -7.911) -> G abstain | valid 17/17 | 3.39s (cem 0.37 refine 2.96 [60 steps] finals 0.05)
  [51/800] f104_crm_eval_group_0050 B z -8.230 (pess -7.930) -> G abstain | valid 17/17 | 3.37s (cem 0.36 refine 2.94 [60 steps] finals 0.05)
  [52/800] f104_crm_eval_group_0051 B z -8.256 (pess -7.949) -> G abstain | valid 17/17 | 3.37s (cem 0.36 refine 2.96 [60 steps] finals 0.05)
  [53/800] f104_crm_eval_group_0052 B z -8.234 (pess -7.955) -> G abstain | valid 17/17 | 3.39s (cem 0.37 refine 2.97 [60 steps] finals 0.05)
  [54/800] f104_crm_eval_group_0053 B z -7.979 (pess -7.522) -> G abstain | valid 17/17 | 3.37s (cem 0.36 refine 2.95 [60 steps] finals 0.05)
  [55/800] f104_crm_eval_group_0054 B z -7.717 (pess -7.200) -> G z -8.177 (pess -7.745) gain 0.544 from B/sample step 59 | valid 17/17 | 3.37s (cem 0.37 refine 2.94 [60 steps] finals 0.05)
  [56/800] f104_crm_eval_group_0055 B z -7.560 (pess -7.199) -> G z -7.896 (pess -7.692) gain 0.494 from B/sample step 20 | valid 17/17 | 3.36s (cem 0.37 refine 2.93 [60 steps] finals 0.05)
  [57/800] f104_crm_eval_group_0056 B z -8.181 (pess -7.810) -> G abstain | valid 17/17 | 3.37s (cem 0.35 refine 2.95 [60 steps] finals 0.05)
  [58/800] f104_crm_eval_group_0057 B z -8.257 (pess -7.922) -> G abstain | valid 17/17 | 3.38s (cem 0.37 refine 2.95 [60 steps] finals 0.05)
  [59/800] f104_crm_eval_group_0058 B z -8.279 (pess -7.958) -> G abstain | valid 17/17 | 3.37s (cem 0.37 refine 2.93 [60 steps] finals 0.05)
  [60/800] f104_crm_eval_group_0059 B z -8.192 (pess -7.944) -> G abstain | valid 17/17 | 3.41s (cem 0.36 refine 2.99 [60 steps] finals 0.05)
  [61/800] f104_crm_eval_group_0060 B z -8.303 (pess -7.954) -> G abstain | valid 17/17 | 3.37s (cem 0.36 refine 2.95 [60 steps] finals 0.05)
  [62/800] f104_crm_eval_group_0061 B z -8.172 (pess -7.800) -> G abstain | valid 17/17 | 3.35s (cem 0.36 refine 2.94 [60 steps] finals 0.05)
  [63/800] f104_crm_eval_group_0062 B z -8.262 (pess -7.899) -> G abstain | valid 17/17 | 3.38s (cem 0.36 refine 2.96 [60 steps] finals 0.05)
  [64/800] f104_crm_eval_group_0063 B z -8.134 (pess -7.705) -> G abstain | valid 17/17 | 3.38s (cem 0.36 refine 2.95 [60 steps] finals 0.05)
  [65/800] f104_crm_eval_group_0064 B z -8.103 (pess -7.768) -> G abstain | valid 17/17 | 3.36s (cem 0.36 refine 2.93 [60 steps] finals 0.05)
  [66/800] f104_crm_eval_group_0065 B z -8.089 (pess -7.848) -> G abstain | valid 17/17 | 3.37s (cem 0.36 refine 2.94 [60 steps] finals 0.05)
  [67/800] f104_crm_eval_group_0066 B z -8.177 (pess -7.903) -> G abstain | valid 17/17 | 3.39s (cem 0.36 refine 2.96 [60 steps] finals 0.05)
  [68/800] f104_crm_eval_group_0067 B z -8.169 (pess -7.854) -> G abstain | valid 17/17 | 3.36s (cem 0.36 refine 2.94 [60 steps] finals 0.05)
  [69/800] f104_crm_eval_group_0068 B z -8.268 (pess -7.931) -> G abstain | valid 17/17 | 3.36s (cem 0.37 refine 2.94 [60 steps] finals 0.05)
  [70/800] f104_crm_eval_group_0069 B z -8.291 (pess -7.951) -> G abstain | valid 17/17 | 3.37s (cem 0.36 refine 2.94 [60 steps] finals 0.05)
  [71/800] f104_crm_eval_group_0070 B z -8.293 (pess -7.945) -> G abstain | valid 17/17 | 3.37s (cem 0.36 refine 2.95 [60 steps] finals 0.05)
  [72/800] f104_crm_eval_group_0071 B z -8.259 (pess -7.916) -> G abstain | valid 17/17 | 3.38s (cem 0.38 refine 2.94 [60 steps] finals 0.05)
  [73/800] f104_crm_eval_group_0072 B z -7.783 (pess -7.538) -> G abstain | valid 17/17 | 3.39s (cem 0.38 refine 2.94 [60 steps] finals 0.05)
  [74/800] f104_crm_eval_group_0073 B z -7.370 (pess -6.887) -> G z -7.659 (pess -7.485) gain 0.598 from B/mean step 10 | valid 17/17 | 3.36s (cem 0.36 refine 2.94 [60 steps] finals 0.05)
  [75/800] f104_crm_eval_group_0074 B z -8.229 (pess -7.884) -> G abstain | valid 17/17 | 3.39s (cem 0.36 refine 2.96 [60 steps] finals 0.05)
  [76/800] f104_crm_eval_group_0075 B z -7.919 (pess -7.656) -> G abstain | valid 17/17 | 3.36s (cem 0.37 refine 2.93 [60 steps] finals 0.05)
  [77/800] f104_crm_eval_group_0076 B z -8.201 (pess -7.854) -> G abstain | valid 17/17 | 3.36s (cem 0.36 refine 2.94 [60 steps] finals 0.05)
  [78/800] f104_crm_eval_group_0077 B z -8.186 (pess -7.891) -> G abstain | valid 17/17 | 3.42s (cem 0.36 refine 3.01 [60 steps] finals 0.05)
  [79/800] f104_crm_eval_group_0078 B z -8.135 (pess -7.866) -> G abstain | valid 17/17 | 3.37s (cem 0.36 refine 2.94 [60 steps] finals 0.05)
  [80/800] f104_crm_eval_group_0079 B z -8.273 (pess -7.933) -> G abstain | valid 17/17 | 3.37s (cem 0.38 refine 2.93 [60 steps] finals 0.05)
  [81/800] f104_crm_eval_group_0080 B z -8.257 (pess -7.910) -> G abstain | valid 17/17 | 3.38s (cem 0.36 refine 2.96 [60 steps] finals 0.05)
  [82/800] f104_crm_eval_group_0081 B z -8.271 (pess -7.933) -> G abstain | valid 17/17 | 3.37s (cem 0.37 refine 2.93 [60 steps] finals 0.05)
  [83/800] f104_crm_eval_group_0082 B z -7.904 (pess -7.608) -> G abstain | valid 17/17 | 3.36s (cem 0.36 refine 2.94 [60 steps] finals 0.05)
  [84/800] f104_crm_eval_group_0083 B z -4.369 (pess -3.363) -> G z -6.492 (pess -5.698) gain 2.332 from B/sample step 43 | valid 17/17 | 3.37s (cem 0.37 refine 2.94 [60 steps] finals 0.05)
  [85/800] f104_crm_eval_group_0084 B z -5.969 (pess -3.051) -> G z -7.433 (pess -6.923) gain 3.876 from B/sample step 45 | valid 17/17 | 3.37s (cem 0.37 refine 2.94 [60 steps] finals 0.05)
  [86/800] f104_crm_eval_group_0085 B z -7.950 (pess -7.537) -> G abstain | valid 17/17 | 3.35s (cem 0.36 refine 2.93 [60 steps] finals 0.05)
  [87/800] f104_crm_eval_group_0086 B z -8.147 (pess -7.832) -> G abstain | valid 17/17 | 3.35s (cem 0.36 refine 2.93 [60 steps] finals 0.05)
  [88/800] f104_crm_eval_group_0087 B z -8.067 (pess -7.759) -> G abstain | valid 17/17 | 3.37s (cem 0.37 refine 2.94 [60 steps] finals 0.05)
  [89/800] f104_crm_eval_group_0088 B z -8.238 (pess -7.896) -> G abstain | valid 17/17 | 3.36s (cem 0.37 refine 2.93 [60 steps] finals 0.05)
  [90/800] f104_crm_eval_group_0089 B z -8.212 (pess -7.891) -> G abstain | valid 17/17 | 3.37s (cem 0.36 refine 2.95 [60 steps] finals 0.05)
  [91/800] f104_crm_eval_group_0090 B z -8.188 (pess -7.941) -> G abstain | valid 17/17 | 3.37s (cem 0.37 refine 2.94 [60 steps] finals 0.05)
  [92/800] f104_crm_eval_group_0091 B z -8.080 (pess -7.777) -> G abstain | valid 17/17 | 3.37s (cem 0.37 refine 2.94 [60 steps] finals 0.05)
  [93/800] f104_crm_eval_group_0092 B z -7.105 (pess -6.593) -> G z -7.291 (pess -7.029) gain 0.437 from round0/sample step 29 | valid 17/17 | 3.38s (cem 0.36 refine 2.96 [60 steps] finals 0.05)
  [94/800] f104_crm_eval_group_0093 B z -7.456 (pess -7.027) -> G z -7.779 (pess -7.362) gain 0.335 from B/sample step 57 | valid 17/17 | 3.34s (cem 0.37 refine 2.91 [60 steps] finals 0.05)
  [95/800] f104_crm_eval_group_0094 B z -8.138 (pess -7.882) -> G abstain | valid 17/17 | 3.37s (cem 0.36 refine 2.95 [60 steps] finals 0.05)
  [96/800] f104_crm_eval_group_0095 B z -7.469 (pess -5.783) -> G z -8.127 (pess -7.819) gain 2.039 from round0/anchor step 57 | valid 17/17 | 3.39s (cem 0.38 refine 2.96 [60 steps] finals 0.05)
  [97/800] f104_crm_eval_group_0096 B z -8.151 (pess -7.876) -> G abstain | valid 17/17 | 3.37s (cem 0.37 refine 2.94 [60 steps] finals 0.05)
  [98/800] f104_crm_eval_group_0097 B z -8.162 (pess -7.872) -> G abstain | valid 17/17 | 3.36s (cem 0.36 refine 2.94 [60 steps] finals 0.05)
  [99/800] f104_crm_eval_group_0098 B z -8.012 (pess -7.419) -> G z -8.153 (pess -7.725) gain 0.306 from B/sample step 28 | valid 17/17 | 3.38s (cem 0.36 refine 2.95 [60 steps] finals 0.05)
  [100/800] f104_crm_eval_group_0099 B z -8.244 (pess -7.930) -> G abstain | valid 17/17 | 3.35s (cem 0.35 refine 2.93 [60 steps] finals 0.05)
  [101/800] f104_crm_eval_group_0100 B z -8.244 (pess -7.917) -> G abstain | valid 17/17 | 3.36s (cem 0.36 refine 2.94 [60 steps] finals 0.05)
  [102/800] f104_crm_eval_group_0101 B z -8.187 (pess -7.822) -> G abstain | valid 17/17 | 3.35s (cem 0.35 refine 2.94 [60 steps] finals 0.05)
  [103/800] f104_crm_eval_group_0102 B z -8.185 (pess -7.810) -> G abstain | valid 17/17 | 3.36s (cem 0.36 refine 2.94 [60 steps] finals 0.05)
  [104/800] f104_crm_eval_group_0103 B z -8.274 (pess -7.939) -> G abstain | valid 17/17 | 3.37s (cem 0.36 refine 2.96 [60 steps] finals 0.05)
  [105/800] f104_crm_eval_group_0104 B z -8.143 (pess -7.825) -> G abstain | valid 17/17 | 3.39s (cem 0.38 refine 2.95 [60 steps] finals 0.05)
  [106/800] f104_crm_eval_group_0105 B z -8.113 (pess -7.907) -> G abstain | valid 17/17 | 3.40s (cem 0.36 refine 2.97 [60 steps] finals 0.05)
  [107/800] f104_crm_eval_group_0106 B z -8.226 (pess -7.871) -> G abstain | valid 17/17 | 3.36s (cem 0.36 refine 2.94 [60 steps] finals 0.05)
  [108/800] f104_crm_eval_group_0107 B z -8.219 (pess -7.913) -> G abstain | valid 17/17 | 3.37s (cem 0.37 refine 2.94 [60 steps] finals 0.05)
  [109/800] f104_crm_eval_group_0108 B z -8.206 (pess -7.948) -> G abstain | valid 17/17 | 3.41s (cem 0.39 refine 2.95 [60 steps] finals 0.05)
  [110/800] f104_crm_eval_group_0109 B z -8.026 (pess -7.713) -> G abstain | valid 17/17 | 3.38s (cem 0.37 refine 2.95 [60 steps] finals 0.05)
  [111/800] f104_crm_eval_group_0110 B z -7.096 (pess -5.951) -> G z -8.104 (pess -7.842) gain 1.891 from round0/sample step 59 | valid 17/17 | 3.37s (cem 0.36 refine 2.95 [60 steps] finals 0.05)
  [112/800] f104_crm_eval_group_0111 B z -8.217 (pess -7.888) -> G abstain | valid 17/17 | 3.37s (cem 0.37 refine 2.93 [60 steps] finals 0.05)
  [113/800] f104_crm_eval_group_0112 B z -8.194 (pess -7.967) -> G abstain | valid 17/17 | 3.39s (cem 0.37 refine 2.96 [60 steps] finals 0.05)
  [114/800] f104_crm_eval_group_0113 B z -7.864 (pess -7.760) -> G abstain | valid 17/17 | 3.37s (cem 0.38 refine 2.93 [60 steps] finals 0.05)
  [115/800] f104_crm_eval_group_0114 B z -7.889 (pess -7.321) -> G z -8.080 (pess -7.667) gain 0.346 from round0/anchor step 59 | valid 17/17 | 3.36s (cem 0.36 refine 2.93 [60 steps] finals 0.05)
  [116/800] f104_crm_eval_group_0115 B z -7.918 (pess -7.679) -> G abstain | valid 17/17 | 3.36s (cem 0.36 refine 2.94 [60 steps] finals 0.05)
  [117/800] f104_crm_eval_group_0116 B z -8.102 (pess -7.860) -> G abstain | valid 17/17 | 3.36s (cem 0.36 refine 2.95 [60 steps] finals 0.05)
  [118/800] f104_crm_eval_group_0117 B z -8.219 (pess -7.884) -> G abstain | valid 17/17 | 3.36s (cem 0.36 refine 2.94 [60 steps] finals 0.05)
  [119/800] f104_crm_eval_group_0118 B z -8.076 (pess -7.633) -> G abstain | valid 17/17 | 3.39s (cem 0.38 refine 2.94 [60 steps] finals 0.05)
  [120/800] f104_crm_eval_group_0119 B z -8.145 (pess -7.868) -> G abstain | valid 17/17 | 3.36s (cem 0.37 refine 2.93 [60 steps] finals 0.05)
  [121/800] f104_crm_eval_group_0120 B z -8.243 (pess -7.866) -> G abstain | valid 17/17 | 3.37s (cem 0.37 refine 2.94 [60 steps] finals 0.05)
  [122/800] f104_crm_eval_group_0121 B z -8.074 (pess -7.563) -> G abstain | valid 17/17 | 3.14s (cem 0.36 refine 2.72 [60 steps] finals 0.05)
  [123/800] f104_crm_eval_group_0122 B z -8.093 (pess -7.893) -> G abstain | valid 17/17 | 3.38s (cem 0.38 refine 2.94 [60 steps] finals 0.05)
  [124/800] f104_crm_eval_group_0123 B z -7.905 (pess -6.973) -> G z -8.022 (pess -7.586) gain 0.611 from B/sample step 26 | valid 17/17 | 3.35s (cem 0.36 refine 2.93 [60 steps] finals 0.05)
  [125/800] f104_crm_eval_group_0124 B z -6.682 (pess -5.498) -> G z -7.784 (pess -7.088) gain 1.590 from B/sample step 48 | valid 17/17 | 3.36s (cem 0.36 refine 2.93 [60 steps] finals 0.05)
  [126/800] f104_crm_eval_group_0125 B z -6.544 (pess -5.901) -> G z -7.839 (pess -7.455) gain 1.555 from round0/sample step 43 | valid 17/17 | 3.36s (cem 0.36 refine 2.94 [60 steps] finals 0.05)
  [127/800] f104_crm_eval_group_0126 B z -8.102 (pess -7.886) -> G abstain | valid 17/17 | 3.36s (cem 0.36 refine 2.94 [60 steps] finals 0.05)
  [128/800] f104_crm_eval_group_0127 B z -8.220 (pess -7.896) -> G abstain | valid 17/17 | 3.30s (cem 0.37 refine 2.87 [60 steps] finals 0.05)
  [129/800] f104_crm_eval_group_0128 B z -8.257 (pess -7.929) -> G abstain | valid 17/17 | 3.36s (cem 0.36 refine 2.94 [60 steps] finals 0.05)
  [130/800] f104_crm_eval_group_0129 B z -8.217 (pess -7.899) -> G abstain | valid 17/17 | 3.38s (cem 0.37 refine 2.94 [60 steps] finals 0.05)
  [131/800] f104_crm_eval_group_0130 B z -8.213 (pess -7.928) -> G abstain | valid 17/17 | 3.42s (cem 0.36 refine 3.00 [60 steps] finals 0.05)
  [132/800] f104_crm_eval_group_0131 B z -8.271 (pess -7.913) -> G abstain | valid 17/17 | 3.38s (cem 0.39 refine 2.92 [60 steps] finals 0.05)
  [133/800] f104_crm_eval_group_0132 B z -8.233 (pess -7.912) -> G abstain | valid 17/17 | 3.41s (cem 0.36 refine 2.98 [60 steps] finals 0.05)
  [134/800] f104_crm_eval_group_0133 B z -7.460 (pess -6.501) -> G z -7.937 (pess -7.583) gain 1.086 from B/sample step 59 | valid 17/17 | 3.41s (cem 0.38 refine 2.98 [60 steps] finals 0.05)
  [135/800] f104_crm_eval_group_0134 B z -8.121 (pess -7.686) -> G abstain | valid 17/17 | 3.40s (cem 0.38 refine 2.95 [60 steps] finals 0.05)
  [136/800] f104_crm_eval_group_0135 B z -7.109 (pess -6.869) -> G z -7.830 (pess -7.555) gain 0.686 from round0/anchor step 60 | valid 17/17 | 3.38s (cem 0.37 refine 2.95 [60 steps] finals 0.05)
  [137/800] f104_crm_eval_group_0136 B z -8.211 (pess -7.921) -> G abstain | valid 17/17 | 3.41s (cem 0.37 refine 2.97 [60 steps] finals 0.05)
  [138/800] f104_crm_eval_group_0137 B z -4.249 (pess -1.049) -> G z -7.475 (pess -6.925) gain 5.876 from B/sample step 60 | valid 17/17 | 3.42s (cem 0.37 refine 2.99 [60 steps] finals 0.05)
  [139/800] f104_crm_eval_group_0138 B z -8.138 (pess -7.643) -> G abstain | valid 17/17 | 3.47s (cem 0.41 refine 3.00 [60 steps] finals 0.05)
  [140/800] f104_crm_eval_group_0139 B z -8.303 (pess -7.902) -> G abstain | valid 17/17 | 3.31s (cem 0.37 refine 2.88 [60 steps] finals 0.05)
  [141/800] f104_crm_eval_group_0140 B z -8.279 (pess -7.923) -> G abstain | valid 17/17 | 3.70s (cem 0.41 refine 3.23 [60 steps] finals 0.05)
  [142/800] f104_crm_eval_group_0141 B z -7.891 (pess -7.657) -> G abstain | valid 17/17 | 3.86s (cem 0.39 refine 3.41 [60 steps] finals 0.05)
  [143/800] f104_crm_eval_group_0142 B z -8.122 (pess -7.791) -> G abstain | valid 17/17 | 3.58s (cem 0.40 refine 3.12 [60 steps] finals 0.06)
  [144/800] f104_crm_eval_group_0143 B z -7.811 (pess -7.269) -> G z -8.023 (pess -7.618) gain 0.350 from B/sample step 60 | valid 17/17 | 3.43s (cem 0.38 refine 2.98 [60 steps] finals 0.05)
  [145/800] f104_crm_eval_group_0144 B z -7.668 (pess -7.302) -> G z -8.029 (pess -7.713) gain 0.410 from B/sample step 60 | valid 17/17 | 3.39s (cem 0.37 refine 2.96 [60 steps] finals 0.05)
  [146/800] f104_crm_eval_group_0145 B z -8.132 (pess -7.859) -> G abstain | valid 17/17 | 3.42s (cem 0.38 refine 2.97 [60 steps] finals 0.05)
  [147/800] f104_crm_eval_group_0146 B z -8.181 (pess -7.881) -> G abstain | valid 17/17 | 3.39s (cem 0.36 refine 2.97 [60 steps] finals 0.05)
  [148/800] f104_crm_eval_group_0147 B z -7.601 (pess -7.314) -> G z -7.964 (pess -7.622) gain 0.307 from B/sample step 60 | valid 17/17 | 3.42s (cem 0.37 refine 2.99 [60 steps] finals 0.05)
  [149/800] f104_crm_eval_group_0148 B z -7.889 (pess -7.603) -> G abstain | valid 17/17 | 3.50s (cem 0.38 refine 3.06 [60 steps] finals 0.05)
  [150/800] f104_crm_eval_group_0149 B z -8.228 (pess -7.905) -> G abstain | valid 17/17 | 3.40s (cem 0.36 refine 2.98 [60 steps] finals 0.05)
  [151/800] f104_crm_eval_group_0150 B z -8.277 (pess -7.943) -> G abstain | valid 17/17 | 3.41s (cem 0.35 refine 2.99 [60 steps] finals 0.05)
  [152/800] f104_crm_eval_group_0151 B z -8.135 (pess -7.806) -> G abstain | valid 17/17 | 3.36s (cem 0.36 refine 2.95 [60 steps] finals 0.05)
  [153/800] f104_crm_eval_group_0152 B z -8.252 (pess -7.941) -> G abstain | valid 17/17 | 3.37s (cem 0.36 refine 2.94 [60 steps] finals 0.05)
  [154/800] f104_crm_eval_group_0153 B z -2.724 (pess 0.216) -> G z -4.927 (pess -3.006) gain 3.226 from B/anchor step 7 | valid 17/17 | 3.35s (cem 0.35 refine 2.94 [60 steps] finals 0.05)
  [155/800] f104_crm_eval_group_0154 B z -7.732 (pess -7.481) -> G abstain | valid 17/17 | 3.36s (cem 0.36 refine 2.93 [60 steps] finals 0.05)
  [156/800] f104_crm_eval_group_0155 B z -8.214 (pess -7.890) -> G abstain | valid 17/17 | 3.39s (cem 0.37 refine 2.96 [60 steps] finals 0.05)
  [157/800] f104_crm_eval_group_0156 B z -8.164 (pess -7.817) -> G abstain | valid 17/17 | 3.38s (cem 0.37 refine 2.95 [60 steps] finals 0.05)
  [158/800] f104_crm_eval_group_0157 B z -8.198 (pess -7.889) -> G abstain | valid 17/17 | 3.39s (cem 0.37 refine 2.95 [60 steps] finals 0.05)
  [159/800] f104_crm_eval_group_0158 B z -8.280 (pess -7.927) -> G abstain | valid 17/17 | 3.37s (cem 0.37 refine 2.94 [60 steps] finals 0.05)
  [160/800] f104_crm_eval_group_0159 B z -8.187 (pess -7.944) -> G abstain | valid 17/17 | 3.38s (cem 0.37 refine 2.94 [60 steps] finals 0.05)
  [161/800] f104_crm_eval_group_0160 B z -8.203 (pess -7.925) -> G abstain | valid 17/17 | 3.36s (cem 0.36 refine 2.94 [60 steps] finals 0.05)
  [162/800] f104_crm_eval_group_0161 B z -8.244 (pess -7.928) -> G abstain | valid 17/17 | 3.36s (cem 0.35 refine 2.94 [60 steps] finals 0.05)
  [163/800] f104_crm_eval_group_0162 B z -7.650 (pess -7.273) -> G z -8.045 (pess -7.610) gain 0.336 from B/sample step 60 | valid 17/17 | 3.41s (cem 0.40 refine 2.94 [60 steps] finals 0.05)
  [164/800] f104_crm_eval_group_0163 B z -8.071 (pess -7.785) -> G abstain | valid 17/17 | 3.38s (cem 0.36 refine 2.96 [60 steps] finals 0.05)
  [165/800] f104_crm_eval_group_0164 B z -8.169 (pess -7.837) -> G abstain | valid 17/17 | 3.36s (cem 0.36 refine 2.94 [60 steps] finals 0.05)
  [166/800] f104_crm_eval_group_0165 B z -7.916 (pess -7.783) -> G abstain | valid 17/17 | 3.37s (cem 0.36 refine 2.95 [60 steps] finals 0.05)
  [167/800] f104_crm_eval_group_0166 B z -8.216 (pess -7.858) -> G abstain | valid 17/17 | 3.38s (cem 0.37 refine 2.95 [60 steps] finals 0.05)
  [168/800] f104_crm_eval_group_0167 B z -8.071 (pess -7.816) -> G abstain | valid 17/17 | 3.39s (cem 0.36 refine 2.97 [60 steps] finals 0.05)
  [169/800] f104_crm_eval_group_0168 B z -8.268 (pess -7.945) -> G abstain | valid 17/17 | 3.37s (cem 0.37 refine 2.94 [60 steps] finals 0.05)
  [170/800] f104_crm_eval_group_0169 B z -8.289 (pess -7.950) -> G abstain | valid 17/17 | 3.38s (cem 0.37 refine 2.96 [60 steps] finals 0.05)
  [171/800] f104_crm_eval_group_0170 B z -8.313 (pess -7.937) -> G abstain | valid 17/17 | 3.40s (cem 0.37 refine 2.96 [60 steps] finals 0.05)
  [172/800] f104_crm_eval_group_0171 B z -7.465 (pess -7.229) -> G abstain | valid 17/17 | 3.38s (cem 0.37 refine 2.95 [60 steps] finals 0.05)
  [173/800] f104_crm_eval_group_0172 B z -7.736 (pess -6.295) -> G z -8.067 (pess -7.789) gain 1.494 from round0/anchor step 56 | valid 17/17 | 3.37s (cem 0.37 refine 2.94 [60 steps] finals 0.05)
  [174/800] f104_crm_eval_group_0173 B z -7.922 (pess -7.752) -> G abstain | valid 17/17 | 3.38s (cem 0.37 refine 2.95 [60 steps] finals 0.05)
  [175/800] f104_crm_eval_group_0174 B z -4.376 (pess -1.483) -> G z -7.916 (pess -7.509) gain 6.021 from B/sample step 10 | valid 17/17 | 3.37s (cem 0.36 refine 2.94 [60 steps] finals 0.05)
  [176/800] f104_crm_eval_group_0175 B z -8.047 (pess -7.803) -> G abstain | valid 17/17 | 3.36s (cem 0.36 refine 2.94 [60 steps] finals 0.05)
  [177/800] f104_crm_eval_group_0176 B z -8.147 (pess -7.881) -> G abstain | valid 17/17 | 3.39s (cem 0.37 refine 2.97 [60 steps] finals 0.05)
  [178/800] f104_crm_eval_group_0177 B z -8.200 (pess -7.848) -> G abstain | valid 17/17 | 3.39s (cem 0.37 refine 2.96 [60 steps] finals 0.05)
  [179/800] f104_crm_eval_group_0178 B z -8.272 (pess -7.966) -> G abstain | valid 17/17 | 3.39s (cem 0.37 refine 2.96 [60 steps] finals 0.05)
  [180/800] f104_crm_eval_group_0179 B z -8.298 (pess -7.946) -> G abstain | valid 17/17 | 3.40s (cem 0.36 refine 2.97 [60 steps] finals 0.05)
  [181/800] f104_crm_eval_group_0180 B z -8.294 (pess -7.941) -> G abstain | valid 17/17 | 3.26s (cem 0.37 refine 2.82 [57 steps] finals 0.05)
  [182/800] f104_crm_eval_group_0181 B z -8.225 (pess -7.941) -> G abstain | valid 17/17 | 3.37s (cem 0.36 refine 2.95 [60 steps] finals 0.05)
  [183/800] f104_crm_eval_group_0182 B z -8.256 (pess -7.939) -> G abstain | valid 17/17 | 3.39s (cem 0.38 refine 2.95 [60 steps] finals 0.05)
  [184/800] f104_crm_eval_group_0183 B z -6.065 (pess -2.648) -> G z -7.831 (pess -7.563) gain 4.914 from B/sample step 36 | valid 17/17 | 3.45s (cem 0.37 refine 3.02 [60 steps] finals 0.05)
  [185/800] f104_crm_eval_group_0184 B z -7.903 (pess -7.578) -> G abstain | valid 17/17 | 3.37s (cem 0.36 refine 2.95 [60 steps] finals 0.05)
  [186/800] f104_crm_eval_group_0185 B z -8.148 (pess -7.893) -> G abstain | valid 17/17 | 3.40s (cem 0.37 refine 2.96 [60 steps] finals 0.05)
  [187/800] f104_crm_eval_group_0186 B z -8.143 (pess -7.899) -> G abstain | valid 17/17 | 3.37s (cem 0.36 refine 2.94 [60 steps] finals 0.05)
  [188/800] f104_crm_eval_group_0187 B z -8.211 (pess -7.868) -> G abstain | valid 17/17 | 3.42s (cem 0.37 refine 2.98 [60 steps] finals 0.05)
  [189/800] f104_crm_eval_group_0188 B z -3.273 (pess 0.612) -> G z -5.679 (pess -4.133) gain 4.746 from round0/sample step 53 | valid 17/17 | 3.51s (cem 0.38 refine 3.07 [60 steps] finals 0.05)
  [190/800] f104_crm_eval_group_0189 B z -8.182 (pess -7.869) -> G abstain | valid 17/17 | 3.38s (cem 0.36 refine 2.96 [60 steps] finals 0.05)
  [191/800] f104_crm_eval_group_0190 B z -8.316 (pess -7.945) -> G abstain | valid 17/17 | 3.29s (cem 0.37 refine 2.86 [60 steps] finals 0.05)
  [192/800] f104_crm_eval_group_0191 B z -8.182 (pess -7.863) -> G abstain | valid 17/17 | 3.42s (cem 0.37 refine 2.99 [60 steps] finals 0.05)
  [193/800] f104_crm_eval_group_0192 B z -6.599 (pess -5.322) -> G z -7.483 (pess -7.200) gain 1.878 from B/sample step 15 | valid 17/17 | 3.36s (cem 0.37 refine 2.93 [60 steps] finals 0.05)
  [194/800] f104_crm_eval_group_0193 B z -8.055 (pess -7.805) -> G abstain | valid 17/17 | 3.39s (cem 0.38 refine 2.94 [60 steps] finals 0.05)
  [195/800] f104_crm_eval_group_0194 B z -6.780 (pess -5.483) -> G z -7.036 (pess -6.478) gain 0.997 from B/sample step 11 | valid 17/17 | 3.35s (cem 0.36 refine 2.94 [60 steps] finals 0.05)
  [196/800] f104_crm_eval_group_0195 B z -7.945 (pess -7.316) -> G z -8.014 (pess -7.806) gain 0.490 from round0/sample step 60 | valid 17/17 | 3.38s (cem 0.37 refine 2.95 [60 steps] finals 0.05)
  [197/800] f104_crm_eval_group_0196 B z -8.158 (pess -7.873) -> G abstain | valid 17/17 | 3.37s (cem 0.37 refine 2.95 [60 steps] finals 0.05)
  [198/800] f104_crm_eval_group_0197 B z -8.229 (pess -7.886) -> G abstain | valid 17/17 | 3.37s (cem 0.38 refine 2.93 [60 steps] finals 0.05)
  [199/800] f104_crm_eval_group_0198 B z -8.220 (pess -7.922) -> G abstain | valid 17/17 | 3.38s (cem 0.36 refine 2.96 [60 steps] finals 0.05)
  [200/800] f104_crm_eval_group_0199 B z -8.137 (pess -7.805) -> G abstain | valid 17/17 | 3.39s (cem 0.38 refine 2.95 [60 steps] finals 0.05)
  [201/800] f104_pair_group_0000 B z -7.815 (pess -7.335) -> G z -8.025 (pess -7.747) gain 0.412 from round0/sample step 54 | valid 17/17 | 3.39s (cem 0.37 refine 2.96 [60 steps] finals 0.05)
  [202/800] f104_pair_group_0001 B z -8.134 (pess -7.779) -> G abstain | valid 17/17 | 3.44s (cem 0.36 refine 3.02 [60 steps] finals 0.05)
  [203/800] f104_pair_group_0002 B z -8.231 (pess -7.851) -> G abstain | valid 17/17 | 3.37s (cem 0.36 refine 2.95 [60 steps] finals 0.05)
  [204/800] f104_pair_group_0003 B z -7.812 (pess -7.275) -> G z -8.041 (pess -7.884) gain 0.609 from B/sample step 15 | valid 17/17 | 3.41s (cem 0.39 refine 2.95 [60 steps] finals 0.05)
  [205/800] f104_pair_group_0004 B z -2.518 (pess -0.132) -> G z -5.088 (pess -2.988) gain 2.857 from round0/sample step 58 | valid 17/17 | 3.42s (cem 0.37 refine 3.00 [60 steps] finals 0.05)
  [206/800] f104_pair_group_0005 B z -8.146 (pess -7.893) -> G abstain | valid 17/17 | 3.38s (cem 0.36 refine 2.95 [60 steps] finals 0.05)
  [207/800] f104_pair_group_0006 B z -7.999 (pess -7.757) -> G abstain | valid 17/17 | 3.41s (cem 0.37 refine 2.98 [60 steps] finals 0.05)
  [208/800] f104_pair_group_0007 B z -8.130 (pess -7.871) -> G abstain | valid 17/17 | 3.41s (cem 0.36 refine 2.99 [60 steps] finals 0.05)
  [209/800] f104_pair_group_0008 B z -7.884 (pess -7.506) -> G abstain | valid 17/17 | 3.41s (cem 0.37 refine 2.98 [60 steps] finals 0.05)
  [210/800] f104_pair_group_0009 B z -8.257 (pess -7.909) -> G abstain | valid 17/17 | 3.42s (cem 0.38 refine 2.97 [60 steps] finals 0.05)
  [211/800] f104_pair_group_0010 B z -8.279 (pess -7.951) -> G abstain | valid 17/17 | 3.40s (cem 0.37 refine 2.96 [60 steps] finals 0.05)
  [212/800] f104_pair_group_0011 B z -8.162 (pess -7.810) -> G abstain | valid 17/17 | 3.37s (cem 0.37 refine 2.94 [60 steps] finals 0.05)
  [213/800] f104_pair_group_0012 B z -8.268 (pess -7.909) -> G abstain | valid 17/17 | 3.36s (cem 0.36 refine 2.94 [60 steps] finals 0.05)
  [214/800] f104_pair_group_0013 B z -8.258 (pess -7.929) -> G abstain | valid 17/17 | 3.38s (cem 0.36 refine 2.95 [60 steps] finals 0.05)
  [215/800] f104_pair_group_0014 B z -8.228 (pess -7.939) -> G abstain | valid 17/17 | 3.36s (cem 0.36 refine 2.94 [60 steps] finals 0.05)
  [216/800] f104_pair_group_0015 B z -8.181 (pess -7.776) -> G abstain | valid 17/17 | 3.40s (cem 0.38 refine 2.96 [60 steps] finals 0.05)
  [217/800] f104_pair_group_0016 B z -6.785 (pess -5.203) -> G z -7.472 (pess -6.948) gain 1.746 from B/sample step 59 | valid 17/17 | 3.36s (cem 0.37 refine 2.94 [60 steps] finals 0.05)
  [218/800] f104_pair_group_0017 B z -8.029 (pess -7.615) -> G abstain | valid 17/17 | 3.37s (cem 0.36 refine 2.95 [60 steps] finals 0.05)
  [219/800] f104_pair_group_0018 B z -8.221 (pess -7.854) -> G abstain | valid 17/17 | 3.37s (cem 0.36 refine 2.94 [60 steps] finals 0.05)
  [220/800] f104_pair_group_0019 B z -8.282 (pess -7.928) -> G abstain | valid 17/17 | 3.42s (cem 0.37 refine 2.98 [60 steps] finals 0.05)
  [221/800] f104_pair_group_0020 B z -8.271 (pess -7.935) -> G abstain | valid 17/17 | 3.39s (cem 0.38 refine 2.95 [60 steps] finals 0.05)
  [222/800] f104_pair_group_0021 B z -5.293 (pess -4.146) -> G z -6.873 (pess -6.759) gain 2.615 from round0/anchor step 26 | valid 17/17 | 3.38s (cem 0.37 refine 2.95 [60 steps] finals 0.05)
  [223/800] f104_pair_group_0022 B z -8.168 (pess -7.905) -> G abstain | valid 17/17 | 3.43s (cem 0.39 refine 2.97 [60 steps] finals 0.05)
  [224/800] f104_pair_group_0023 B z -8.263 (pess -7.937) -> G abstain | valid 17/17 | 3.41s (cem 0.38 refine 2.96 [60 steps] finals 0.05)
  [225/800] f104_pair_group_0024 B z -8.300 (pess -7.898) -> G abstain | valid 17/17 | 3.38s (cem 0.36 refine 2.95 [60 steps] finals 0.05)
  [226/800] f104_pair_group_0025 B z -8.135 (pess -7.777) -> G abstain | valid 17/17 | 3.37s (cem 0.37 refine 2.94 [60 steps] finals 0.05)
  [227/800] f104_pair_group_0026 B z -8.208 (pess -7.874) -> G abstain | valid 17/17 | 3.38s (cem 0.36 refine 2.95 [60 steps] finals 0.05)
  [228/800] f104_pair_group_0027 B z -8.034 (pess -7.561) -> G abstain | valid 17/17 | 3.36s (cem 0.36 refine 2.94 [60 steps] finals 0.05)
  [229/800] f104_pair_group_0028 B z -1.050 (pess 1.171) -> G z -5.383 (pess -4.241) gain 5.413 from round0/sample step 52 | valid 17/17 | 3.34s (cem 0.36 refine 2.93 [60 steps] finals 0.05)
  [230/800] f104_pair_group_0029 B z -7.786 (pess -7.533) -> G abstain | valid 17/17 | 3.37s (cem 0.37 refine 2.94 [60 steps] finals 0.05)
  [231/800] f104_pair_group_0030 B z -8.116 (pess -7.836) -> G abstain | valid 17/17 | 3.39s (cem 0.37 refine 2.95 [60 steps] finals 0.05)
  [232/800] f104_pair_group_0031 B z -7.966 (pess -7.603) -> G abstain | valid 17/17 | 3.37s (cem 0.37 refine 2.95 [60 steps] finals 0.05)
  [233/800] f104_pair_group_0032 B z -7.981 (pess -7.416) -> G z -8.187 (pess -7.733) gain 0.316 from B/sample step 60 | valid 17/17 | 3.37s (cem 0.36 refine 2.95 [60 steps] finals 0.05)
  [234/800] f104_pair_group_0033 B z -3.736 (pess 1.132) -> G z -7.732 (pess -7.513) gain 8.645 from round0/sample step 60 | valid 17/17 | 3.43s (cem 0.39 refine 2.98 [60 steps] finals 0.05)
  [235/800] f104_pair_group_0034 B z -8.178 (pess -7.886) -> G abstain | valid 17/17 | 3.22s (cem 0.40 refine 2.74 [60 steps] finals 0.06)
  [236/800] f104_pair_group_0035 B z -8.243 (pess -7.879) -> G abstain | valid 17/17 | 3.42s (cem 0.39 refine 2.96 [60 steps] finals 0.06)
  [237/800] f104_pair_group_0036 B z -7.991 (pess -7.570) -> G z -8.161 (pess -7.900) gain 0.330 from round0/sample step 53 | valid 17/17 | 3.39s (cem 0.36 refine 2.97 [60 steps] finals 0.05)
  [238/800] f104_pair_group_0037 B z -7.893 (pess -7.381) -> G abstain | valid 17/17 | 3.39s (cem 0.36 refine 2.97 [60 steps] finals 0.05)
  [239/800] f104_pair_group_0038 B z -7.055 (pess -5.975) -> G z -7.643 (pess -7.217) gain 1.242 from B/sample step 46 | valid 17/17 | 3.37s (cem 0.36 refine 2.95 [60 steps] finals 0.05)
  [240/800] f104_pair_group_0039 B z -8.079 (pess -7.858) -> G abstain | valid 17/17 | 3.39s (cem 0.38 refine 2.94 [60 steps] finals 0.05)
  [241/800] f104_pair_group_0040 B z -7.693 (pess -7.517) -> G abstain | valid 17/17 | 3.36s (cem 0.36 refine 2.94 [60 steps] finals 0.05)
  [242/800] f104_pair_group_0041 B z -7.976 (pess -7.579) -> G z -8.031 (pess -7.935) gain 0.356 from round0/sample step 32 | valid 17/17 | 3.39s (cem 0.36 refine 2.97 [60 steps] finals 0.05)
  [243/800] f104_pair_group_0042 B z -8.089 (pess -7.809) -> G abstain | valid 17/17 | 3.40s (cem 0.36 refine 2.97 [60 steps] finals 0.05)
  [244/800] f104_pair_group_0043 B z -8.107 (pess -7.895) -> G abstain | valid 17/17 | 3.39s (cem 0.37 refine 2.95 [60 steps] finals 0.05)
  [245/800] f104_pair_group_0044 B z -8.258 (pess -7.909) -> G abstain | valid 17/17 | 3.43s (cem 0.39 refine 2.97 [60 steps] finals 0.05)
  [246/800] f104_pair_group_0045 B z -8.265 (pess -7.908) -> G abstain | valid 17/17 | 3.44s (cem 0.39 refine 2.99 [60 steps] finals 0.05)
  [247/800] f104_pair_group_0046 B z -8.075 (pess -7.723) -> G abstain | valid 17/17 | 3.43s (cem 0.40 refine 2.96 [60 steps] finals 0.05)
  [248/800] f104_pair_group_0047 B z -8.314 (pess -7.974) -> G abstain | valid 17/17 | 3.38s (cem 0.36 refine 2.96 [60 steps] finals 0.05)
  [249/800] f104_pair_group_0048 B z -8.250 (pess -7.933) -> G abstain | valid 17/17 | 3.36s (cem 0.36 refine 2.94 [60 steps] finals 0.05)
  [250/800] f104_pair_group_0049 B z -8.265 (pess -7.927) -> G abstain | valid 17/17 | 3.38s (cem 0.36 refine 2.96 [60 steps] finals 0.05)
  [251/800] f104_pair_group_0050 B z -8.226 (pess -7.960) -> G abstain | valid 17/17 | 3.27s (cem 0.36 refine 2.84 [60 steps] finals 0.05)
  [252/800] f104_pair_group_0051 B z -7.921 (pess -7.478) -> G z -8.130 (pess -7.790) gain 0.311 from B/sample step 22 | valid 17/17 | 3.38s (cem 0.36 refine 2.95 [60 steps] finals 0.05)
  [253/800] f104_pair_group_0052 B z -7.713 (pess -5.930) -> G z -8.206 (pess -7.842) gain 1.913 from B/sample step 59 | valid 17/17 | 3.36s (cem 0.36 refine 2.94 [60 steps] finals 0.05)
  [254/800] f104_pair_group_0053 B z -6.966 (pess -6.072) -> G z -7.880 (pess -7.381) gain 1.308 from round0/sample step 60 | valid 17/17 | 3.37s (cem 0.37 refine 2.94 [60 steps] finals 0.05)
  [255/800] f104_pair_group_0054 B z -8.169 (pess -7.898) -> G abstain | valid 17/17 | 3.38s (cem 0.36 refine 2.97 [60 steps] finals 0.05)
  [256/800] f104_pair_group_0055 B z -8.104 (pess -7.781) -> G abstain | valid 17/17 | 3.38s (cem 0.37 refine 2.96 [60 steps] finals 0.05)
  [257/800] f104_pair_group_0056 B z -8.242 (pess -7.934) -> G abstain | valid 17/17 | 3.37s (cem 0.36 refine 2.95 [60 steps] finals 0.05)
  [258/800] f104_pair_group_0057 B z -7.986 (pess -7.718) -> G abstain | valid 17/17 | 3.36s (cem 0.37 refine 2.92 [60 steps] finals 0.05)
  [259/800] f104_pair_group_0058 B z -8.183 (pess -7.915) -> G abstain | valid 17/17 | 3.37s (cem 0.36 refine 2.94 [60 steps] finals 0.05)
  [260/800] f104_pair_group_0059 B z -8.209 (pess -7.918) -> G abstain | valid 17/17 | 3.37s (cem 0.39 refine 2.91 [60 steps] finals 0.05)
  [261/800] f104_pair_group_0060 B z -8.275 (pess -7.932) -> G abstain | valid 17/17 | 3.36s (cem 0.36 refine 2.93 [60 steps] finals 0.05)
  [262/800] f104_pair_group_0061 B z -8.135 (pess -7.833) -> G abstain | valid 17/17 | 3.36s (cem 0.36 refine 2.94 [60 steps] finals 0.05)
  [263/800] f104_pair_group_0062 B z -4.443 (pess 0.778) -> G z -7.686 (pess -7.584) gain 8.362 from B/sample step 35 | valid 17/17 | 3.11s (cem 0.37 refine 2.68 [60 steps] finals 0.05)
  [264/800] f104_pair_group_0063 B z -8.067 (pess -7.679) -> G abstain | valid 17/17 | 3.37s (cem 0.37 refine 2.93 [60 steps] finals 0.05)
  [265/800] f104_pair_group_0064 B z -7.134 (pess -5.522) -> G z -7.859 (pess -7.437) gain 1.915 from B/anchor step 60 | valid 17/17 | 3.31s (cem 0.36 refine 2.89 [60 steps] finals 0.05)
  [266/800] f104_pair_group_0065 B z -7.296 (pess -6.083) -> G z -7.564 (pess -7.348) gain 1.268 from B/anchor step 60 | valid 17/17 | 3.36s (cem 0.36 refine 2.94 [60 steps] finals 0.05)
  [267/800] f104_pair_group_0066 B z -8.137 (pess -7.917) -> G abstain | valid 17/17 | 3.34s (cem 0.36 refine 2.92 [60 steps] finals 0.05)
  [268/800] f104_pair_group_0067 B z -8.186 (pess -7.835) -> G abstain | valid 17/17 | 3.38s (cem 0.37 refine 2.95 [60 steps] finals 0.05)
  [269/800] f104_pair_group_0068 B z -8.201 (pess -7.823) -> G abstain | valid 17/17 | 3.35s (cem 0.37 refine 2.92 [60 steps] finals 0.05)
  [270/800] f104_pair_group_0069 B z -8.196 (pess -7.920) -> G abstain | valid 17/17 | 3.39s (cem 0.37 refine 2.95 [60 steps] finals 0.05)
  [271/800] f104_pair_group_0070 B z -8.121 (pess -7.866) -> G abstain | valid 17/17 | 3.36s (cem 0.37 refine 2.93 [60 steps] finals 0.05)
  [272/800] f104_pair_group_0071 B z -8.191 (pess -7.864) -> G abstain | valid 17/17 | 3.40s (cem 0.38 refine 2.95 [60 steps] finals 0.06)
  [273/800] f104_pair_group_0072 B z -8.044 (pess -7.688) -> G abstain | valid 17/17 | 3.43s (cem 0.36 refine 3.01 [60 steps] finals 0.05)
  [274/800] f104_pair_group_0073 B z -8.184 (pess -7.787) -> G abstain | valid 17/17 | 3.36s (cem 0.36 refine 2.94 [60 steps] finals 0.05)
  [275/800] f104_pair_group_0074 B z -8.164 (pess -7.894) -> G abstain | valid 17/17 | 3.36s (cem 0.36 refine 2.93 [60 steps] finals 0.05)
  [276/800] f104_pair_group_0075 B z -3.435 (pess 1.656) -> G z -6.858 (pess -5.625) gain 7.280 from round0/sample step 60 | valid 17/17 | 3.39s (cem 0.38 refine 2.96 [60 steps] finals 0.05)
  [277/800] f104_pair_group_0076 B z -7.954 (pess -7.526) -> G abstain | valid 17/17 | 3.39s (cem 0.37 refine 2.96 [60 steps] finals 0.05)
  [278/800] f104_pair_group_0077 B z -8.099 (pess -7.844) -> G abstain | valid 17/17 | 3.21s (cem 0.36 refine 2.79 [60 steps] finals 0.05)
  [279/800] f104_pair_group_0078 B z -8.076 (pess -7.783) -> G abstain | valid 17/17 | 3.37s (cem 0.37 refine 2.94 [60 steps] finals 0.05)
  [280/800] f104_pair_group_0079 B z -8.236 (pess -7.918) -> G abstain | valid 17/17 | 3.34s (cem 0.36 refine 2.92 [60 steps] finals 0.05)
  [281/800] f104_pair_group_0080 B z -8.213 (pess -7.897) -> G abstain | valid 17/17 | 3.37s (cem 0.37 refine 2.94 [60 steps] finals 0.05)
  [282/800] f104_pair_group_0081 B z -7.915 (pess -7.691) -> G abstain | valid 17/17 | 3.38s (cem 0.37 refine 2.95 [60 steps] finals 0.05)
  [283/800] f104_pair_group_0082 B z -8.256 (pess -7.913) -> G abstain | valid 17/17 | 3.42s (cem 0.39 refine 2.95 [60 steps] finals 0.05)
  [284/800] f104_pair_group_0083 B z -7.520 (pess -7.237) -> G z -7.669 (pess -7.578) gain 0.341 from round0/anchor step 55 | valid 17/17 | 3.41s (cem 0.39 refine 2.95 [60 steps] finals 0.05)
  [285/800] f104_pair_group_0084 B z -8.235 (pess -7.921) -> G abstain | valid 17/17 | 3.36s (cem 0.36 refine 2.94 [60 steps] finals 0.05)
  [286/800] f104_pair_group_0085 B z -8.139 (pess -7.898) -> G abstain | valid 17/17 | 3.38s (cem 0.36 refine 2.96 [60 steps] finals 0.05)
  [287/800] f104_pair_group_0086 B z -7.917 (pess -7.417) -> G z -8.129 (pess -7.825) gain 0.410 from B/sample step 54 | valid 17/17 | 3.40s (cem 0.38 refine 2.96 [60 steps] finals 0.05)
  [288/800] f104_pair_group_0087 B z -7.752 (pess -7.475) -> G abstain | valid 17/17 | 3.43s (cem 0.39 refine 2.97 [60 steps] finals 0.05)
  [289/800] f104_pair_group_0088 B z -8.053 (pess -7.751) -> G abstain | valid 17/17 | 3.38s (cem 0.37 refine 2.96 [60 steps] finals 0.05)
  [290/800] f104_pair_group_0089 B z -7.968 (pess -7.616) -> G abstain | valid 17/17 | 3.38s (cem 0.38 refine 2.94 [60 steps] finals 0.05)
  [291/800] f104_pair_group_0090 B z -7.997 (pess -7.657) -> G abstain | valid 17/17 | 3.44s (cem 0.37 refine 3.02 [60 steps] finals 0.05)
  [292/800] f104_pair_group_0091 B z -8.182 (pess -7.891) -> G abstain | valid 17/17 | 3.41s (cem 0.38 refine 2.96 [60 steps] finals 0.05)
  [293/800] f104_pair_group_0092 B z -7.825 (pess -6.868) -> G z -8.221 (pess -7.898) gain 1.031 from B/sample step 26 | valid 17/17 | 3.35s (cem 0.37 refine 2.92 [60 steps] finals 0.05)
  [294/800] f104_pair_group_0093 B z -8.104 (pess -7.812) -> G abstain | valid 17/17 | 3.39s (cem 0.36 refine 2.97 [60 steps] finals 0.05)
  [295/800] f104_pair_group_0094 B z -8.267 (pess -7.913) -> G abstain | valid 17/17 | 3.43s (cem 0.38 refine 2.98 [60 steps] finals 0.05)
  [296/800] f104_pair_group_0095 B z -8.246 (pess -7.897) -> G abstain | valid 17/17 | 3.38s (cem 0.37 refine 2.95 [60 steps] finals 0.05)
  [297/800] f104_pair_group_0096 B z -8.283 (pess -7.936) -> G abstain | valid 17/17 | 3.38s (cem 0.36 refine 2.95 [60 steps] finals 0.05)
  [298/800] f104_pair_group_0097 B z -8.225 (pess -7.932) -> G abstain | valid 17/17 | 3.41s (cem 0.40 refine 2.95 [60 steps] finals 0.05)
  [299/800] f104_pair_group_0098 B z -7.298 (pess -6.427) -> G z -7.884 (pess -7.712) gain 1.285 from round0/anchor step 58 | valid 17/17 | 3.40s (cem 0.38 refine 2.96 [60 steps] finals 0.05)
  [300/800] f104_pair_group_0099 B z -8.258 (pess -7.906) -> G abstain | valid 17/17 | 3.39s (cem 0.36 refine 2.96 [60 steps] finals 0.05)
  [301/800] f104_pair_group_0100 B z -3.123 (pess -0.072) -> G z -7.519 (pess -7.109) gain 7.036 from round0/sample step 60 | valid 17/17 | 3.38s (cem 0.36 refine 2.95 [60 steps] finals 0.05)
  [302/800] f104_pair_group_0101 B z -7.325 (pess -5.720) -> G z -7.819 (pess -7.681) gain 1.959 from round0/sample step 60 | valid 17/17 | 3.37s (cem 0.36 refine 2.95 [60 steps] finals 0.05)
  [303/800] f104_pair_group_0102 B z -8.188 (pess -7.844) -> G abstain | valid 17/17 | 3.39s (cem 0.37 refine 2.96 [60 steps] finals 0.05)
  [304/800] f104_pair_group_0103 B z -8.019 (pess -7.838) -> G abstain | valid 17/17 | 3.37s (cem 0.36 refine 2.95 [60 steps] finals 0.05)
  [305/800] f104_pair_group_0104 B z -7.551 (pess -5.905) -> G z -7.966 (pess -7.766) gain 1.858 from round0/sample step 60 | valid 17/17 | 3.42s (cem 0.39 refine 2.96 [60 steps] finals 0.05)
  [306/800] f104_pair_group_0105 B z -8.265 (pess -7.902) -> G abstain | valid 17/17 | 3.39s (cem 0.37 refine 2.96 [60 steps] finals 0.05)
  [307/800] f104_pair_group_0106 B z -8.279 (pess -7.935) -> G abstain | valid 17/17 | 3.39s (cem 0.37 refine 2.95 [60 steps] finals 0.05)
  [308/800] f104_pair_group_0107 B z -8.114 (pess -7.777) -> G abstain | valid 17/17 | 3.38s (cem 0.37 refine 2.94 [60 steps] finals 0.05)
  [309/800] f104_pair_group_0108 B z -8.300 (pess -7.935) -> G abstain | valid 17/17 | 3.42s (cem 0.37 refine 2.99 [60 steps] finals 0.05)
  [310/800] f104_pair_group_0109 B z -8.245 (pess -7.937) -> G abstain | valid 17/17 | 3.39s (cem 0.36 refine 2.96 [60 steps] finals 0.05)
  [311/800] f104_pair_group_0110 B z -6.046 (pess -5.033) -> G abstain | valid 17/17 | 3.40s (cem 0.37 refine 2.97 [60 steps] finals 0.05)
  [312/800] f104_pair_group_0111 B z -3.780 (pess 0.220) -> G z -6.731 (pess -5.007) gain 5.229 from B/sample step 60 | valid 17/17 | 3.41s (cem 0.38 refine 2.97 [60 steps] finals 0.05)
  [313/800] f104_pair_group_0112 B z -8.200 (pess -7.827) -> G abstain | valid 17/17 | 3.40s (cem 0.38 refine 2.96 [60 steps] finals 0.05)
  [314/800] f104_pair_group_0113 B z -8.195 (pess -7.909) -> G abstain | valid 17/17 | 3.39s (cem 0.37 refine 2.96 [60 steps] finals 0.05)
  [315/800] f104_pair_group_0114 B z -8.159 (pess -7.929) -> G abstain | valid 17/17 | 3.40s (cem 0.38 refine 2.96 [60 steps] finals 0.05)
  [316/800] f104_pair_group_0115 B z -8.079 (pess -7.818) -> G abstain | valid 17/17 | 3.38s (cem 0.36 refine 2.95 [60 steps] finals 0.05)
  [317/800] f104_pair_group_0116 B z -7.572 (pess -6.769) -> G z -8.176 (pess -7.754) gain 0.984 from B/sample step 43 | valid 17/17 | 3.38s (cem 0.37 refine 2.95 [60 steps] finals 0.05)
  [318/800] f104_pair_group_0117 B z -8.233 (pess -7.919) -> G abstain | valid 17/17 | 3.42s (cem 0.39 refine 2.96 [60 steps] finals 0.05)
  [319/800] f104_pair_group_0118 B z -8.224 (pess -7.870) -> G abstain | valid 17/17 | 3.41s (cem 0.39 refine 2.95 [60 steps] finals 0.05)
  [320/800] f104_pair_group_0119 B z -8.214 (pess -7.900) -> G abstain | valid 17/17 | 3.43s (cem 0.39 refine 2.97 [60 steps] finals 0.06)
  [321/800] f104_pair_group_0120 B z -8.243 (pess -7.946) -> G abstain | valid 17/17 | 3.39s (cem 0.37 refine 2.96 [60 steps] finals 0.05)
  [322/800] f104_pair_group_0121 B z -8.276 (pess -7.954) -> G abstain | valid 17/17 | 3.38s (cem 0.37 refine 2.95 [60 steps] finals 0.05)
  [323/800] f104_pair_group_0122 B z -8.224 (pess -7.916) -> G abstain | valid 17/17 | 3.37s (cem 0.36 refine 2.95 [60 steps] finals 0.05)
  [324/800] f104_pair_group_0123 B z -8.022 (pess -7.633) -> G abstain | valid 17/17 | 3.40s (cem 0.37 refine 2.96 [60 steps] finals 0.05)
  [325/800] f104_pair_group_0124 B z -4.808 (pess -2.815) -> G z -8.056 (pess -7.709) gain 4.890 from B/sample step 28 | valid 17/17 | 3.39s (cem 0.38 refine 2.95 [60 steps] finals 0.05)
  [326/800] f104_pair_group_0125 B z -7.975 (pess -7.831) -> G abstain | valid 17/17 | 3.40s (cem 0.36 refine 2.97 [60 steps] finals 0.05)
  [327/800] f104_pair_group_0126 B z -8.184 (pess -7.887) -> G abstain | valid 17/17 | 3.38s (cem 0.38 refine 2.93 [60 steps] finals 0.05)
  [328/800] f104_pair_group_0127 B z -8.188 (pess -7.900) -> G abstain | valid 17/17 | 3.37s (cem 0.37 refine 2.95 [60 steps] finals 0.05)
  [329/800] f104_pair_group_0128 B z -8.273 (pess -7.932) -> G abstain | valid 17/17 | 3.39s (cem 0.38 refine 2.95 [60 steps] finals 0.05)
  [330/800] f104_pair_group_0129 B z -8.166 (pess -7.898) -> G abstain | valid 17/17 | 3.43s (cem 0.41 refine 2.95 [60 steps] finals 0.06)
  [331/800] f104_pair_group_0130 B z -8.210 (pess -7.891) -> G abstain | valid 17/17 | 3.41s (cem 0.39 refine 2.96 [60 steps] finals 0.05)
  [332/800] f104_pair_group_0131 B z -8.225 (pess -7.928) -> G abstain | valid 17/17 | 3.45s (cem 0.42 refine 2.96 [60 steps] finals 0.06)
  [333/800] f104_pair_group_0132 B z -8.266 (pess -7.929) -> G abstain | valid 17/17 | 3.37s (cem 0.36 refine 2.94 [60 steps] finals 0.05)
  [334/800] f104_pair_group_0133 B z -8.172 (pess -7.834) -> G abstain | valid 17/17 | 3.37s (cem 0.36 refine 2.95 [60 steps] finals 0.05)
  [335/800] f104_pair_group_0134 B z -7.068 (pess -6.488) -> G z -7.213 (pess -6.993) gain 0.504 from round0/anchor step 40 | valid 17/17 | 3.40s (cem 0.38 refine 2.96 [60 steps] finals 0.05)
  [336/800] f104_pair_group_0135 B z -8.280 (pess -7.950) -> G abstain | valid 17/17 | 3.39s (cem 0.36 refine 2.97 [60 steps] finals 0.05)
  [337/800] f104_pair_group_0136 B z -7.897 (pess -7.280) -> G abstain | valid 17/17 | 3.38s (cem 0.37 refine 2.95 [60 steps] finals 0.05)
  [338/800] f104_pair_group_0137 B z -7.569 (pess -6.748) -> G z -7.977 (pess -7.706) gain 0.958 from round0/sample step 60 | valid 17/17 | 3.39s (cem 0.37 refine 2.96 [60 steps] finals 0.05)
  [339/800] f104_pair_group_0138 B z -8.104 (pess -7.852) -> G abstain | valid 17/17 | 3.38s (cem 0.37 refine 2.96 [60 steps] finals 0.05)
  [340/800] f104_pair_group_0139 B z -8.218 (pess -7.906) -> G abstain | valid 17/17 | 3.37s (cem 0.36 refine 2.95 [60 steps] finals 0.05)
  [341/800] f104_pair_group_0140 B z -8.108 (pess -7.809) -> G abstain | valid 17/17 | 3.39s (cem 0.38 refine 2.95 [60 steps] finals 0.05)
  [342/800] f104_pair_group_0141 B z -8.207 (pess -7.916) -> G abstain | valid 17/17 | 3.40s (cem 0.37 refine 2.96 [60 steps] finals 0.05)
  [343/800] f104_pair_group_0142 B z -7.877 (pess -7.557) -> G z -8.193 (pess -7.917) gain 0.360 from round0/sample step 54 | valid 17/17 | 3.41s (cem 0.39 refine 2.95 [60 steps] finals 0.05)
  [344/800] f104_pair_group_0143 B z -7.853 (pess -7.567) -> G abstain | valid 17/17 | 3.44s (cem 0.39 refine 2.98 [60 steps] finals 0.06)
  [345/800] f104_pair_group_0144 B z -7.652 (pess -7.020) -> G z -7.959 (pess -7.735) gain 0.715 from round0/sample step 15 | valid 17/17 | 3.40s (cem 0.37 refine 2.96 [60 steps] finals 0.05)
  [346/800] f104_pair_group_0145 B z -6.693 (pess -5.411) -> G z -7.773 (pess -7.375) gain 1.970 from B/sample step 24 | valid 17/17 | 3.42s (cem 0.39 refine 2.97 [60 steps] finals 0.05)
  [347/800] f104_pair_group_0146 B z -7.751 (pess -7.562) -> G abstain | valid 17/17 | 3.44s (cem 0.38 refine 3.00 [60 steps] finals 0.05)
  [348/800] f104_pair_group_0147 B z -8.168 (pess -7.914) -> G abstain | valid 17/17 | 3.41s (cem 0.38 refine 2.98 [60 steps] finals 0.05)
  [349/800] f104_pair_group_0148 B z -6.262 (pess -4.645) -> G z -7.526 (pess -7.276) gain 2.636 from round0/sample step 60 | valid 17/17 | 3.41s (cem 0.38 refine 2.97 [60 steps] finals 0.05)
  [350/800] f104_pair_group_0149 B z -8.062 (pess -7.773) -> G abstain | valid 17/17 | 3.37s (cem 0.36 refine 2.95 [60 steps] finals 0.05)
  [351/800] f104_pair_group_0150 B z -8.227 (pess -7.925) -> G abstain | valid 17/17 | 3.39s (cem 0.37 refine 2.96 [60 steps] finals 0.05)
  [352/800] f104_pair_group_0151 B z -8.233 (pess -7.916) -> G abstain | valid 17/17 | 3.39s (cem 0.37 refine 2.95 [60 steps] finals 0.05)
  [353/800] f104_pair_group_0152 B z -7.617 (pess -6.335) -> G z -8.079 (pess -7.771) gain 1.439 from round0/sample step 57 | valid 17/17 | 3.39s (cem 0.37 refine 2.96 [60 steps] finals 0.05)
  [354/800] f104_pair_group_0153 B z -8.247 (pess -7.922) -> G abstain | valid 17/17 | 3.45s (cem 0.41 refine 2.97 [60 steps] finals 0.06)
  [355/800] f104_pair_group_0154 B z -8.230 (pess -7.879) -> G abstain | valid 17/17 | 3.41s (cem 0.38 refine 2.97 [60 steps] finals 0.05)
  [356/800] f104_pair_group_0155 B z -8.225 (pess -7.898) -> G abstain | valid 17/17 | 3.42s (cem 0.39 refine 2.96 [60 steps] finals 0.05)
  [357/800] f104_pair_group_0156 B z -8.181 (pess -7.872) -> G abstain | valid 17/17 | 3.39s (cem 0.37 refine 2.95 [60 steps] finals 0.05)
  [358/800] f104_pair_group_0157 B z -8.073 (pess -7.725) -> G abstain | valid 17/17 | 3.38s (cem 0.37 refine 2.95 [60 steps] finals 0.05)
  [359/800] f104_pair_group_0158 B z -8.273 (pess -7.939) -> G abstain | valid 17/17 | 3.39s (cem 0.37 refine 2.96 [60 steps] finals 0.05)
  [360/800] f104_pair_group_0159 B z -7.962 (pess -7.611) -> G abstain | valid 17/17 | 3.38s (cem 0.37 refine 2.95 [60 steps] finals 0.05)
  [361/800] f104_pair_group_0160 B z -6.348 (pess -4.973) -> G z -7.695 (pess -7.261) gain 2.290 from round0/sample step 60 | valid 17/17 | 3.38s (cem 0.37 refine 2.95 [60 steps] finals 0.05)
  [362/800] f104_pair_group_0161 B z -7.837 (pess -7.667) -> G abstain | valid 17/17 | 3.42s (cem 0.36 refine 3.00 [60 steps] finals 0.05)
  [363/800] f104_pair_group_0162 B z -8.085 (pess -7.801) -> G abstain | valid 17/17 | 3.39s (cem 0.37 refine 2.96 [60 steps] finals 0.05)
  [364/800] f104_pair_group_0163 B z -3.240 (pess -1.495) -> G z -7.839 (pess -7.540) gain 6.045 from B/sample step 55 | valid 17/17 | 3.40s (cem 0.37 refine 2.96 [60 steps] finals 0.05)
  [365/800] f104_pair_group_0164 B z -8.196 (pess -7.840) -> G abstain | valid 17/17 | 3.41s (cem 0.37 refine 2.97 [60 steps] finals 0.05)
  [366/800] f104_pair_group_0165 B z -8.241 (pess -7.936) -> G abstain | valid 17/17 | 3.42s (cem 0.38 refine 2.97 [60 steps] finals 0.05)
  [367/800] f104_pair_group_0166 B z -8.251 (pess -7.934) -> G abstain | valid 17/17 | 3.40s (cem 0.38 refine 2.95 [60 steps] finals 0.05)
  [368/800] f104_pair_group_0167 B z -7.683 (pess -6.489) -> G z -8.053 (pess -7.830) gain 1.349 from round0/sample step 59 | valid 17/17 | 3.43s (cem 0.41 refine 2.95 [60 steps] finals 0.05)
  [369/800] f104_pair_group_0168 B z -8.247 (pess -7.928) -> G abstain | valid 17/17 | 3.40s (cem 0.37 refine 2.97 [60 steps] finals 0.05)
  [370/800] f104_pair_group_0169 B z -8.195 (pess -7.859) -> G abstain | valid 17/17 | 3.40s (cem 0.37 refine 2.97 [60 steps] finals 0.05)
  [371/800] f104_pair_group_0170 B z -5.905 (pess -2.170) -> G z -7.919 (pess -7.703) gain 5.540 from round0/sample step 59 | valid 17/17 | 3.40s (cem 0.37 refine 2.97 [60 steps] finals 0.05)
  [372/800] f104_pair_group_0171 B z -8.274 (pess -7.979) -> G abstain | valid 17/17 | 3.38s (cem 0.36 refine 2.95 [60 steps] finals 0.05)
  [373/800] f104_pair_group_0172 B z -8.140 (pess -7.893) -> G abstain | valid 17/17 | 3.38s (cem 0.36 refine 2.96 [60 steps] finals 0.05)
  [374/800] f104_pair_group_0173 B z -6.392 (pess -5.070) -> G z -7.726 (pess -7.352) gain 2.283 from round0/anchor step 58 | valid 17/17 | 3.39s (cem 0.37 refine 2.96 [60 steps] finals 0.05)
  [375/800] f104_pair_group_0174 B z -8.056 (pess -7.798) -> G abstain | valid 17/17 | 3.37s (cem 0.36 refine 2.95 [60 steps] finals 0.05)
  [376/800] f104_pair_group_0175 B z -8.179 (pess -7.884) -> G abstain | valid 17/17 | 3.41s (cem 0.39 refine 2.95 [60 steps] finals 0.05)
  [377/800] f104_pair_group_0176 B z -8.061 (pess -7.769) -> G abstain | valid 17/17 | 3.38s (cem 0.37 refine 2.94 [60 steps] finals 0.05)
  [378/800] f104_pair_group_0177 B z -8.219 (pess -7.891) -> G abstain | valid 17/17 | 3.41s (cem 0.39 refine 2.95 [60 steps] finals 0.06)
  [379/800] f104_pair_group_0178 B z -4.362 (pess 0.510) -> G z -7.685 (pess -7.445) gain 7.958 from round0/sample step 48 | valid 17/17 | 3.41s (cem 0.38 refine 2.96 [60 steps] finals 0.05)
  [380/800] f104_pair_group_0179 B z -7.817 (pess -7.266) -> G z -8.103 (pess -7.811) gain 0.547 from B/sample step 46 | valid 17/17 | 3.40s (cem 0.39 refine 2.95 [60 steps] finals 0.05)
  [381/800] f104_pair_group_0180 B z -8.278 (pess -7.903) -> G abstain | valid 17/17 | 3.37s (cem 0.37 refine 2.95 [60 steps] finals 0.05)
  [382/800] f104_pair_group_0181 B z -8.177 (pess -7.814) -> G abstain | valid 17/17 | 3.38s (cem 0.37 refine 2.95 [60 steps] finals 0.05)
  [383/800] f104_pair_group_0182 B z -8.012 (pess -7.749) -> G abstain | valid 17/17 | 3.39s (cem 0.39 refine 2.94 [60 steps] finals 0.05)
  [384/800] f104_pair_group_0183 B z -3.216 (pess -0.353) -> G z -5.470 (pess -4.490) gain 4.139 from round0/anchor step 60 | valid 17/17 | 3.39s (cem 0.37 refine 2.96 [60 steps] finals 0.05)
  [385/800] f104_pair_group_0184 B z -7.633 (pess -7.120) -> G z -8.151 (pess -7.793) gain 0.674 from round0/sample step 60 | valid 17/17 | 3.41s (cem 0.39 refine 2.95 [60 steps] finals 0.05)
  [386/800] f104_pair_group_0185 B z -8.017 (pess -7.603) -> G abstain | valid 17/17 | 3.38s (cem 0.36 refine 2.95 [60 steps] finals 0.05)
  [387/800] f104_pair_group_0186 B z -8.170 (pess -7.909) -> G abstain | valid 17/17 | 3.40s (cem 0.37 refine 2.97 [60 steps] finals 0.05)
  [388/800] f104_pair_group_0187 B z -5.783 (pess -4.389) -> G z -7.817 (pess -7.291) gain 2.902 from B/sample step 60 | valid 17/17 | 3.45s (cem 0.38 refine 3.01 [60 steps] finals 0.05)
  [389/800] f104_pair_group_0188 B z -7.919 (pess -7.661) -> G abstain | valid 17/17 | 3.42s (cem 0.39 refine 2.97 [60 steps] finals 0.05)
  [390/800] f104_pair_group_0189 B z -8.183 (pess -7.899) -> G abstain | valid 17/17 | 3.39s (cem 0.37 refine 2.96 [60 steps] finals 0.05)
  [391/800] f104_pair_group_0190 B z -8.190 (pess -7.912) -> G abstain | valid 17/17 | 3.38s (cem 0.36 refine 2.96 [60 steps] finals 0.05)
  [392/800] f104_pair_group_0191 B z -8.278 (pess -7.926) -> G abstain | valid 17/17 | 3.39s (cem 0.38 refine 2.95 [60 steps] finals 0.05)
  [393/800] f104_pair_group_0192 B z -8.197 (pess -7.908) -> G abstain | valid 17/17 | 3.37s (cem 0.37 refine 2.95 [60 steps] finals 0.05)
  [394/800] f104_pair_group_0193 B z -8.252 (pess -7.936) -> G abstain | valid 17/17 | 3.38s (cem 0.36 refine 2.96 [60 steps] finals 0.05)
  [395/800] f104_pair_group_0194 B z -7.836 (pess -7.587) -> G abstain | valid 17/17 | 3.38s (cem 0.36 refine 2.95 [60 steps] finals 0.05)
  [396/800] f104_pair_group_0195 B z -3.740 (pess -0.345) -> G z -6.239 (pess -5.210) gain 4.862 from round0/sample step 60 | valid 17/17 | 3.39s (cem 0.38 refine 2.94 [60 steps] finals 0.05)
  [397/800] f104_pair_group_0196 B z -7.778 (pess -7.499) -> G abstain | valid 17/17 | 3.46s (cem 0.37 refine 3.03 [60 steps] finals 0.05)
  [398/800] f104_pair_group_0197 B z -7.509 (pess -6.460) -> G z -7.980 (pess -7.669) gain 1.207 from B/sample step 38 | valid 17/17 | 3.40s (cem 0.36 refine 2.98 [60 steps] finals 0.05)
  [399/800] f104_pair_group_0198 B z -8.190 (pess -7.914) -> G abstain | valid 17/17 | 3.38s (cem 0.36 refine 2.96 [60 steps] finals 0.05)
  [400/800] f104_pair_group_0199 B z -8.083 (pess -7.840) -> G abstain | valid 17/17 | 3.42s (cem 0.36 refine 2.99 [60 steps] finals 0.05)
  [401/800] f104_pair_group_0200 B z -8.198 (pess -7.827) -> G abstain | valid 17/17 | 3.40s (cem 0.38 refine 2.96 [60 steps] finals 0.05)
  [402/800] f104_pair_group_0201 B z -7.531 (pess -6.997) -> G z -7.795 (pess -7.423) gain 0.426 from round0/sample step 60 | valid 17/17 | 3.42s (cem 0.37 refine 2.98 [60 steps] finals 0.05)
  [403/800] f104_pair_group_0202 B z -8.284 (pess -7.941) -> G abstain | valid 17/17 | 3.38s (cem 0.37 refine 2.94 [60 steps] finals 0.05)
  [404/800] f104_pair_group_0203 B z -4.135 (pess 0.572) -> G z -7.640 (pess -7.131) gain 7.705 from B/sample step 60 | valid 17/17 | 3.42s (cem 0.37 refine 2.98 [60 steps] finals 0.05)
  [405/800] f104_pair_group_0204 B z -8.295 (pess -7.935) -> G abstain | valid 17/17 | 3.39s (cem 0.36 refine 2.97 [60 steps] finals 0.05)
  [406/800] f104_pair_group_0205 B z -8.154 (pess -7.850) -> G abstain | valid 17/17 | 3.40s (cem 0.36 refine 2.98 [60 steps] finals 0.05)
  [407/800] f104_pair_group_0206 B z -8.149 (pess -7.818) -> G abstain | valid 17/17 | 3.39s (cem 0.36 refine 2.97 [60 steps] finals 0.05)
  [408/800] f104_pair_group_0207 B z -8.230 (pess -7.872) -> G abstain | valid 17/17 | 3.41s (cem 0.36 refine 2.99 [60 steps] finals 0.05)
  [409/800] f104_pair_group_0208 B z -7.108 (pess -6.065) -> G z -8.049 (pess -7.579) gain 1.512 from round0/sample step 50 | valid 17/17 | 3.38s (cem 0.37 refine 2.94 [60 steps] finals 0.05)
  [410/800] f104_pair_group_0209 B z -8.040 (pess -7.694) -> G abstain | valid 17/17 | 3.36s (cem 0.36 refine 2.94 [60 steps] finals 0.05)
  [411/800] f104_pair_group_0210 B z -8.020 (pess -7.794) -> G abstain | valid 17/17 | 3.38s (cem 0.36 refine 2.96 [60 steps] finals 0.05)
  [412/800] f104_pair_group_0211 B z -7.564 (pess -6.959) -> G z -7.929 (pess -7.645) gain 0.682 from B/sample step 52 | valid 17/17 | 3.39s (cem 0.36 refine 2.97 [60 steps] finals 0.05)
  [413/800] f104_pair_group_0212 B z -8.161 (pess -7.774) -> G abstain | valid 17/17 | 3.42s (cem 0.37 refine 2.99 [60 steps] finals 0.05)
  [414/800] f104_pair_group_0213 B z -7.926 (pess -7.541) -> G abstain | valid 17/17 | 3.39s (cem 0.36 refine 2.96 [60 steps] finals 0.05)
  [415/800] f104_pair_group_0214 B z -7.857 (pess -6.952) -> G z -8.085 (pess -7.760) gain 0.806 from B/sample step 40 | valid 17/17 | 3.52s (cem 0.42 refine 3.03 [60 steps] finals 0.05)
  [416/800] f104_pair_group_0215 B z -8.228 (pess -7.837) -> G abstain | valid 17/17 | 3.40s (cem 0.36 refine 2.98 [60 steps] finals 0.05)
  [417/800] f104_pair_group_0216 B z -8.305 (pess -7.904) -> G abstain | valid 17/17 | 3.38s (cem 0.36 refine 2.96 [60 steps] finals 0.05)
  [418/800] f104_pair_group_0217 B z -8.122 (pess -7.709) -> G abstain | valid 17/17 | 3.43s (cem 0.36 refine 3.00 [60 steps] finals 0.05)
  [419/800] f104_pair_group_0218 B z -8.264 (pess -7.951) -> G abstain | valid 17/17 | 3.38s (cem 0.37 refine 2.94 [60 steps] finals 0.05)
  [420/800] f104_pair_group_0219 B z -8.201 (pess -7.852) -> G abstain | valid 17/17 | 3.40s (cem 0.36 refine 2.97 [60 steps] finals 0.06)
  [421/800] f104_pair_group_0220 B z -7.647 (pess -7.122) -> G z -7.803 (pess -7.547) gain 0.425 from B/anchor step 25 | valid 17/17 | 3.39s (cem 0.37 refine 2.96 [60 steps] finals 0.05)
  [422/800] f104_pair_group_0221 B z -8.053 (pess -7.884) -> G abstain | valid 17/17 | 3.41s (cem 0.39 refine 2.96 [60 steps] finals 0.05)
  [423/800] f104_pair_group_0222 B z -8.169 (pess -7.841) -> G abstain | valid 17/17 | 3.39s (cem 0.38 refine 2.95 [60 steps] finals 0.05)
  [424/800] f104_pair_group_0223 B z -8.193 (pess -7.916) -> G abstain | valid 17/17 | 3.34s (cem 0.37 refine 2.91 [60 steps] finals 0.05)
  [425/800] f104_pair_group_0224 B z -8.004 (pess -7.817) -> G abstain | valid 17/17 | 1.91s (cem 0.38 refine 1.48 [60 steps] finals 0.05)
  [426/800] f104_pair_group_0225 B z -8.195 (pess -7.849) -> G abstain | valid 17/17 | 2.66s (cem 0.37 refine 2.22 [60 steps] finals 0.05)
  [427/800] f104_pair_group_0226 B z -8.213 (pess -7.931) -> G abstain | valid 17/17 | 3.46s (cem 0.39 refine 3.00 [60 steps] finals 0.05)
  [428/800] f104_pair_group_0227 B z -8.227 (pess -7.820) -> G abstain | valid 17/17 | 3.43s (cem 0.38 refine 2.99 [60 steps] finals 0.05)
  [429/800] f104_pair_group_0228 B z -8.270 (pess -7.938) -> G abstain | valid 17/17 | 3.41s (cem 0.36 refine 2.99 [60 steps] finals 0.05)
  [430/800] f104_pair_group_0229 B z -8.224 (pess -7.902) -> G abstain | valid 17/17 | 3.40s (cem 0.36 refine 2.98 [60 steps] finals 0.05)
  [431/800] f104_pair_group_0230 B z -8.221 (pess -7.928) -> G abstain | valid 17/17 | 3.38s (cem 0.37 refine 2.95 [60 steps] finals 0.05)
  [432/800] f104_pair_group_0231 B z -7.561 (pess -6.978) -> G abstain | valid 17/17 | 3.41s (cem 0.36 refine 2.99 [60 steps] finals 0.05)
  [433/800] f104_pair_group_0232 B z -7.318 (pess -6.440) -> G z -7.408 (pess -7.074) gain 0.632 from round0/sample step 60 | valid 17/17 | 3.52s (cem 0.37 refine 3.09 [60 steps] finals 0.05)
  [434/800] f104_pair_group_0233 B z -8.143 (pess -7.884) -> G abstain | valid 17/17 | 3.40s (cem 0.36 refine 2.98 [60 steps] finals 0.05)
  [435/800] f104_pair_group_0234 B z -8.200 (pess -7.803) -> G abstain | valid 17/17 | 3.39s (cem 0.36 refine 2.96 [60 steps] finals 0.05)
  [436/800] f104_pair_group_0235 B z -8.186 (pess -7.821) -> G abstain | valid 17/17 | 3.40s (cem 0.37 refine 2.97 [60 steps] finals 0.05)
  [437/800] f104_pair_group_0236 B z -8.277 (pess -7.950) -> G abstain | valid 17/17 | 3.42s (cem 0.38 refine 2.97 [60 steps] finals 0.05)
  [438/800] f104_pair_group_0237 B z -8.231 (pess -7.918) -> G abstain | valid 17/17 | 3.38s (cem 0.37 refine 2.95 [60 steps] finals 0.05)
  [439/800] f104_pair_group_0238 B z -8.235 (pess -7.868) -> G abstain | valid 17/17 | 3.39s (cem 0.36 refine 2.96 [60 steps] finals 0.05)
  [440/800] f104_pair_group_0239 B z -8.270 (pess -7.965) -> G abstain | valid 17/17 | 3.38s (cem 0.37 refine 2.95 [60 steps] finals 0.05)
  [441/800] f104_pair_group_0240 B z -8.313 (pess -7.960) -> G abstain | valid 17/17 | 2.44s (cem 0.36 refine 2.02 [42 steps] finals 0.05)
  [442/800] f104_pair_group_0241 B z -8.207 (pess -7.836) -> G abstain | valid 17/17 | 3.38s (cem 0.36 refine 2.96 [60 steps] finals 0.05)
  [443/800] f104_pair_group_0242 B z -8.058 (pess -7.658) -> G abstain | valid 17/17 | 3.37s (cem 0.36 refine 2.95 [60 steps] finals 0.05)
  [444/800] f104_pair_group_0243 B z -7.898 (pess -7.565) -> G abstain | valid 17/17 | 3.40s (cem 0.36 refine 2.98 [60 steps] finals 0.05)
  [445/800] f104_pair_group_0244 B z -7.299 (pess -6.445) -> G z -7.719 (pess -7.488) gain 1.043 from round0/sample step 60 | valid 17/17 | 3.39s (cem 0.36 refine 2.97 [60 steps] finals 0.05)
  [446/800] f104_pair_group_0245 B z -7.532 (pess -7.252) -> G z -7.966 (pess -7.776) gain 0.525 from B/sample step 54 | valid 17/17 | 3.39s (cem 0.36 refine 2.96 [60 steps] finals 0.05)
  [447/800] f104_pair_group_0246 B z -8.071 (pess -7.888) -> G abstain | valid 17/17 | 3.39s (cem 0.36 refine 2.97 [60 steps] finals 0.05)
  [448/800] f104_pair_group_0247 B z -6.878 (pess -6.030) -> G z -7.559 (pess -7.318) gain 1.289 from round0/anchor step 55 | valid 17/17 | 3.40s (cem 0.36 refine 2.97 [60 steps] finals 0.05)
  [449/800] f104_pair_group_0248 B z -8.160 (pess -7.860) -> G abstain | valid 17/17 | 3.40s (cem 0.37 refine 2.96 [60 steps] finals 0.05)
  [450/800] f104_pair_group_0249 B z -8.169 (pess -7.902) -> G abstain | valid 17/17 | 3.40s (cem 0.37 refine 2.96 [60 steps] finals 0.05)
  [451/800] f104_pair_group_0250 B z -8.224 (pess -7.946) -> G abstain | valid 17/17 | 3.47s (cem 0.37 refine 3.03 [60 steps] finals 0.06)
  [452/800] f104_pair_group_0251 B z -8.148 (pess -7.790) -> G abstain | valid 17/17 | 3.44s (cem 0.39 refine 2.97 [60 steps] finals 0.06)
  [453/800] f104_pair_group_0252 B z -8.294 (pess -7.908) -> G abstain | valid 17/17 | 3.39s (cem 0.37 refine 2.96 [60 steps] finals 0.05)
  [454/800] f104_pair_group_0253 B z -7.929 (pess -7.208) -> G z -7.986 (pess -7.518) gain 0.309 from B/sample step 32 | valid 17/17 | 3.41s (cem 0.36 refine 2.99 [60 steps] finals 0.05)
  [455/800] f104_pair_group_0254 B z -8.220 (pess -7.946) -> G abstain | valid 17/17 | 3.43s (cem 0.38 refine 2.98 [60 steps] finals 0.05)
  [456/800] f104_pair_group_0255 B z -8.078 (pess -7.743) -> G abstain | valid 17/17 | 3.41s (cem 0.37 refine 2.98 [60 steps] finals 0.05)
  [457/800] f104_pair_group_0256 B z -8.174 (pess -7.887) -> G abstain | valid 17/17 | 3.45s (cem 0.38 refine 3.01 [60 steps] finals 0.05)
  [458/800] f104_pair_group_0257 B z -8.234 (pess -7.917) -> G abstain | valid 17/17 | 3.44s (cem 0.37 refine 3.00 [60 steps] finals 0.05)
  [459/800] f104_pair_group_0258 B z -8.135 (pess -7.798) -> G abstain | valid 17/17 | 3.46s (cem 0.37 refine 3.03 [60 steps] finals 0.05)
  [460/800] f104_pair_group_0259 B z -8.151 (pess -7.896) -> G abstain | valid 17/17 | 3.41s (cem 0.36 refine 2.99 [60 steps] finals 0.05)
  [461/800] f104_pair_group_0260 B z -8.033 (pess -7.802) -> G abstain | valid 17/17 | 3.47s (cem 0.40 refine 3.01 [60 steps] finals 0.05)
  [462/800] f104_pair_group_0261 B z -8.255 (pess -7.940) -> G abstain | valid 17/17 | 3.37s (cem 0.36 refine 2.95 [60 steps] finals 0.05)
  [463/800] f104_pair_group_0262 B z -8.230 (pess -7.841) -> G abstain | valid 17/17 | 3.38s (cem 0.36 refine 2.95 [60 steps] finals 0.05)
  [464/800] f104_pair_group_0263 B z -8.152 (pess -7.829) -> G abstain | valid 17/17 | 3.38s (cem 0.37 refine 2.95 [60 steps] finals 0.05)
  [465/800] f104_pair_group_0264 B z -8.251 (pess -7.916) -> G abstain | valid 17/17 | 3.40s (cem 0.37 refine 2.97 [60 steps] finals 0.05)
  [466/800] f104_pair_group_0265 B z -8.246 (pess -7.916) -> G abstain | valid 17/17 | 3.43s (cem 0.37 refine 3.00 [60 steps] finals 0.05)
  [467/800] f104_pair_group_0266 B z -7.206 (pess -6.921) -> G z -7.964 (pess -7.740) gain 0.821 from B/sample step 60 | valid 17/17 | 3.41s (cem 0.36 refine 2.99 [60 steps] finals 0.05)
  [468/800] f104_pair_group_0267 B z -8.205 (pess -7.870) -> G abstain | valid 17/17 | 3.40s (cem 0.37 refine 2.98 [60 steps] finals 0.05)
  [469/800] f104_pair_group_0268 B z -8.158 (pess -7.838) -> G abstain | valid 17/17 | 3.42s (cem 0.37 refine 2.99 [60 steps] finals 0.05)
  [470/800] f104_pair_group_0269 B z -8.178 (pess -7.937) -> G abstain | valid 17/17 | 3.41s (cem 0.37 refine 2.98 [60 steps] finals 0.05)
  [471/800] f104_pair_group_0270 B z -8.073 (pess -7.819) -> G abstain | valid 17/17 | 3.41s (cem 0.36 refine 2.98 [60 steps] finals 0.05)
  [472/800] f104_pair_group_0271 B z -8.039 (pess -7.753) -> G abstain | valid 17/17 | 3.42s (cem 0.36 refine 3.00 [60 steps] finals 0.05)
  [473/800] f104_pair_group_0272 B z -8.232 (pess -7.920) -> G abstain | valid 17/17 | 3.30s (cem 0.37 refine 2.87 [60 steps] finals 0.05)
  [474/800] f104_pair_group_0273 B z -8.221 (pess -7.829) -> G abstain | valid 17/17 | 3.40s (cem 0.38 refine 2.95 [60 steps] finals 0.05)
  [475/800] f104_pair_group_0274 B z -8.180 (pess -7.897) -> G abstain | valid 17/17 | 3.39s (cem 0.37 refine 2.96 [60 steps] finals 0.05)
  [476/800] f104_pair_group_0275 B z -8.193 (pess -7.875) -> G abstain | valid 17/17 | 3.43s (cem 0.39 refine 2.96 [60 steps] finals 0.05)
  [477/800] f104_pair_group_0276 B z -8.297 (pess -7.930) -> G abstain | valid 17/17 | 3.46s (cem 0.37 refine 3.03 [60 steps] finals 0.05)
  [478/800] f104_pair_group_0277 B z -7.956 (pess -7.600) -> G abstain | valid 17/17 | 3.44s (cem 0.38 refine 3.00 [60 steps] finals 0.05)
  [479/800] f104_pair_group_0278 B z -4.747 (pess -2.171) -> G z -7.087 (pess -6.381) gain 4.209 from round0/sample step 60 | valid 17/17 | 3.40s (cem 0.37 refine 2.96 [60 steps] finals 0.05)
  [480/800] f104_pair_group_0279 B z -6.519 (pess -3.429) -> G z -7.829 (pess -7.637) gain 4.202 from round0/sample step 60 | valid 17/17 | 3.40s (cem 0.38 refine 2.96 [60 steps] finals 0.05)
  [481/800] f104_pair_group_0280 B z -7.634 (pess -7.166) -> G abstain | valid 17/17 | 3.41s (cem 0.39 refine 2.96 [60 steps] finals 0.05)
  [482/800] f104_pair_group_0281 B z -7.379 (pess -5.992) -> G z -8.069 (pess -7.729) gain 1.735 from B/sample step 54 | valid 17/17 | 3.37s (cem 0.36 refine 2.94 [60 steps] finals 0.05)
  [483/800] f104_pair_group_0282 B z -8.109 (pess -7.875) -> G abstain | valid 17/17 | 3.39s (cem 0.37 refine 2.96 [60 steps] finals 0.05)
  [484/800] f104_pair_group_0283 B z -8.212 (pess -7.914) -> G abstain | valid 17/17 | 3.39s (cem 0.37 refine 2.95 [60 steps] finals 0.05)
  [485/800] f104_pair_group_0284 B z -8.009 (pess -7.579) -> G abstain | valid 17/17 | 3.40s (cem 0.37 refine 2.97 [60 steps] finals 0.05)
  [486/800] f104_pair_group_0285 B z -8.127 (pess -7.859) -> G abstain | valid 17/17 | 3.46s (cem 0.39 refine 3.01 [60 steps] finals 0.06)
  [487/800] f104_pair_group_0286 B z -8.142 (pess -7.874) -> G abstain | valid 17/17 | 3.45s (cem 0.39 refine 2.98 [60 steps] finals 0.05)
  [488/800] f104_pair_group_0287 B z -8.006 (pess -7.804) -> G abstain | valid 17/17 | 3.42s (cem 0.38 refine 2.98 [60 steps] finals 0.05)
  [489/800] f104_pair_group_0288 B z -8.286 (pess -7.905) -> G abstain | valid 17/17 | 3.43s (cem 0.37 refine 3.00 [60 steps] finals 0.05)
  [490/800] f104_pair_group_0289 B z -8.129 (pess -7.894) -> G abstain | valid 17/17 | 3.40s (cem 0.38 refine 2.96 [60 steps] finals 0.05)
  [491/800] f104_pair_group_0290 B z -8.018 (pess -7.548) -> G z -8.196 (pess -7.861) gain 0.313 from B/sample step 24 | valid 17/17 | 3.38s (cem 0.36 refine 2.96 [60 steps] finals 0.05)
  [492/800] f104_pair_group_0291 B z -8.122 (pess -7.797) -> G abstain | valid 17/17 | 3.40s (cem 0.37 refine 2.96 [60 steps] finals 0.05)
  [493/800] f104_pair_group_0292 B z -8.057 (pess -7.898) -> G abstain | valid 17/17 | 3.49s (cem 0.38 refine 3.06 [60 steps] finals 0.05)
  [494/800] f104_pair_group_0293 B z -8.081 (pess -7.840) -> G abstain | valid 17/17 | 3.42s (cem 0.39 refine 2.97 [60 steps] finals 0.05)
  [495/800] f104_pair_group_0294 B z -8.128 (pess -7.835) -> G abstain | valid 17/17 | 3.44s (cem 0.38 refine 3.00 [60 steps] finals 0.05)
  [496/800] f104_pair_group_0295 B z -8.219 (pess -7.909) -> G abstain | valid 17/17 | 3.48s (cem 0.39 refine 3.03 [60 steps] finals 0.05)
  [497/800] f104_pair_group_0296 B z -2.372 (pess 0.675) -> G z -6.857 (pess -6.564) gain 7.239 from round0/sample step 49 | valid 17/17 | 3.46s (cem 0.39 refine 3.01 [60 steps] finals 0.05)
  [498/800] f104_pair_group_0297 B z -8.270 (pess -7.943) -> G abstain | valid 17/17 | 3.48s (cem 0.40 refine 3.01 [60 steps] finals 0.05)
  [499/800] f104_pair_group_0298 B z -8.198 (pess -7.850) -> G abstain | valid 17/17 | 3.34s (cem 0.38 refine 2.91 [60 steps] finals 0.05)
  [500/800] f104_pair_group_0299 B z -8.110 (pess -7.822) -> G abstain | valid 17/17 | 3.45s (cem 0.41 refine 2.97 [60 steps] finals 0.05)
  [501/800] f104_pair_group_0300 B z -8.266 (pess -7.970) -> G abstain | valid 17/17 | 3.42s (cem 0.39 refine 2.98 [60 steps] finals 0.05)
  [502/800] f104_pair_group_0301 B z -8.199 (pess -7.865) -> G abstain | valid 17/17 | 3.39s (cem 0.37 refine 2.96 [60 steps] finals 0.05)
  [503/800] f104_pair_group_0302 B z -8.187 (pess -7.886) -> G abstain | valid 17/17 | 3.43s (cem 0.38 refine 2.99 [60 steps] finals 0.06)
  [504/800] f104_pair_group_0303 B z -8.158 (pess -7.833) -> G abstain | valid 17/17 | 3.50s (cem 0.38 refine 3.06 [60 steps] finals 0.05)
  [505/800] f104_pair_group_0304 B z -8.045 (pess -7.538) -> G abstain | valid 17/17 | 3.43s (cem 0.37 refine 3.00 [60 steps] finals 0.05)
  [506/800] f104_pair_group_0305 B z -8.040 (pess -7.811) -> G abstain | valid 17/17 | 3.23s (cem 0.36 refine 2.81 [60 steps] finals 0.05)
  [507/800] f104_pair_group_0306 B z -7.977 (pess -7.718) -> G abstain | valid 17/17 | 2.92s (cem 0.38 refine 2.47 [60 steps] finals 0.05)
  [508/800] f104_pair_group_0307 B z -8.232 (pess -7.914) -> G abstain | valid 17/17 | 3.27s (cem 0.37 refine 2.84 [60 steps] finals 0.05)
  [509/800] f104_pair_group_0308 B z -8.208 (pess -7.814) -> G abstain | valid 17/17 | 3.34s (cem 0.38 refine 2.89 [60 steps] finals 0.05)
  [510/800] f104_pair_group_0309 B z -8.147 (pess -7.863) -> G abstain | valid 17/17 | 3.05s (cem 0.37 refine 2.61 [60 steps] finals 0.05)
  [511/800] f104_pair_group_0310 B z -8.239 (pess -7.924) -> G abstain | valid 17/17 | 3.42s (cem 0.39 refine 2.97 [60 steps] finals 0.05)
  [512/800] f104_pair_group_0311 B z -8.219 (pess -7.907) -> G abstain | valid 17/17 | 3.41s (cem 0.37 refine 2.97 [60 steps] finals 0.05)
  [513/800] f104_pair_group_0312 B z -8.310 (pess -7.941) -> G abstain | valid 17/17 | 3.43s (cem 0.36 refine 3.00 [60 steps] finals 0.05)
  [514/800] f104_pair_group_0313 B z -8.250 (pess -7.883) -> G abstain | valid 17/17 | 3.41s (cem 0.37 refine 2.98 [60 steps] finals 0.05)
  [515/800] f104_pair_group_0314 B z -4.572 (pess -2.004) -> G z -6.672 (pess -6.221) gain 4.221 from round0/anchor step 55 | valid 17/17 | 3.43s (cem 0.38 refine 2.99 [60 steps] finals 0.05)
