{
 "tool": "scripts/ag_subset.py",
 "tool_sha256": "3891a0064511666a19d63ff360c9e2b0f56f59d35e14337d1ca634870c590f39",
 "argv": [
  "--preset",
  "M1",
  "--world",
  "rigid",
  "--ds",
  "artifacts/traverse/arena_gator_20260925/e4/f104_hmmwv/ci_f104_hmmwv_both.npz",
  "--out",
  "artifacts/traverse/arena_gator_20260925/e4/subsets/M1_f104_hmmwv_rigid.npz"
 ],
 "preset": "M1",
 "world": "rigid",
 "vehicle": "hmmwv",
 "rule": "md5(group id) hex ascending within each arena, first N of the available training groups",
 "tiers": null,
 "ids_file": null,
 "ids_file_sha256": null,
 "n_ids": null,
 "ids_apply": null,
 "eval_rows": "intact",
 "keep_dev_fold": false,
 "use": "deploy or holdout",
 "per_arena": {
  "f104": {
   "requested": 1089,
   "available": 1089,
   "selected": 1089,
   "md5_last": "ff6c1c94283ff2f53fdbe88bfb694dc2",
   "dev_fold_groups_kept": 0,
   "train_groups_in_file": 1089,
   "train_rows": 84787,
   "train_rows_startup": 21780,
   "train_episodes": 21780,
   "val_groups": 56,
   "val_rows": 4358,
   "test_groups": 55,
   "test_rows": 4252,
   "fit_rows_holdout": 67368,
   "fit_groups_holdout": 865
  }
 },
 "rows": 93397,
 "fit_rows_deploy": 84787,
 "fit_rows_holdout": 67368,
 "eval_rows_val": 4358
}
wrote artifacts/traverse/arena_gator_20260925/e4/subsets/M1_f104_hmmwv_rigid.npz (93397 rows, 1.693 GB) in 64.7 s
