ci_planner: family free
world crm domain crm fixed2=False deployed tag 'crm_proposal'; reference picks /home/harry/NeDM-traverse_mppi/artifacts/traverse/crm_f104_v1/eval_v1/picks {'A': 'crm'} (found)
5 members from artifacts/traverse/generalist_20260921/A_adapt/train/branch_v2/ga_hist_aux_both_plusbranchboth_holdout_val_s*.pt on cuda: kinds ['ga_train'] conds ['hist_aux'] hist_T 40
   {'name': 'ga_hist_aux_both_plusbranchboth_holdout_val_s0.pt', 'kind': 'ga_train', 'cond': 'hist_aux', 'zdim': 16, 'nctx': 5, 'params': 262018}
   {'name': 'ga_hist_aux_both_plusbranchboth_holdout_val_s1.pt', 'kind': 'ga_train', 'cond': 'hist_aux', 'zdim': 16, 'nctx': 5, 'params': 262018}
   {'name': 'ga_hist_aux_both_plusbranchboth_holdout_val_s2.pt', 'kind': 'ga_train', 'cond': 'hist_aux', 'zdim': 16, 'nctx': 5, 'params': 262018}
   {'name': 'ga_hist_aux_both_plusbranchboth_holdout_val_s3.pt', 'kind': 'ga_train', 'cond': 'hist_aux', 'zdim': 16, 'nctx': 5, 'params': 262018}
   {'name': 'ga_hist_aux_both_plusbranchboth_holdout_val_s4.pt', 'kind': 'ga_train', 'cond': 'hist_aux', 'zdim': 16, 'nctx': 5, 'params': 262018}
  10/800  5s  B=-12.01  ref 0/0  hist n_valid 40 encodes 5
  20/800  9s  B=-9.49  ref 0/0  hist n_valid 40 encodes 5
  30/800  12s  B=-12.22  ref 0/0  hist n_valid 40 encodes 5
  40/800  16s  B=-7.69  ref 0/0  hist n_valid 40 encodes 5
  50/800  20s  B=-11.59  ref 0/0  hist n_valid 40 encodes 5
  60/800  24s  B=-10.54  ref 0/0  hist n_valid 40 encodes 5
  70/800  28s  B=-12.78  ref 0/0  hist n_valid 40 encodes 5
  80/800  31s  B=-12.62  ref 0/0  hist n_valid 40 encodes 5
  90/800  35s  B=-10.41  ref 0/0  hist n_valid 40 encodes 5
  100/800  39s  B=-11.85  ref 0/0  hist n_valid 40 encodes 5
  110/800  43s  B=-9.75  ref 0/0  hist n_valid 40 encodes 5
  120/800  47s  B=-10.02  ref 0/0  hist n_valid 40 encodes 5
  130/800  51s  B=-11.97  ref 0/0  hist n_valid 40 encodes 5
  140/800  54s  B=-12.42  ref 0/0  hist n_valid 40 encodes 5
  150/800  58s  B=-11.90  ref 0/0  hist n_valid 40 encodes 5
  160/800  62s  B=-11.43  ref 0/0  hist n_valid 40 encodes 5
  170/800  65s  B=-12.55  ref 0/0  hist n_valid 40 encodes 5
  180/800  69s  B=-12.82  ref 0/0  hist n_valid 40 encodes 5
  190/800  73s  B=-10.54  ref 0/0  hist n_valid 40 encodes 5
  200/800  77s  B=-8.11  ref 0/0  hist n_valid 40 encodes 5
  210/800  80s  B=-11.98  ref 0/0  hist n_valid 40 encodes 5
  220/800  84s  B=-11.25  ref 0/0  hist n_valid 40 encodes 5
  230/800  88s  B=-9.79  ref 0/0  hist n_valid 40 encodes 5
  240/800  92s  B=-9.31  ref 0/0  hist n_valid 40 encodes 5
  250/800  95s  B=-11.61  ref 0/0  hist n_valid 40 encodes 5
  260/800  99s  B=-11.49  ref 0/0  hist n_valid 40 encodes 5
  270/800  103s  B=-11.90  ref 0/0  hist n_valid 40 encodes 5
  280/800  107s  B=-10.74  ref 0/0  hist n_valid 40 encodes 5
  290/800  110s  B=-8.50  ref 0/0  hist n_valid 40 encodes 5
  300/800  114s  B=-11.07  ref 0/0  hist n_valid 40 encodes 5
  310/800  118s  B=-11.94  ref 0/0  hist n_valid 40 encodes 5
  320/800  122s  B=-11.44  ref 0/0  hist n_valid 40 encodes 5
  330/800  125s  B=-11.99  ref 0/0  hist n_valid 40 encodes 5
  340/800  129s  B=-10.82  ref 0/0  hist n_valid 40 encodes 5
  350/800  133s  B=-9.18  ref 0/0  hist n_valid 40 encodes 5
  360/800  137s  B=-9.35  ref 0/0  hist n_valid 40 encodes 5
  370/800  140s  B=-11.50  ref 0/0  hist n_valid 40 encodes 5
  380/800  144s  B=-4.24  ref 0/0  hist n_valid 40 encodes 5
  390/800  148s  B=-12.43  ref 0/0  hist n_valid 40 encodes 5
  400/800  151s  B=-10.88  ref 0/0  hist n_valid 40 encodes 5
  410/800  155s  B=-9.01  ref 0/0  hist n_valid 40 encodes 5
  420/800  159s  B=-11.39  ref 0/0  hist n_valid 40 encodes 5
  430/800  163s  B=-11.54  ref 0/0  hist n_valid 40 encodes 5
  440/800  166s  B=-12.33  ref 0/0  hist n_valid 40 encodes 5
  450/800  170s  B=-12.38  ref 0/0  hist n_valid 40 encodes 5
  460/800  174s  B=-11.04  ref 0/0  hist n_valid 40 encodes 5
  470/800  178s  B=-11.93  ref 0/0  hist n_valid 40 encodes 5
  480/800  181s  B=2.50  ref 0/0  hist n_valid 40 encodes 5
  490/800  185s  B=-8.53  ref 0/0  hist n_valid 40 encodes 5
  500/800  189s  B=-8.98  ref 0/0  hist n_valid 40 encodes 5
  510/800  193s  B=-12.32  ref 0/0  hist n_valid 40 encodes 5
  520/800  196s  B=-11.00  ref 0/0  hist n_valid 40 encodes 5
  530/800  200s  B=-11.89  ref 0/0  hist n_valid 40 encodes 5
  540/800  204s  B=-8.98  ref 0/0  hist n_valid 40 encodes 5
  550/800  208s  B=-11.35  ref 0/0  hist n_valid 40 encodes 5
  560/800  211s  B=-10.80  ref 0/0  hist n_valid 40 encodes 5
  570/800  215s  B=-11.91  ref 0/0  hist n_valid 40 encodes 5
  580/800  219s  B=-9.04  ref 0/0  hist n_valid 40 encodes 5
  590/800  223s  B=-11.75  ref 0/0  hist n_valid 40 encodes 5
  600/800  226s  B=1.55  ref 0/0  hist n_valid 40 encodes 5
  610/800  230s  B=-12.27  ref 0/0  hist n_valid 40 encodes 5
  620/800  234s  B=-12.84  ref 0/0  hist n_valid 40 encodes 5
  630/800  238s  B=-12.52  ref 0/0  hist n_valid 40 encodes 5
  640/800  241s  B=-7.17  ref 0/0  hist n_valid 40 encodes 5
  650/800  245s  B=-11.64  ref 0/0  hist n_valid 40 encodes 5
  660/800  249s  B=-1.34  ref 0/0  hist n_valid 40 encodes 5
  670/800  253s  B=1.02  ref 0/0  hist n_valid 40 encodes 5
  680/800  256s  B=-12.51  ref 0/0  hist n_valid 40 encodes 5
  690/800  260s  B=-12.38  ref 0/0  hist n_valid 40 encodes 5
  700/800  264s  B=-0.86  ref 0/0  hist n_valid 40 encodes 5
  710/800  268s  B=-9.89  ref 0/0  hist n_valid 40 encodes 5
  720/800  271s  B=-4.78  ref 0/0  hist n_valid 40 encodes 5
  730/800  275s  B=-11.40  ref 0/0  hist n_valid 40 encodes 5
  740/800  279s  B=-11.05  ref 0/0  hist n_valid 40 encodes 5
  750/800  283s  B=-11.48  ref 0/0  hist n_valid 40 encodes 5
  760/800  286s  B=-11.50  ref 0/0  hist n_valid 40 encodes 5
  770/800  290s  B=-11.94  ref 0/0  hist n_valid 40 encodes 5
  780/800  294s  B=0.41  ref 0/0  hist n_valid 40 encodes 5
  790/800  297s  B=-12.42  ref 0/0  hist n_valid 40 encodes 5
  800/800  301s  B=-11.13  ref 0/0  hist n_valid 40 encodes 5
{"world": "crm", "domain": "crm", "fixed2": false, "n_groups": 800, "arms": ["B"], "tags": {"B": "n2iter_cem4x64"}, "deployed_tag": "crm_proposal", "models": "artifacts/traverse/generalist_20260921/A_adapt/train/branch_v2/ga_hist_aux_both_plusbranchboth_holdout_val_s*.pt", "model_kinds": ["ga_train"], "conds": ["hist_aux"], "map_root": "artifacts/traverse/crm_f104_v1/map_root", "rigid_arena": null, "n_distinct_routes": 800, "n_new_drives": 800, "selftest_groups": [], "corridors_batched": true, "float16_scoring": true, "pose_sources": ["poses_file"], "base_sources": ["base_route(pose, goal)"], "extra": null, "cluster_prefix": null, "wall_s_total": 301.2555408477783, "agreement": {}}
B cem4x64          z_mean -9.227 (med -10.620) z_pess -7.589 P 0.0480 T 17.5s v 3.09 start-pose dist max 0.000 m  wall 0.37s/group
reference check: 0/0 picks equal {'A': 'crm'} in /home/harry/NeDM-traverse_mppi/artifacts/traverse/crm_f104_v1/eval_v1/picks; 800 distinct routes, 800 new drives; agreement {}; history encodes 4000 (= 5 members x 800 decisions)
family free arm B: n 800 speed step mean +0.218 |max| 4.465 bins {'-inf..-1.5': 56, '-1.5..-0.5': 201, '-0.5..0.5': 258, '0.5..1.5': 143, '1.5..inf': 142}; start heading mean 22.1 max 50.9 bins {'0..5': 116, '5..15': 171, '15..30': 258, '30..inf': 255}; accel [-2.000, 1.500]; acceptance 0.859; v0 sources {'history_window': 800} cross-check 0.00e+00
