10:50:30 deploy checkpoints 4/10
10:53:32 deploy checkpoints 5/10
10:56:33 deploy checkpoints 6/10
10:59:35 deploy checkpoints 7/10
11:02:37 deploy checkpoints 7/10
11:05:39 deploy checkpoints 7/10
11:08:40 deploy checkpoints 7/10
11:11:42 deploy checkpoints 7/10
11:14:44 deploy checkpoints 8/10
11:17:45 deploy checkpoints 8/10
11:20:47 deploy checkpoints 8/10
11:23:49 deploy checkpoints 8/10
11:26:51 deploy checkpoints 9/10
11:29:52 deploy checkpoints 9/10
11:32:54 deploy checkpoints 9/10
11:35:56 deploy checkpoints 9/10
11:38:57 deploy checkpoints 9/10
11:42:03 synced deploy: 10 checkpoints
12:02:39 planning done
crm 3200 rows 3155 run
rigid 3200 rows 3190 run
submitted ci_s2n 431663 431664 ci_rs2n 431668
12:05:09 S2 new-ensemble drives launched
