112 pick runs for set unseen, 8 in parallel; jobs artifacts/traverse/arena_gator_20260925/e6/picks/jobs_unseen.txt
OK artifacts/traverse/arena_gator_20260925/e6/picks/rigid/g260/A3_fixed2
OK artifacts/traverse/arena_gator_20260925/e6/picks/rigid/g260/M1b_free
OK artifacts/traverse/arena_gator_20260925/e6/picks/rigid/g260/M3b_fixed2
OK artifacts/traverse/arena_gator_20260925/e6/picks/rigid/g260/M3a_fixed2
OK artifacts/traverse/arena_gator_20260925/e6/picks/rigid/g260/M1b_fixed2
OK artifacts/traverse/arena_gator_20260925/e6/picks/rigid/g260/M2_fixed2
OK artifacts/traverse/arena_gator_20260925/e6/picks/rigid/g260/M1a_free
OK artifacts/traverse/arena_gator_20260925/e6/picks/rigid/g260/M1a_fixed2
OK artifacts/traverse/arena_gator_20260925/e6/picks/rigid/g260/straight2
OK artifacts/traverse/arena_gator_20260925/e6/picks/rigid/g260/straight6
OK artifacts/traverse/arena_gator_20260925/e6/picks/rigid/g260/M3b_free
OK artifacts/traverse/arena_gator_20260925/e6/picks/rigid/g260/M3a_free
OK artifacts/traverse/arena_gator_20260925/e6/picks/rigid/g260/M2_free
OK artifacts/traverse/arena_gator_20260925/e6/picks/rigid/g271/M1a_fixed2
OK artifacts/traverse/arena_gator_20260925/e6/picks/rigid/g271/M1b_fixed2
OK artifacts/traverse/arena_gator_20260925/e6/picks/rigid/g260/A3_free
OK artifacts/traverse/arena_gator_20260925/e6/picks/rigid/g271/M2_fixed2
OK artifacts/traverse/arena_gator_20260925/e6/picks/rigid/g271/M3a_fixed2
OK artifacts/traverse/arena_gator_20260925/e6/picks/rigid/g271/M3b_fixed2
OK artifacts/traverse/arena_gator_20260925/e6/picks/rigid/g271/A3_fixed2
OK artifacts/traverse/arena_gator_20260925/e6/picks/rigid/g271/M1b_free
OK artifacts/traverse/arena_gator_20260925/e6/picks/rigid/g271/M1a_free
OK artifacts/traverse/arena_gator_20260925/e6/picks/rigid/g271/M2_free
OK artifacts/traverse/arena_gator_20260925/e6/picks/rigid/g271/M3a_free
OK artifacts/traverse/arena_gator_20260925/e6/picks/rigid/g271/M3b_free
OK artifacts/traverse/arena_gator_20260925/e6/picks/rigid/g271/A3_free
OK artifacts/traverse/arena_gator_20260925/e6/picks/rigid/g271/straight6
OK artifacts/traverse/arena_gator_20260925/e6/picks/rigid/g271/straight2
OK artifacts/traverse/arena_gator_20260925/e6/picks/rigid/g251/M1a_fixed2
OK artifacts/traverse/arena_gator_20260925/e6/picks/rigid/g251/M1b_fixed2
OK artifacts/traverse/arena_gator_20260925/e6/picks/rigid/g251/M2_fixed2
OK artifacts/traverse/arena_gator_20260925/e6/picks/rigid/g251/M3a_fixed2
OK artifacts/traverse/arena_gator_20260925/e6/picks/rigid/g251/M3b_fixed2
OK artifacts/traverse/arena_gator_20260925/e6/picks/rigid/g251/A3_fixed2
OK artifacts/traverse/arena_gator_20260925/e6/picks/rigid/g251/M1a_free
OK artifacts/traverse/arena_gator_20260925/e6/picks/rigid/g251/M1b_free
OK artifacts/traverse/arena_gator_20260925/e6/picks/rigid/g251/straight6
OK artifacts/traverse/arena_gator_20260925/e6/picks/rigid/g251/straight2
OK artifacts/traverse/arena_gator_20260925/e6/picks/rigid/g251/M2_free
OK artifacts/traverse/arena_gator_20260925/e6/picks/rigid/g251/M3a_free
OK artifacts/traverse/arena_gator_20260925/e6/picks/rigid/g251/M3b_free
OK artifacts/traverse/arena_gator_20260925/e6/picks/rigid/g251/A3_free
OK artifacts/traverse/arena_gator_20260925/e6/picks/rigid/g247/M1a_fixed2
OK artifacts/traverse/arena_gator_20260925/e6/picks/rigid/g247/M1b_fixed2
OK artifacts/traverse/arena_gator_20260925/e6/picks/rigid/g247/M2_fixed2
OK artifacts/traverse/arena_gator_20260925/e6/picks/rigid/g247/M3a_fixed2
OK artifacts/traverse/arena_gator_20260925/e6/picks/rigid/g247/M3b_fixed2
OK artifacts/traverse/arena_gator_20260925/e6/picks/rigid/g247/A3_fixed2
OK artifacts/traverse/arena_gator_20260925/e6/picks/rigid/g247/M1a_free
OK artifacts/traverse/arena_gator_20260925/e6/picks/rigid/g247/M1b_free
OK artifacts/traverse/arena_gator_20260925/e6/picks/rigid/g247/straight6
OK artifacts/traverse/arena_gator_20260925/e6/picks/rigid/g247/M2_free
OK artifacts/traverse/arena_gator_20260925/e6/picks/rigid/g247/straight2
OK artifacts/traverse/arena_gator_20260925/e6/picks/rigid/g247/M3a_free
OK artifacts/traverse/arena_gator_20260925/e6/picks/rigid/g247/A3_free
OK artifacts/traverse/arena_gator_20260925/e6/picks/rigid/g247/M3b_free
OK artifacts/traverse/arena_gator_20260925/e6/picks/rigid/g258/M1a_fixed2
OK artifacts/traverse/arena_gator_20260925/e6/picks/rigid/g258/M1b_fixed2
OK artifacts/traverse/arena_gator_20260925/e6/picks/rigid/g258/M2_fixed2
OK artifacts/traverse/arena_gator_20260925/e6/picks/rigid/g258/M3b_fixed2
OK artifacts/traverse/arena_gator_20260925/e6/picks/rigid/g258/M3a_fixed2
OK artifacts/traverse/arena_gator_20260925/e6/picks/rigid/g258/A3_fixed2
OK artifacts/traverse/arena_gator_20260925/e6/picks/rigid/g258/M1a_free
OK artifacts/traverse/arena_gator_20260925/e6/picks/rigid/g258/M1b_free
OK artifacts/traverse/arena_gator_20260925/e6/picks/rigid/g258/straight6
OK artifacts/traverse/arena_gator_20260925/e6/picks/rigid/g258/straight2
OK artifacts/traverse/arena_gator_20260925/e6/picks/rigid/g258/M2_free
OK artifacts/traverse/arena_gator_20260925/e6/picks/rigid/g258/M3a_free
OK artifacts/traverse/arena_gator_20260925/e6/picks/rigid/g258/M3b_free
OK artifacts/traverse/arena_gator_20260925/e6/picks/rigid/g258/A3_free
OK artifacts/traverse/arena_gator_20260925/e6/picks/rigid/g268/M1a_fixed2
OK artifacts/traverse/arena_gator_20260925/e6/picks/rigid/g268/M1b_fixed2
OK artifacts/traverse/arena_gator_20260925/e6/picks/rigid/g268/M3a_fixed2
OK artifacts/traverse/arena_gator_20260925/e6/picks/rigid/g268/M2_fixed2
OK artifacts/traverse/arena_gator_20260925/e6/picks/rigid/g268/A3_fixed2
OK artifacts/traverse/arena_gator_20260925/e6/picks/rigid/g268/M3b_fixed2
OK artifacts/traverse/arena_gator_20260925/e6/picks/rigid/g268/M1a_free
OK artifacts/traverse/arena_gator_20260925/e6/picks/rigid/g268/straight6
OK artifacts/traverse/arena_gator_20260925/e6/picks/rigid/g268/straight2
OK artifacts/traverse/arena_gator_20260925/e6/picks/rigid/g268/M1b_free
OK artifacts/traverse/arena_gator_20260925/e6/picks/rigid/g268/M2_free
OK artifacts/traverse/arena_gator_20260925/e6/picks/rigid/g268/M3a_free
OK artifacts/traverse/arena_gator_20260925/e6/picks/rigid/g268/M3b_free
OK artifacts/traverse/arena_gator_20260925/e6/picks/rigid/g268/A3_free
OK artifacts/traverse/arena_gator_20260925/e6/picks/rigid/g263/M1b_fixed2
OK artifacts/traverse/arena_gator_20260925/e6/picks/rigid/g263/M1a_fixed2
OK artifacts/traverse/arena_gator_20260925/e6/picks/rigid/g263/M2_fixed2
OK artifacts/traverse/arena_gator_20260925/e6/picks/rigid/g263/M3a_fixed2
OK artifacts/traverse/arena_gator_20260925/e6/picks/rigid/g263/M3b_fixed2
OK artifacts/traverse/arena_gator_20260925/e6/picks/rigid/g263/A3_fixed2
OK artifacts/traverse/arena_gator_20260925/e6/picks/rigid/g263/M1a_free
OK artifacts/traverse/arena_gator_20260925/e6/picks/rigid/g263/M1b_free
OK artifacts/traverse/arena_gator_20260925/e6/picks/rigid/g263/straight2
OK artifacts/traverse/arena_gator_20260925/e6/picks/rigid/g263/straight6
OK artifacts/traverse/arena_gator_20260925/e6/picks/rigid/g263/A3_free
OK artifacts/traverse/arena_gator_20260925/e6/picks/rigid/g263/M3b_free
OK artifacts/traverse/arena_gator_20260925/e6/picks/rigid/g263/M2_free
OK artifacts/traverse/arena_gator_20260925/e6/picks/rigid/g263/M3a_free
OK artifacts/traverse/arena_gator_20260925/e6/picks/rigid/g241/M1a_fixed2
OK artifacts/traverse/arena_gator_20260925/e6/picks/rigid/g241/M1b_fixed2
OK artifacts/traverse/arena_gator_20260925/e6/picks/rigid/g241/M3a_fixed2
OK artifacts/traverse/arena_gator_20260925/e6/picks/rigid/g241/M2_fixed2
OK artifacts/traverse/arena_gator_20260925/e6/picks/rigid/g241/A3_fixed2
OK artifacts/traverse/arena_gator_20260925/e6/picks/rigid/g241/M3b_fixed2
OK artifacts/traverse/arena_gator_20260925/e6/picks/rigid/g241/M1b_free
OK artifacts/traverse/arena_gator_20260925/e6/picks/rigid/g241/M1a_free
OK artifacts/traverse/arena_gator_20260925/e6/picks/rigid/g241/M2_free
OK artifacts/traverse/arena_gator_20260925/e6/picks/rigid/g241/straight6
OK artifacts/traverse/arena_gator_20260925/e6/picks/rigid/g241/straight2
OK artifacts/traverse/arena_gator_20260925/e6/picks/rigid/g241/M3a_free
OK artifacts/traverse/arena_gator_20260925/e6/picks/rigid/g241/M3b_free
OK artifacts/traverse/arena_gator_20260925/e6/picks/rigid/g241/A3_free
set unseen done
