56 pick runs for set unseen, 6 in parallel; jobs artifacts/traverse/arena_gator_20260925/e6/picks/jobs_crm_unseen.txt
OK artifacts/traverse/arena_gator_20260925/e6/picks/crm/g260/M3b_free
OK artifacts/traverse/arena_gator_20260925/e6/picks/crm/g260/M3a_free
OK artifacts/traverse/arena_gator_20260925/e6/picks/crm/g260/M2_free
OK artifacts/traverse/arena_gator_20260925/e6/picks/crm/g260/M1b_free
OK artifacts/traverse/arena_gator_20260925/e6/picks/crm/g260/M1a_free
OK artifacts/traverse/arena_gator_20260925/e6/picks/crm/g260/A3_free
OK artifacts/traverse/arena_gator_20260925/e6/picks/crm/g260/straight6
OK artifacts/traverse/arena_gator_20260925/e6/picks/crm/g271/M3a_free
OK artifacts/traverse/arena_gator_20260925/e6/picks/crm/g271/A3_free
OK artifacts/traverse/arena_gator_20260925/e6/picks/crm/g271/M1a_free
OK artifacts/traverse/arena_gator_20260925/e6/picks/crm/g271/M2_free
OK artifacts/traverse/arena_gator_20260925/e6/picks/crm/g271/M3b_free
OK artifacts/traverse/arena_gator_20260925/e6/picks/crm/g271/M1b_free
OK artifacts/traverse/arena_gator_20260925/e6/picks/crm/g271/straight6
OK artifacts/traverse/arena_gator_20260925/e6/picks/crm/g251/M3a_free
OK artifacts/traverse/arena_gator_20260925/e6/picks/crm/g251/M1a_free
OK artifacts/traverse/arena_gator_20260925/e6/picks/crm/g251/M3b_free
OK artifacts/traverse/arena_gator_20260925/e6/picks/crm/g251/A3_free
OK artifacts/traverse/arena_gator_20260925/e6/picks/crm/g251/M2_free
OK artifacts/traverse/arena_gator_20260925/e6/picks/crm/g251/straight6
OK artifacts/traverse/arena_gator_20260925/e6/picks/crm/g251/M1b_free
OK artifacts/traverse/arena_gator_20260925/e6/picks/crm/g247/M1a_free
OK artifacts/traverse/arena_gator_20260925/e6/picks/crm/g247/M3a_free
OK artifacts/traverse/arena_gator_20260925/e6/picks/crm/g247/A3_free
OK artifacts/traverse/arena_gator_20260925/e6/picks/crm/g247/M3b_free
OK artifacts/traverse/arena_gator_20260925/e6/picks/crm/g247/straight6
OK artifacts/traverse/arena_gator_20260925/e6/picks/crm/g247/M1b_free
OK artifacts/traverse/arena_gator_20260925/e6/picks/crm/g247/M2_free
OK artifacts/traverse/arena_gator_20260925/e6/picks/crm/g258/M3a_free
OK artifacts/traverse/arena_gator_20260925/e6/picks/crm/g258/M1a_free
OK artifacts/traverse/arena_gator_20260925/e6/picks/crm/g258/A3_free
OK artifacts/traverse/arena_gator_20260925/e6/picks/crm/g258/M3b_free
OK artifacts/traverse/arena_gator_20260925/e6/picks/crm/g258/M2_free
OK artifacts/traverse/arena_gator_20260925/e6/picks/crm/g258/M1b_free
OK artifacts/traverse/arena_gator_20260925/e6/picks/crm/g258/straight6
OK artifacts/traverse/arena_gator_20260925/e6/picks/crm/g268/M1a_free
OK artifacts/traverse/arena_gator_20260925/e6/picks/crm/g268/M3a_free
OK artifacts/traverse/arena_gator_20260925/e6/picks/crm/g268/A3_free
OK artifacts/traverse/arena_gator_20260925/e6/picks/crm/g268/M3b_free
OK artifacts/traverse/arena_gator_20260925/e6/picks/crm/g268/M2_free
OK artifacts/traverse/arena_gator_20260925/e6/picks/crm/g268/M1b_free
OK artifacts/traverse/arena_gator_20260925/e6/picks/crm/g268/straight6
OK artifacts/traverse/arena_gator_20260925/e6/picks/crm/g263/M1a_free
OK artifacts/traverse/arena_gator_20260925/e6/picks/crm/g263/M3a_free
OK artifacts/traverse/arena_gator_20260925/e6/picks/crm/g263/M2_free
OK artifacts/traverse/arena_gator_20260925/e6/picks/crm/g263/A3_free
OK artifacts/traverse/arena_gator_20260925/e6/picks/crm/g263/M3b_free
OK artifacts/traverse/arena_gator_20260925/e6/picks/crm/g263/M1b_free
OK artifacts/traverse/arena_gator_20260925/e6/picks/crm/g263/straight6
OK artifacts/traverse/arena_gator_20260925/e6/picks/crm/g241/M3a_free
OK artifacts/traverse/arena_gator_20260925/e6/picks/crm/g241/M3b_free
OK artifacts/traverse/arena_gator_20260925/e6/picks/crm/g241/M1a_free
OK artifacts/traverse/arena_gator_20260925/e6/picks/crm/g241/A3_free
OK artifacts/traverse/arena_gator_20260925/e6/picks/crm/g241/M2_free
OK artifacts/traverse/arena_gator_20260925/e6/picks/crm/g241/M1b_free
OK artifacts/traverse/arena_gator_20260925/e6/picks/crm/g241/straight6
set unseen done
