ci_planner: family cont_head max start heading 20 deg
world crm domain crm fixed2=False deployed tag 'crm_proposal'; reference picks /home/harry/NeDM-traverse_mppi/artifacts/traverse/crm_f104_v1/eval_v1/picks {'A': 'crm'} (found)
5 members from artifacts/traverse/generalist_20260921/A_adapt/train/deploy_v1/Sp_crm_deploy_s*.pt on cuda: kinds ['ga_train'] conds ['none'] hist_T 40
   {'name': 'Sp_crm_deploy_s0.pt', 'kind': 'ga_train', 'cond': 'none', 'zdim': 0, 'nctx': 5, 'params': 256161}
   {'name': 'Sp_crm_deploy_s1.pt', 'kind': 'ga_train', 'cond': 'none', 'zdim': 0, 'nctx': 5, 'params': 256161}
   {'name': 'Sp_crm_deploy_s2.pt', 'kind': 'ga_train', 'cond': 'none', 'zdim': 0, 'nctx': 5, 'params': 256161}
   {'name': 'Sp_crm_deploy_s3.pt', 'kind': 'ga_train', 'cond': 'none', 'zdim': 0, 'nctx': 5, 'params': 256161}
   {'name': 'Sp_crm_deploy_s4.pt', 'kind': 'ga_train', 'cond': 'none', 'zdim': 0, 'nctx': 5, 'params': 256161}
  10/800  6s  B=-12.24  ref 0/0  hist n_valid 40 encodes 0
  20/800  12s  B=-2.50  ref 0/0  hist n_valid 40 encodes 0
  30/800  17s  B=-11.92  ref 0/0  hist n_valid 40 encodes 0
  40/800  23s  B=-1.13  ref 0/0  hist n_valid 40 encodes 0
  50/800  29s  B=-3.46  ref 0/0  hist n_valid 40 encodes 0
  60/800  34s  B=-11.21  ref 0/0  hist n_valid 40 encodes 0
  70/800  40s  B=-12.80  ref 0/0  hist n_valid 40 encodes 0
  80/800  46s  B=-12.90  ref 0/0  hist n_valid 40 encodes 0
  90/800  51s  B=1.93  ref 0/0  hist n_valid 40 encodes 0
  100/800  57s  B=-12.36  ref 0/0  hist n_valid 40 encodes 0
  110/800  62s  B=-9.36  ref 0/0  hist n_valid 40 encodes 0
  120/800  68s  B=-7.24  ref 0/0  hist n_valid 40 encodes 0
  130/800  73s  B=-13.10  ref 0/0  hist n_valid 40 encodes 0
  140/800  79s  B=-12.79  ref 0/0  hist n_valid 40 encodes 0
  150/800  84s  B=-12.13  ref 0/0  hist n_valid 40 encodes 0
  160/800  89s  B=-8.17  ref 0/0  hist n_valid 40 encodes 0
  170/800  95s  B=-12.60  ref 0/0  hist n_valid 40 encodes 0
  180/800  100s  B=-12.80  ref 0/0  hist n_valid 40 encodes 0
  190/800  105s  B=-9.89  ref 0/0  hist n_valid 40 encodes 0
  200/800  110s  B=-1.13  ref 0/0  hist n_valid 40 encodes 0
  210/800  115s  B=-12.61  ref 0/0  hist n_valid 40 encodes 0
  220/800  121s  B=-12.67  ref 0/0  hist n_valid 40 encodes 0
  230/800  127s  B=-10.65  ref 0/0  hist n_valid 40 encodes 0
  240/800  132s  B=-10.50  ref 0/0  hist n_valid 40 encodes 0
  250/800  137s  B=-12.59  ref 0/0  hist n_valid 40 encodes 0
  260/800  142s  B=-12.30  ref 0/0  hist n_valid 40 encodes 0
  270/800  147s  B=-12.68  ref 0/0  hist n_valid 40 encodes 0
  280/800  153s  B=-11.96  ref 0/0  hist n_valid 40 encodes 0
  290/800  158s  B=-10.49  ref 0/0  hist n_valid 40 encodes 0
  300/800  164s  B=-9.90  ref 0/0  hist n_valid 40 encodes 0
  310/800  169s  B=-11.65  ref 0/0  hist n_valid 40 encodes 0
  320/800  174s  B=-9.14  ref 0/0  hist n_valid 40 encodes 0
  330/800  179s  B=-12.25  ref 0/0  hist n_valid 40 encodes 0
  340/800  183s  B=-11.30  ref 0/0  hist n_valid 40 encodes 0
  350/800  188s  B=-9.71  ref 0/0  hist n_valid 40 encodes 0
  360/800  193s  B=-9.58  ref 0/0  hist n_valid 40 encodes 0
  370/800  198s  B=-12.45  ref 0/0  hist n_valid 40 encodes 0
  380/800  203s  B=-4.32  ref 0/0  hist n_valid 40 encodes 0
  390/800  207s  B=-12.72  ref 0/0  hist n_valid 40 encodes 0
  400/800  212s  B=-11.52  ref 0/0  hist n_valid 40 encodes 0
  410/800  217s  B=-10.21  ref 0/0  hist n_valid 40 encodes 0
  420/800  221s  B=-10.50  ref 0/0  hist n_valid 40 encodes 0
  430/800  226s  B=-11.97  ref 0/0  hist n_valid 40 encodes 0
  440/800  230s  B=-12.79  ref 0/0  hist n_valid 40 encodes 0
  450/800  235s  B=-11.91  ref 0/0  hist n_valid 40 encodes 0
  460/800  240s  B=-11.76  ref 0/0  hist n_valid 40 encodes 0
  470/800  245s  B=-12.12  ref 0/0  hist n_valid 40 encodes 0
  480/800  249s  B=3.47  ref 0/0  hist n_valid 40 encodes 0
  490/800  254s  B=-1.73  ref 0/0  hist n_valid 40 encodes 0
  500/800  259s  B=-11.12  ref 0/0  hist n_valid 40 encodes 0
  510/800  264s  B=-12.68  ref 0/0  hist n_valid 40 encodes 0
  520/800  268s  B=-12.61  ref 0/0  hist n_valid 40 encodes 0
  530/800  273s  B=-12.35  ref 0/0  hist n_valid 40 encodes 0
  540/800  278s  B=-8.62  ref 0/0  hist n_valid 40 encodes 0
  550/800  283s  B=-11.38  ref 0/0  hist n_valid 40 encodes 0
  560/800  287s  B=-12.13  ref 0/0  hist n_valid 40 encodes 0
  570/800  292s  B=-1.56  ref 0/0  hist n_valid 40 encodes 0
  580/800  297s  B=-11.82  ref 0/0  hist n_valid 40 encodes 0
  590/800  301s  B=-9.84  ref 0/0  hist n_valid 40 encodes 0
  600/800  306s  B=2.50  ref 0/0  hist n_valid 40 encodes 0
  610/800  311s  B=-12.89  ref 0/0  hist n_valid 40 encodes 0
  620/800  316s  B=-12.52  ref 0/0  hist n_valid 40 encodes 0
  630/800  321s  B=-12.79  ref 0/0  hist n_valid 40 encodes 0
  640/800  325s  B=-9.92  ref 0/0  hist n_valid 40 encodes 0
  650/800  330s  B=-12.61  ref 0/0  hist n_valid 40 encodes 0
  660/800  335s  B=2.07  ref 0/0  hist n_valid 40 encodes 0
  670/800  340s  B=3.29  ref 0/0  hist n_valid 40 encodes 0
  680/800  345s  B=-12.94  ref 0/0  hist n_valid 40 encodes 0
  690/800  350s  B=-12.88  ref 0/0  hist n_valid 40 encodes 0
  700/800  354s  B=3.57  ref 0/0  hist n_valid 40 encodes 0
  710/800  359s  B=-11.18  ref 0/0  hist n_valid 40 encodes 0
  720/800  364s  B=0.08  ref 0/0  hist n_valid 40 encodes 0
  730/800  368s  B=-11.27  ref 0/0  hist n_valid 40 encodes 0
  740/800  373s  B=-12.66  ref 0/0  hist n_valid 40 encodes 0
  750/800  378s  B=-12.76  ref 0/0  hist n_valid 40 encodes 0
  760/800  382s  B=-12.53  ref 0/0  hist n_valid 40 encodes 0
  770/800  387s  B=-11.62  ref 0/0  hist n_valid 40 encodes 0
  780/800  393s  B=3.29  ref 0/0  hist n_valid 40 encodes 0
  790/800  398s  B=-12.82  ref 0/0  hist n_valid 40 encodes 0
  800/800  403s  B=-12.53  ref 0/0  hist n_valid 40 encodes 0
{"world": "crm", "domain": "crm", "fixed2": false, "n_groups": 800, "arms": ["B"], "tags": {"B": "n2iter_cem4x64"}, "deployed_tag": "crm_proposal", "models": "artifacts/traverse/generalist_20260921/A_adapt/train/deploy_v1/Sp_crm_deploy_s*.pt", "model_kinds": ["ga_train"], "conds": ["none"], "map_root": "artifacts/traverse/crm_f104_v1/map_root", "rigid_arena": null, "n_distinct_routes": 800, "n_new_drives": 800, "selftest_groups": [], "corridors_batched": true, "float16_scoring": true, "pose_sources": ["poses_file"], "base_sources": ["base_route(pose, goal)"], "extra": null, "cluster_prefix": null, "wall_s_total": 403.0433189868927, "agreement": {}}
B cem4x64          z_mean -8.536 (med -11.146) z_pess -7.103 P 0.1395 T 17.9s v 3.16 start-pose dist max 0.000 m  wall 0.50s/group
reference check: 0/0 picks equal {'A': 'crm'} in /home/harry/NeDM-traverse_mppi/artifacts/traverse/crm_f104_v1/eval_v1/picks; 800 distinct routes, 800 new drives; agreement {}; history encodes 0 (= 0 members x 800 decisions)
family cont_head arm B: n 800 speed step mean +0.000 |max| 0.000 bins {'-inf..-1.5': 0, '-1.5..-0.5': 0, '-0.5..0.5': 800, '0.5..1.5': 0, '1.5..inf': 0}; start heading mean 9.8 max 20.0 bins {'0..5': 241, '5..15': 338, '15..30': 221, '30..inf': 0}; accel [-2.000, 1.500]; acceptance 0.610; v0 sources {'history_window': 800} cross-check 0.00e+00
