ci_planner: family cont
world crm domain crm fixed2=False deployed tag 'crm_proposal'; reference picks /home/harry/NeDM-traverse_mppi/artifacts/traverse/crm_f104_v1/eval_v1/picks {'A': 'crm'} (found)
5 members from artifacts/traverse/generalist_20260921/A_adapt/train/deploy_v1/H_deploy_s*.pt on cuda: kinds ['ga_train'] conds ['hist_aux'] hist_T 40
   {'name': 'H_deploy_s0.pt', 'kind': 'ga_train', 'cond': 'hist_aux', 'zdim': 16, 'nctx': 5, 'params': 262018}
   {'name': 'H_deploy_s1.pt', 'kind': 'ga_train', 'cond': 'hist_aux', 'zdim': 16, 'nctx': 5, 'params': 262018}
   {'name': 'H_deploy_s2.pt', 'kind': 'ga_train', 'cond': 'hist_aux', 'zdim': 16, 'nctx': 5, 'params': 262018}
   {'name': 'H_deploy_s3.pt', 'kind': 'ga_train', 'cond': 'hist_aux', 'zdim': 16, 'nctx': 5, 'params': 262018}
   {'name': 'H_deploy_s4.pt', 'kind': 'ga_train', 'cond': 'hist_aux', 'zdim': 16, 'nctx': 5, 'params': 262018}
  10/800  5s  B=-12.06  ref 0/0  hist n_valid 40 encodes 5
  20/800  10s  B=-10.85  ref 0/0  hist n_valid 40 encodes 5
  30/800  15s  B=-12.13  ref 0/0  hist n_valid 40 encodes 5
  40/800  19s  B=-4.83  ref 0/0  hist n_valid 40 encodes 5
  50/800  24s  B=-11.79  ref 0/0  hist n_valid 40 encodes 5
  60/800  28s  B=-10.52  ref 0/0  hist n_valid 40 encodes 5
  70/800  33s  B=-12.29  ref 0/0  hist n_valid 40 encodes 5
  80/800  38s  B=-12.02  ref 0/0  hist n_valid 40 encodes 5
  90/800  42s  B=-3.35  ref 0/0  hist n_valid 40 encodes 5
  100/800  47s  B=-11.29  ref 0/0  hist n_valid 40 encodes 5
  110/800  52s  B=-8.19  ref 0/0  hist n_valid 40 encodes 5
  120/800  57s  B=-9.82  ref 0/0  hist n_valid 40 encodes 5
  130/800  61s  B=-11.81  ref 0/0  hist n_valid 40 encodes 5
  140/800  66s  B=-12.16  ref 0/0  hist n_valid 40 encodes 5
  150/800  71s  B=-11.21  ref 0/0  hist n_valid 40 encodes 5
  160/800  75s  B=-11.20  ref 0/0  hist n_valid 40 encodes 5
  170/800  80s  B=-12.02  ref 0/0  hist n_valid 40 encodes 5
  180/800  85s  B=-12.34  ref 0/0  hist n_valid 40 encodes 5
  190/800  89s  B=-10.63  ref 0/0  hist n_valid 40 encodes 5
  200/800  94s  B=-6.48  ref 0/0  hist n_valid 40 encodes 5
  210/800  99s  B=-12.40  ref 0/0  hist n_valid 40 encodes 5
  220/800  104s  B=-9.97  ref 0/0  hist n_valid 40 encodes 5
  230/800  108s  B=-8.57  ref 0/0  hist n_valid 40 encodes 5
  240/800  113s  B=-10.62  ref 0/0  hist n_valid 40 encodes 5
  250/800  118s  B=-10.19  ref 0/0  hist n_valid 40 encodes 5
  260/800  122s  B=-11.53  ref 0/0  hist n_valid 40 encodes 5
  270/800  127s  B=-10.79  ref 0/0  hist n_valid 40 encodes 5
  280/800  131s  B=-10.74  ref 0/0  hist n_valid 40 encodes 5
  290/800  136s  B=-10.92  ref 0/0  hist n_valid 40 encodes 5
  300/800  140s  B=-11.47  ref 0/0  hist n_valid 40 encodes 5
  310/800  146s  B=-10.86  ref 0/0  hist n_valid 40 encodes 5
  320/800  151s  B=-11.46  ref 0/0  hist n_valid 40 encodes 5
  330/800  155s  B=-11.66  ref 0/0  hist n_valid 40 encodes 5
  340/800  160s  B=-11.13  ref 0/0  hist n_valid 40 encodes 5
  350/800  164s  B=-7.86  ref 0/0  hist n_valid 40 encodes 5
  360/800  169s  B=-10.70  ref 0/0  hist n_valid 40 encodes 5
  370/800  174s  B=-11.05  ref 0/0  hist n_valid 40 encodes 5
  380/800  178s  B=-4.31  ref 0/0  hist n_valid 40 encodes 5
  390/800  184s  B=-11.51  ref 0/0  hist n_valid 40 encodes 5
  400/800  190s  B=-11.08  ref 0/0  hist n_valid 40 encodes 5
  410/800  197s  B=-10.89  ref 0/0  hist n_valid 40 encodes 5
  420/800  205s  B=-11.66  ref 0/0  hist n_valid 40 encodes 5
  430/800  213s  B=-12.05  ref 0/0  hist n_valid 40 encodes 5
  440/800  220s  B=-12.27  ref 0/0  hist n_valid 40 encodes 5
  450/800  227s  B=-11.59  ref 0/0  hist n_valid 40 encodes 5
  460/800  233s  B=-10.95  ref 0/0  hist n_valid 40 encodes 5
  470/800  240s  B=-11.83  ref 0/0  hist n_valid 40 encodes 5
  480/800  246s  B=2.78  ref 0/0  hist n_valid 40 encodes 5
  490/800  251s  B=-8.06  ref 0/0  hist n_valid 40 encodes 5
  500/800  256s  B=-9.70  ref 0/0  hist n_valid 40 encodes 5
  510/800  261s  B=-11.40  ref 0/0  hist n_valid 40 encodes 5
  520/800  265s  B=-10.48  ref 0/0  hist n_valid 40 encodes 5
  530/800  270s  B=-11.72  ref 0/0  hist n_valid 40 encodes 5
  540/800  275s  B=-8.94  ref 0/0  hist n_valid 40 encodes 5
  550/800  280s  B=-11.20  ref 0/0  hist n_valid 40 encodes 5
  560/800  285s  B=-11.18  ref 0/0  hist n_valid 40 encodes 5
  570/800  289s  B=-11.57  ref 0/0  hist n_valid 40 encodes 5
  580/800  294s  B=-10.25  ref 0/0  hist n_valid 40 encodes 5
  590/800  299s  B=-10.96  ref 0/0  hist n_valid 40 encodes 5
  600/800  303s  B=2.69  ref 0/0  hist n_valid 40 encodes 5
  610/800  308s  B=-11.92  ref 0/0  hist n_valid 40 encodes 5
  620/800  313s  B=-12.39  ref 0/0  hist n_valid 40 encodes 5
  630/800  317s  B=-12.18  ref 0/0  hist n_valid 40 encodes 5
  640/800  322s  B=-9.63  ref 0/0  hist n_valid 40 encodes 5
  650/800  327s  B=-10.95  ref 0/0  hist n_valid 40 encodes 5
  660/800  332s  B=0.20  ref 0/0  hist n_valid 40 encodes 5
  670/800  337s  B=2.00  ref 0/0  hist n_valid 40 encodes 5
  680/800  342s  B=-12.17  ref 0/0  hist n_valid 40 encodes 5
  690/800  346s  B=-12.16  ref 0/0  hist n_valid 40 encodes 5
  700/800  351s  B=0.40  ref 0/0  hist n_valid 40 encodes 5
  710/800  356s  B=-10.62  ref 0/0  hist n_valid 40 encodes 5
  720/800  361s  B=-3.92  ref 0/0  hist n_valid 40 encodes 5
  730/800  365s  B=-11.53  ref 0/0  hist n_valid 40 encodes 5
  740/800  369s  B=-11.78  ref 0/0  hist n_valid 40 encodes 5
  750/800  373s  B=-10.75  ref 0/0  hist n_valid 40 encodes 5
  760/800  377s  B=-11.96  ref 0/0  hist n_valid 40 encodes 5
  770/800  381s  B=-12.11  ref 0/0  hist n_valid 40 encodes 5
  780/800  386s  B=1.46  ref 0/0  hist n_valid 40 encodes 5
  790/800  390s  B=-11.90  ref 0/0  hist n_valid 40 encodes 5
  800/800  394s  B=-11.03  ref 0/0  hist n_valid 40 encodes 5
{"world": "crm", "domain": "crm", "fixed2": false, "n_groups": 800, "arms": ["B"], "tags": {"B": "n2iter_cem4x64"}, "deployed_tag": "crm_proposal", "models": "artifacts/traverse/generalist_20260921/A_adapt/train/deploy_v1/H_deploy_s*.pt", "model_kinds": ["ga_train"], "conds": ["hist_aux"], "map_root": "artifacts/traverse/crm_f104_v1/map_root", "rigid_arena": null, "n_distinct_routes": 800, "n_new_drives": 800, "selftest_groups": [], "corridors_batched": true, "float16_scoring": true, "pose_sources": ["poses_file"], "base_sources": ["base_route(pose, goal)"], "extra": null, "cluster_prefix": null, "wall_s_total": 394.4780914783478, "agreement": {}}
B cem4x64          z_mean -9.146 (med -10.813) z_pess -7.653 P 0.0612 T 16.9s v 3.11 start-pose dist max 0.000 m  wall 0.49s/group
reference check: 0/0 picks equal {'A': 'crm'} in /home/harry/NeDM-traverse_mppi/artifacts/traverse/crm_f104_v1/eval_v1/picks; 800 distinct routes, 800 new drives; agreement {}; history encodes 4000 (= 5 members x 800 decisions)
family cont arm B: n 800 speed step mean +0.000 |max| 0.000 bins {'-inf..-1.5': 0, '-1.5..-0.5': 0, '-0.5..0.5': 800, '0.5..1.5': 0, '1.5..inf': 0}; start heading mean 22.4 max 51.9 bins {'0..5': 109, '5..15': 170, '15..30': 261, '30..inf': 260}; accel [-2.000, 1.500]; acceptance 0.858; v0 sources {'history_window': 800} cross-check 0.00e+00
