
The following have been reloaded with a version change:
  1) rocm/7.2.0 => rocm/7.1.0

host=k004-004.hpcfund job=436354 part=mi2508x gpus=8 cpus=128 runs=16 lanes=8 omp=16 jobs=/work1/dannegrut/harry/experiments/arena_gator_20260925/e5/jobs/soil_s1_A.tsv sha256=dac66d3f78e20a29
ci_train.py 7a4f2d67316ea47a  ga_train.py dc73d0bb2ac83521  python /work1/dannegrut/harry/venvs/nedm/bin/python3.12
torch 2.10.0+rocm7.1 devices 8 AMD Instinct MI250X/MI250
11:27:09 lane 1 gpu 0 start M1a_soil_deploy -> /work1/dannegrut/harry/experiments/arena_gator_20260925/e5/train/soil_s1/M1_soil : --ds /work1/dannegrut/harry/experiments/arena_gator_20260925/e4/soil_s1/subsets/M1_f104_hmmwv_soil.npz --mode deploy --arch gru --cond none --domain-filter crm --ctx geom --split-eval val --bs 256 --epochs 30 --seeds 5 --seed0 0 --roundtrip-check
11:27:09 lane 5 gpu 4 start LC272_soil_holdout -> /work1/dannegrut/harry/experiments/arena_gator_20260925/e5/train/soil_s1/offline_soil : --ds /work1/dannegrut/harry/experiments/arena_gator_20260925/e4/soil_s1/subsets/LC272_f104_hmmwv_soil.npz --mode holdout --arch gru --cond none --domain-filter crm --ctx geom --split-eval val --bs 256 --epochs 30 --seeds 5 --seed0 0
11:27:09 lane 2 gpu 1 start M1b_soil_deploy -> /work1/dannegrut/harry/experiments/arena_gator_20260925/e5/train/soil_s1/M1_soil : --ds /work1/dannegrut/harry/experiments/arena_gator_20260925/e4/soil_s1/subsets/M1_f104_hmmwv_soil.npz --mode deploy --arch gru --cond none --domain-filter crm --ctx geom --split-eval val --bs 256 --epochs 30 --seeds 5 --seed0 5 --roundtrip-check
11:27:09 lane 3 gpu 2 start M1_soil_holdout -> /work1/dannegrut/harry/experiments/arena_gator_20260925/e5/train/soil_s1/offline_soil : --ds /work1/dannegrut/harry/experiments/arena_gator_20260925/e4/soil_s1/subsets/M1_f104_hmmwv_soil.npz --mode holdout --arch gru --cond none --domain-filter crm --ctx geom --split-eval val --bs 256 --epochs 30 --seeds 5 --seed0 0
11:27:09 lane 4 gpu 3 start LC545_soil_holdout -> /work1/dannegrut/harry/experiments/arena_gator_20260925/e5/train/soil_s1/offline_soil : --ds /work1/dannegrut/harry/experiments/arena_gator_20260925/e4/soil_s1/subsets/LC545_f104_hmmwv_soil.npz --mode holdout --arch gru --cond none --domain-filter crm --ctx geom --split-eval val --bs 256 --epochs 30 --seeds 5 --seed0 0
11:29:58 lane 5 end LC272_soil_holdout exit: 0
11:32:01 lane 4 end LC545_soil_holdout exit: 0
11:32:29 lane 8 LOAO1_g203_soil_holdout waited 320 s for its data
11:32:29 lane 8 gpu 7 start LOAO1_g203_soil_holdout -> /work1/dannegrut/harry/experiments/arena_gator_20260925/e5/train/soil_s1/offline_soil : --ds /work1/dannegrut/harry/experiments/arena_gator_20260925/e4/soil_s1/subsets/LOAO1_g203_hmmwv_soil.npz --mode holdout --arch gru --cond none --domain-filter crm --ctx geom --split-eval val --bs 256 --epochs 30 --seeds 5 --seed0 0
11:33:49 lane 6 M2_soil_holdout waited 400 s for its data
11:33:49 lane 6 gpu 5 start M2_soil_holdout -> /work1/dannegrut/harry/experiments/arena_gator_20260925/e5/train/soil_s1/offline_soil : --ds /work1/dannegrut/harry/experiments/arena_gator_20260925/e4/soil_s1/subsets/M2_hmmwv_soil.npz --mode holdout --arch gru --cond none --domain-filter crm --ctx geom --split-eval val --bs 256 --epochs 30 --seeds 5 --seed0 0
11:33:58 lane 5 M3b_soil_deploy waited 240 s for its data
11:33:58 lane 5 gpu 4 start M3b_soil_deploy -> /work1/dannegrut/harry/experiments/arena_gator_20260925/e5/train/soil_s1/M3_soil : --ds /work1/dannegrut/harry/experiments/arena_gator_20260925/e4/soil_s1/subsets/M3_hmmwv_soil.npz --mode deploy --arch gru --cond none --domain-filter crm --ctx geom --split-eval val --bs 256 --epochs 30 --seeds 5 --seed0 5 --roundtrip-check
11:34:01 lane 4 M3a_soil_deploy waited 120 s for its data
11:34:01 lane 4 gpu 3 start M3a_soil_deploy -> /work1/dannegrut/harry/experiments/arena_gator_20260925/e5/train/soil_s1/M3_soil : --ds /work1/dannegrut/harry/experiments/arena_gator_20260925/e4/soil_s1/subsets/M3_hmmwv_soil.npz --mode deploy --arch gru --cond none --domain-filter crm --ctx geom --split-eval val --bs 256 --epochs 30 --seeds 5 --seed0 0 --roundtrip-check
11:34:09 lane 7 M3_soil_holdout waited 420 s for its data
11:34:09 lane 7 gpu 6 start M3_soil_holdout -> /work1/dannegrut/harry/experiments/arena_gator_20260925/e5/train/soil_s1/offline_soil : --ds /work1/dannegrut/harry/experiments/arena_gator_20260925/e4/soil_s1/subsets/M3_hmmwv_soil.npz --mode holdout --arch gru --cond none --domain-filter crm --ctx geom --split-eval val --bs 256 --epochs 30 --seeds 5 --seed0 0
11:36:13 lane 3 end M1_soil_holdout exit: 0
11:36:13 lane 3 gpu 2 start M2_soil_deploy -> /work1/dannegrut/harry/experiments/arena_gator_20260925/e5/train/soil_s1/M2_soil : --ds /work1/dannegrut/harry/experiments/arena_gator_20260925/e4/soil_s1/subsets/M2_hmmwv_soil.npz --mode deploy --arch gru --cond none --domain-filter crm --ctx geom --split-eval val --bs 256 --epochs 30 --seeds 5 --seed0 0 --roundtrip-check
11:36:45 lane 8 end LOAO1_g203_soil_holdout exit: 0
11:36:45 lane 8 gpu 7 start LOAO2_f104_g203_soil_holdout -> /work1/dannegrut/harry/experiments/arena_gator_20260925/e5/train/soil_s1/offline_soil : --ds /work1/dannegrut/harry/experiments/arena_gator_20260925/e4/soil_s1/subsets/LOAO2_f104_g203_hmmwv_soil.npz --mode holdout --arch gru --cond none --domain-filter crm --ctx geom --split-eval val --bs 256 --epochs 30 --seeds 5 --seed0 0
11:38:16 lane 1 end M1a_soil_deploy exit: 0
11:38:16 lane 1 gpu 0 start A3_soil_deploy -> /work1/dannegrut/harry/experiments/arena_gator_20260925/e5/train/soil_s1/A3_soil : --ds /work1/dannegrut/harry/experiments/arena_gator_20260925/e4/soil_s1/subsets/A3_hmmwv_soil.npz --mode deploy --arch gru --cond none --domain-filter crm --ctx geom --split-eval val --bs 256 --epochs 30 --seeds 5 --seed0 0 --roundtrip-check
11:38:23 lane 2 end M1b_soil_deploy exit: 0
11:38:23 lane 2 gpu 1 start A3_soil_holdout -> /work1/dannegrut/harry/experiments/arena_gator_20260925/e5/train/soil_s1/offline_soil : --ds /work1/dannegrut/harry/experiments/arena_gator_20260925/e4/soil_s1/subsets/A3_hmmwv_soil.npz --mode holdout --arch gru --cond none --domain-filter crm --ctx geom --split-eval val --bs 256 --epochs 30 --seeds 5 --seed0 0
11:41:02 lane 8 end LOAO2_f104_g203_soil_holdout exit: 0
11:41:02 lane 8 gpu 7 start LOAO2_f104_g228_soil_holdout -> /work1/dannegrut/harry/experiments/arena_gator_20260925/e5/train/soil_s1/offline_soil : --ds /work1/dannegrut/harry/experiments/arena_gator_20260925/e4/soil_s1/subsets/LOAO2_f104_g228_hmmwv_soil.npz --mode holdout --arch gru --cond none --domain-filter crm --ctx geom --split-eval val --bs 256 --epochs 30 --seeds 5 --seed0 0
11:42:35 lane 6 end M2_soil_holdout exit: 0
11:42:50 lane 7 end M3_soil_holdout exit: 0
11:44:40 lane 5 end M3b_soil_deploy exit: 0
11:44:50 lane 4 end M3a_soil_deploy exit: 0
11:45:30 lane 8 end LOAO2_f104_g228_soil_holdout exit: 0
11:45:30 lane 8 gpu 7 start LOAO2_g203_g228_soil_holdout -> /work1/dannegrut/harry/experiments/arena_gator_20260925/e5/train/soil_s1/offline_soil : --ds /work1/dannegrut/harry/experiments/arena_gator_20260925/e4/soil_s1/subsets/LOAO2_g203_g228_hmmwv_soil.npz --mode holdout --arch gru --cond none --domain-filter crm --ctx geom --split-eval val --bs 256 --epochs 30 --seeds 5 --seed0 0
11:47:00 lane 3 end M2_soil_deploy exit: 0
11:50:02 lane 8 end LOAO2_g203_g228_soil_holdout exit: 0
11:55:41 lane 2 end A3_soil_holdout exit: 0
11:59:26 lane 1 end A3_soil_deploy exit: 0
M1a_soil_deploy exit: 0
A3_soil_deploy exit: 0
M1b_soil_deploy exit: 0
A3_soil_holdout exit: 0
M1_soil_holdout exit: 0
M2_soil_deploy exit: 0
LC545_soil_holdout exit: 0
M3a_soil_deploy exit: 0
LC272_soil_holdout exit: 0
M3b_soil_deploy exit: 0
M2_soil_holdout exit: 0
M3_soil_holdout exit: 0
LOAO1_g203_soil_holdout exit: 0
LOAO2_f104_g203_soil_holdout exit: 0
LOAO2_f104_g228_soil_holdout exit: 0
LOAO2_g203_g228_soil_holdout exit: 0
all done rc=0

----------------------------------------------------------------------
Omnistat Report Card for Job Id: 436354
----------------------------------------------------------------------

Job Overview (Num Nodes = 1, Machine = HPC Fund)
 --> Start time = 2026-09-25 11:27:31
 --> End   time = 2026-09-25 12:02:31
 --> Duration   = 2100 secs

GPU Statistics:

           | Utilization (%)  |  Memory Use (%)  | Temperature (C)  |    Power (W)     | Energy (kWh) |
     GPU # |    Max     Mean  |    Max     Mean  |    Max     Mean  |    Max     Mean  |    Total     |
    ---------------------------------------------------------------------------------------------------
         0 |  100.00   93.59  |    9.87    8.65  |   53.00   50.58  |  373.00  313.97  |   1.84e-01   |
         1 |  100.00   77.90  |    9.87    6.76  |   40.00   37.15  |    0.00    0.00  |   0.00e+00   |
         2 |  100.00   53.07  |    7.02    3.56  |   62.00   54.08  |  333.00  201.03  |   1.18e-01   |
         3 |  100.00   43.10  |    6.76    2.78  |   57.00   48.42  |    0.00    0.00  |   0.00e+00   |
         4 |  100.00   36.24  |    6.76    2.38  |   45.00   35.80  |  333.00  163.69  |   9.61e-02   |
         5 |  100.00   23.52  |    6.84    1.59  |   54.00   44.34  |    0.00    0.00  |   0.00e+00   |
         6 |  100.00   23.62  |    6.95    1.64  |   57.00   44.56  |  348.00  184.27  |   1.08e-01   |
         7 |  100.00   47.44  |    5.33    2.47  |   59.00   46.85  |    0.00    0.00  |   0.00e+00   |

Approximate Total GPU Energy Consumed = 5.07e-01 kWh

Host Statistics:

    # CPUs | CPU Utilization (%)  |    Memory Use (%)    |
           |    Max       Mean    |    Max       Mean    |
    ------------------------------------------------------
       128 |   14.88      7.52    |    7.17      4.46    |

--
Query interval = 30.000 secs
Query execution time = 0.4 secs
Version = 1.13.0
