
The following have been reloaded with a version change:
  1) rocm/7.2.0 => rocm/7.1.0

host=k007-005-v4.hpcfund job=436235 runs=6 lanes=2 omp=12 jobs=/work1/dannegrut/harry/experiments/arena_gator_20260925/e5/jobs/rigid_A_v1b.tsv sha256=e1f6166820136da0
ci_train.py 7a4f2d67316ea47a  ga_train.py dc73d0bb2ac83521  python /work1/dannegrut/harry/venvs/nedm/bin/python3.12
torch 2.10.0+rocm7.1 device AMD Instinct MI350X
05:47:15 lane 1 start M2_rigid_holdout -> /work1/dannegrut/harry/experiments/arena_gator_20260925/e5/train/offline_rigid : --ds /work1/dannegrut/harry/experiments/arena_gator_20260925/e4/subsets/M2_hmmwv_rigid.npz --mode holdout --arch gru --cond none --domain-filter rigid --ctx geom --split-eval val --bs 256 --epochs 30 --seeds 5 --seed0 0
06:05:57 lane 1 end M2_rigid_holdout exit: 0
07:47:17 lane 2 WARNING M3_rigid_holdout: no manifest /work1/dannegrut/harry/experiments/arena_gator_20260925/e4/subsets/M3_hmmwv_rigid.manifest.json after 7200 s
07:47:17 lane 2 M3_rigid_holdout waited 7202 s for its data
07:47:17 lane 2 start M3_rigid_holdout -> /work1/dannegrut/harry/experiments/arena_gator_20260925/e5/train/offline_rigid : --ds /work1/dannegrut/harry/experiments/arena_gator_20260925/e4/subsets/M3_hmmwv_rigid.npz --mode holdout --arch gru --cond none --domain-filter rigid --ctx geom --split-eval val --bs 256 --epochs 30 --seeds 5 --seed0 0
07:47:19 lane 2 end M3_rigid_holdout exit: 1
08:05:59 lane 1 WARNING A3_rigid_holdout: no manifest /work1/dannegrut/harry/experiments/arena_gator_20260925/e4/subsets/A3_hmmwv_rigid.manifest.json after 7200 s
08:05:59 lane 1 A3_rigid_holdout waited 7202 s for its data
08:05:59 lane 1 start A3_rigid_holdout -> /work1/dannegrut/harry/experiments/arena_gator_20260925/e5/train/offline_rigid : --ds /work1/dannegrut/harry/experiments/arena_gator_20260925/e4/subsets/A3_hmmwv_rigid.npz --mode holdout --arch gru --cond none --domain-filter rigid --ctx geom --split-eval val --bs 256 --epochs 30 --seeds 5 --seed0 0
08:06:01 lane 1 end A3_rigid_holdout exit: 1
slurmstepd-k007-005-v4: error: *** JOB 436235 ON k007-005-v4 CANCELLED AT 2026-09-25T09:37:27 DUE TO TIME LIMIT ***

----------------------------------------------------------------------
Omnistat Report Card for Job Id: 436235
----------------------------------------------------------------------

Job Overview (Num Nodes = 1, Machine = HPC Fund)
 --> Start time = 2026-09-25 05:47:30
 --> End   time = 2026-09-25 09:40:30
 --> Duration   = 13980 secs

GPU Statistics:

           | Utilization (%)  |  Memory Use (%)  | Temperature (C)  |    Power (W)     | Energy (kWh) |
     GPU # |    Max     Mean  |    Max     Mean  |    Max     Mean  |    Max     Mean  |    Total     |
    ---------------------------------------------------------------------------------------------------
         0 |  100.00    7.82  |    3.29    0.35  |   60.00   55.45  |  440.00  272.50  |   1.06e+00   |

Approximate Total GPU Energy Consumed = 1.06e+00 kWh

Host Statistics:

    # CPUs | CPU Utilization (%)  |    Memory Use (%)    |
           |    Max       Mean    |    Max       Mean    |
    ------------------------------------------------------
        24 |    2.36      0.17    |    3.25      2.74    |

--
Query interval = 30.000 secs
Query execution time = 0.4 secs
Version = 1.13.0
