
The following have been reloaded with a version change:
  1) rocm/7.2.0 => rocm/7.1.0

host=k004-002.hpcfund job=436352 runs=10 lanes=8 ngpu=8 omp=16 jobs=/work1/dannegrut/harry/experiments/arena_gator_20260925/e5/jobs/rigid_AB_v2_mi250.tsv sha256=f7a927d6f6fcf141
ci_train.py 7a4f2d67316ea47a  ga_train.py dc73d0bb2ac83521  python /work1/dannegrut/harry/venvs/nedm/bin/python3.12
torch 2.10.0+rocm7.1 devices 8 AMD Instinct MI250X/MI250
11:05:57 lane 6 start LOAO1_g228_rigid_holdout on GPU 5 -> /work1/dannegrut/harry/experiments/arena_gator_20260925/e5/train/offline_rigid : --ds /work1/dannegrut/harry/experiments/arena_gator_20260925/e4/subsets/LOAO1_g228_hmmwv_rigid.npz --mode holdout --arch gru --cond none --domain-filter rigid --ctx geom --split-eval val --bs 256 --epochs 30 --seeds 5 --seed0 0
11:07:18 lane 5 M3_rigid_holdout waited 81 s for its data
11:07:18 lane 3 M3a_rigid_deploy waited 81 s for its data
11:07:18 lane 4 M3b_rigid_deploy waited 81 s for its data
11:07:18 lane 5 start M3_rigid_holdout on GPU 4 -> /work1/dannegrut/harry/experiments/arena_gator_20260925/e5/train/offline_rigid : --ds /work1/dannegrut/harry/experiments/arena_gator_20260925/e4/subsets/M3_hmmwv_rigid.npz --mode holdout --arch gru --cond none --domain-filter rigid --ctx geom --split-eval val --bs 256 --epochs 30 --seeds 5 --seed0 0
11:07:18 lane 3 start M3a_rigid_deploy on GPU 2 -> /work1/dannegrut/harry/experiments/arena_gator_20260925/e5/train/M3_rigid : --ds /work1/dannegrut/harry/experiments/arena_gator_20260925/e4/subsets/M3_hmmwv_rigid.npz --mode deploy --arch gru --cond none --domain-filter rigid --ctx geom --split-eval val --bs 256 --epochs 30 --seeds 5 --seed0 0 --roundtrip-check
11:07:18 lane 4 start M3b_rigid_deploy on GPU 3 -> /work1/dannegrut/harry/experiments/arena_gator_20260925/e5/train/M3_rigid : --ds /work1/dannegrut/harry/experiments/arena_gator_20260925/e4/subsets/M3_hmmwv_rigid.npz --mode deploy --arch gru --cond none --domain-filter rigid --ctx geom --split-eval val --bs 256 --epochs 30 --seeds 5 --seed0 5 --roundtrip-check
11:10:38 lane 1 A3_rigid_deploy waited 281 s for its data
11:10:38 lane 2 A3_rigid_holdout waited 281 s for its data
11:10:38 lane 2 start A3_rigid_holdout on GPU 1 -> /work1/dannegrut/harry/experiments/arena_gator_20260925/e5/train/offline_rigid : --ds /work1/dannegrut/harry/experiments/arena_gator_20260925/e4/subsets/A3_hmmwv_rigid.npz --mode holdout --arch gru --cond none --domain-filter rigid --ctx geom --split-eval val --bs 256 --epochs 30 --seeds 5 --seed0 0
11:10:38 lane 1 start A3_rigid_deploy on GPU 0 -> /work1/dannegrut/harry/experiments/arena_gator_20260925/e5/train/A3_rigid : --ds /work1/dannegrut/harry/experiments/arena_gator_20260925/e4/subsets/A3_hmmwv_rigid.npz --mode deploy --arch gru --cond none --domain-filter rigid --ctx geom --split-eval val --bs 256 --epochs 30 --seeds 5 --seed0 0 --roundtrip-check
11:12:18 lane 7 G_rigid_deploy waited 381 s for its data
11:12:18 lane 8 G_rigid_holdout waited 381 s for its data
11:12:18 lane 7 start G_rigid_deploy on GPU 6 -> /work1/dannegrut/harry/experiments/arena_gator_20260925/e5/train/G_rigid : --ds /work1/dannegrut/harry/experiments/arena_gator_20260925/e4/subsets/G_f104_gator_rigid.npz --mode deploy --arch gru --cond none --domain-filter rigid --ctx geom --split-eval val --bs 256 --epochs 30 --seeds 5 --seed0 0 --roundtrip-check
11:12:18 lane 8 start G_rigid_holdout on GPU 7 -> /work1/dannegrut/harry/experiments/arena_gator_20260925/e5/train/offline_rigid : --ds /work1/dannegrut/harry/experiments/arena_gator_20260925/e4/subsets/G_f104_gator_rigid.npz --mode holdout --arch gru --cond none --domain-filter rigid --ctx geom --split-eval val --bs 256 --epochs 30 --seeds 5 --seed0 0
11:19:02 lane 6 end LOAO1_g228_rigid_holdout exit: 0
11:19:02 lane 6 start LOAO2_f104_g228_rigid_holdout on GPU 5 -> /work1/dannegrut/harry/experiments/arena_gator_20260925/e5/train/offline_rigid : --ds /work1/dannegrut/harry/experiments/arena_gator_20260925/e4/subsets/LOAO2_f104_g228_hmmwv_rigid.npz --mode holdout --arch gru --cond none --domain-filter rigid --ctx geom --split-eval val --bs 256 --epochs 30 --seeds 5 --seed0 0
11:31:45 lane 6 end LOAO2_f104_g228_rigid_holdout exit: 0
11:32:20 lane 5 end M3_rigid_holdout exit: 0
11:32:20 lane 5 start LOAO2_g203_g228_rigid_holdout on GPU 4 -> /work1/dannegrut/harry/experiments/arena_gator_20260925/e5/train/offline_rigid : --ds /work1/dannegrut/harry/experiments/arena_gator_20260925/e4/subsets/LOAO2_g203_g228_hmmwv_rigid.npz --mode holdout --arch gru --cond none --domain-filter rigid --ctx geom --split-eval val --bs 256 --epochs 30 --seeds 5 --seed0 0
11:37:21 lane 8 end G_rigid_holdout exit: 0
11:38:09 lane 3 end M3a_rigid_deploy exit: 0
11:38:19 lane 4 end M3b_rigid_deploy exit: 0
11:43:42 lane 7 end G_rigid_deploy exit: 0
11:45:06 lane 5 end LOAO2_g203_g228_rigid_holdout exit: 0
12:24:18 lane 2 end A3_rigid_holdout exit: 0
12:42:44 lane 1 end A3_rigid_deploy exit: 0
A3_rigid_deploy exit: 0
A3_rigid_holdout exit: 0
M3a_rigid_deploy exit: 0
M3b_rigid_deploy exit: 0
M3_rigid_holdout exit: 0
LOAO2_g203_g228_rigid_holdout exit: 0
LOAO1_g228_rigid_holdout exit: 0
LOAO2_f104_g228_rigid_holdout exit: 0
G_rigid_deploy exit: 0
G_rigid_holdout exit: 0
all done rc=0

----------------------------------------------------------------------
Omnistat Report Card for Job Id: 436352
----------------------------------------------------------------------

Job Overview (Num Nodes = 1, Machine = HPC Fund)
 --> Start time = 2026-09-25 11:06:04
 --> End   time = 2026-09-25 12:46:04
 --> Duration   = 6000 secs

GPU Statistics:

           | Utilization (%)  |  Memory Use (%)  | Temperature (C)  |    Power (W)     | Energy (kWh) |
     GPU # |    Max     Mean  |    Max     Mean  |    Max     Mean  |    Max     Mean  |    Total     |
    ---------------------------------------------------------------------------------------------------
         0 |  100.00   88.70  |   31.78   28.63  |   52.00   47.49  |  387.00  296.25  |   4.95e-01   |
         1 |  100.00   70.58  |   31.59   22.91  |   50.00   43.80  |    0.00    0.00  |   0.00e+00   |
         2 |  100.00   29.58  |   13.78    4.18  |   53.00   41.94  |  363.00  165.18  |   2.76e-01   |
         3 |  100.00   30.09  |   13.78    4.18  |   54.00   43.93  |    0.00    0.00  |   0.00e+00   |
         4 |  100.00   36.45  |   13.76    4.47  |   49.00   38.90  |  348.00  166.00  |   2.77e-01   |
         5 |  100.00   24.58  |    8.82    2.18  |   53.00   43.11  |    0.00    0.00  |   0.00e+00   |
         6 |  100.00   29.60  |   12.91    3.96  |   59.00   45.14  |  362.00  161.88  |   2.70e-01   |
         7 |  100.00   23.61  |   12.90    3.15  |   52.00   37.71  |    0.00    0.00  |   0.00e+00   |

Approximate Total GPU Energy Consumed = 1.32e+00 kWh

Host Statistics:

    # CPUs | CPU Utilization (%)  |    Memory Use (%)    |
           |    Max       Mean    |    Max       Mean    |
    ------------------------------------------------------
       128 |   13.98      5.74    |    4.16      3.18    |

--
Query interval = 30.000 secs
Query execution time = 0.7 secs
Version = 1.13.0
