
The following have been reloaded with a version change:
  1) rocm/7.2.0 => rocm/7.1.0

host=k007-005-v8.hpcfund job=436234 runs=6 lanes=2 omp=12 jobs=/work1/dannegrut/harry/experiments/arena_gator_20260925/e5/jobs/rigid_A_v1a.tsv sha256=c9458258580cffa2
ci_train.py 7a4f2d67316ea47a  ga_train.py dc73d0bb2ac83521  python /work1/dannegrut/harry/venvs/nedm/bin/python3.12
torch 2.10.0+rocm7.1 device AMD Instinct MI350X
05:47:11 lane 1 start M2_rigid_deploy -> /work1/dannegrut/harry/experiments/arena_gator_20260925/e5/train/M2_rigid : --ds /work1/dannegrut/harry/experiments/arena_gator_20260925/e4/subsets/M2_hmmwv_rigid.npz --mode deploy --arch gru --cond none --domain-filter rigid --ctx geom --split-eval val --bs 256 --epochs 30 --seeds 5 --seed0 0 --roundtrip-check
05:47:11 lane 2 start LOAO1_g203_rigid_holdout -> /work1/dannegrut/harry/experiments/arena_gator_20260925/e5/train/offline_rigid : --ds /work1/dannegrut/harry/experiments/arena_gator_20260925/e4/subsets/LOAO1_g203_hmmwv_rigid.npz --mode holdout --arch gru --cond none --domain-filter rigid --ctx geom --split-eval val --bs 256 --epochs 30 --seeds 5 --seed0 0
05:57:27 lane 2 end LOAO1_g203_rigid_holdout exit: 0
05:57:27 lane 2 start LOAO2_f104_g203_rigid_holdout -> /work1/dannegrut/harry/experiments/arena_gator_20260925/e5/train/offline_rigid : --ds /work1/dannegrut/harry/experiments/arena_gator_20260925/e4/subsets/LOAO2_f104_g203_hmmwv_rigid.npz --mode holdout --arch gru --cond none --domain-filter rigid --ctx geom --split-eval val --bs 256 --epochs 30 --seeds 5 --seed0 0
06:07:21 lane 2 end LOAO2_f104_g203_rigid_holdout exit: 0
06:11:52 lane 1 end M2_rigid_deploy exit: 0
08:07:23 lane 2 WARNING A3_rigid_deploy: no manifest /work1/dannegrut/harry/experiments/arena_gator_20260925/e4/subsets/A3_hmmwv_rigid.manifest.json after 7200 s
08:07:23 lane 2 A3_rigid_deploy waited 7202 s for its data
08:07:23 lane 2 start A3_rigid_deploy -> /work1/dannegrut/harry/experiments/arena_gator_20260925/e5/train/A3_rigid : --ds /work1/dannegrut/harry/experiments/arena_gator_20260925/e4/subsets/A3_hmmwv_rigid.npz --mode deploy --arch gru --cond none --domain-filter rigid --ctx geom --split-eval val --bs 256 --epochs 30 --seeds 5 --seed0 0 --roundtrip-check
08:07:25 lane 2 end A3_rigid_deploy exit: 1
08:11:53 lane 1 WARNING M3a_rigid_deploy: no manifest /work1/dannegrut/harry/experiments/arena_gator_20260925/e4/subsets/M3_hmmwv_rigid.manifest.json after 7200 s
08:11:54 lane 1 M3a_rigid_deploy waited 7202 s for its data
08:11:54 lane 1 start M3a_rigid_deploy -> /work1/dannegrut/harry/experiments/arena_gator_20260925/e5/train/M3_rigid : --ds /work1/dannegrut/harry/experiments/arena_gator_20260925/e4/subsets/M3_hmmwv_rigid.npz --mode deploy --arch gru --cond none --domain-filter rigid --ctx geom --split-eval val --bs 256 --epochs 30 --seeds 5 --seed0 0 --roundtrip-check
08:11:55 lane 1 end M3a_rigid_deploy exit: 1
slurmstepd-k007-005-v8: error: *** JOB 436234 ON k007-005-v8 CANCELLED AT 2026-09-25T09:37:27 DUE TO TIME LIMIT ***

----------------------------------------------------------------------
Omnistat Report Card for Job Id: 436234
----------------------------------------------------------------------

Job Overview (Num Nodes = 1, Machine = HPC Fund)
 --> Start time = 2026-09-25 05:48:00
 --> End   time = 2026-09-25 09:40:30
 --> Duration   = 13950 secs

GPU Statistics:

           | Utilization (%)  |  Memory Use (%)  | Temperature (C)  |    Power (W)     | Energy (kWh) |
     GPU # |    Max     Mean  |    Max     Mean  |    Max     Mean  |    Max     Mean  |    Total     |
    ---------------------------------------------------------------------------------------------------
         0 |  100.00   10.31  |    5.48    0.60  |   63.00   56.12  |  650.00  305.50  |   1.18e+00   |

Approximate Total GPU Energy Consumed = 1.18e+00 kWh

Host Statistics:

    # CPUs | CPU Utilization (%)  |    Memory Use (%)    |
           |    Max       Mean    |    Max       Mean    |
    ------------------------------------------------------
        24 |    3.97      0.27    |    3.98      3.10    |

--
Query interval = 30.000 secs
Query execution time = 0.4 secs
Version = 1.13.0
