/work1/dannegrut/harry/experiments/arena_gator_20260925/source/scripts/ci_train.py:335: UserWarning: expandable_segments not supported on this platform (Triggered internally at /pytorch/c10/hip/HIPAllocatorConfig.h:40.)
  self.X = torch.empty((self.n, 6, 96, 32), dtype=xdt, device='cpu', pin_memory=torch.cuda.is_available()) if a.x_host else torch.empty((self.n, 6, 96, 32), dtype=xdt, device=DEV)
=== G_full_soil_deploy: files 1 rows used 53404 fit 50822 {'rigid': 0, 'crm': 50822} {'designed': 31681, 'on_policy': 19141} dev 10455 heldout(val) 2582 nctx 5 hist frames 40 visible / 40 consumed / 40 stored split_hash 292c682c load 9.7s data on gpu 3.67 GB
  s0 crm   startup[W_unsafe=0.945 P_unsafe=0.981 pick_fail=0.661 brier_unsafe=0.043 n=713] established[W_unsafe=0.956 P_unsafe=0.985 pick_fail=0.636 brier_unsafe=0.036 n=1869]
  s0   k0             crm W_unsafe=0.945 P_unsafe=0.981 pick_fail=0.661 brier_unsafe=0.043 n=713
  s0   k40p           crm W_unsafe=0.956 P_unsafe=0.985 pick_fail=0.636 brier_unsafe=0.036 n=1869
  s0   src:designed   crm W_unsafe=0.950 P_unsafe=0.980 pick_fail=0.661 brier_unsafe=0.045 n=1580
  s0   src:on_policy  crm W_unsafe=0.997 P_unsafe=0.990 pick_fail=0.714 brier_unsafe=0.028 n=1002
  s0 loss 0.6129 227.3s (0.0383 s/step, 5940 steps) 256161p gpu_peak 4.91 GB (reserved 5.29)
  s0 roundtrip {'n': 2048, 'max_abs_diff': 0.0, 'unaligned_diff': 2.86102294921875e-06}
  s1 crm   startup[W_unsafe=0.937 P_unsafe=0.978 pick_fail=0.643 brier_unsafe=0.044 n=713] established[W_unsafe=0.952 P_unsafe=0.982 pick_fail=0.600 brier_unsafe=0.040 n=1869]
  s1   k0             crm W_unsafe=0.937 P_unsafe=0.978 pick_fail=0.643 brier_unsafe=0.044 n=713
  s1   k40p           crm W_unsafe=0.952 P_unsafe=0.982 pick_fail=0.600 brier_unsafe=0.040 n=1869
  s1   src:designed   crm W_unsafe=0.925 P_unsafe=0.974 pick_fail=0.661 brier_unsafe=0.055 n=1580
  s1   src:on_policy  crm W_unsafe=0.990 P_unsafe=0.993 pick_fail=0.714 brier_unsafe=0.019 n=1002
  s1 loss 0.6499 232.3s (0.0391 s/step, 5940 steps) 256161p gpu_peak 4.91 GB (reserved 5.1)
  s1 roundtrip {'n': 2048, 'max_abs_diff': 0.0, 'unaligned_diff': 2.384185791015625e-06}
  s2 crm   startup[W_unsafe=0.940 P_unsafe=0.983 pick_fail=0.625 brier_unsafe=0.041 n=713] established[W_unsafe=0.951 P_unsafe=0.987 pick_fail=0.600 brier_unsafe=0.036 n=1869]
  s2   k0             crm W_unsafe=0.940 P_unsafe=0.983 pick_fail=0.625 brier_unsafe=0.041 n=713
  s2   k40p           crm W_unsafe=0.951 P_unsafe=0.987 pick_fail=0.600 brier_unsafe=0.036 n=1869
  s2   src:designed   crm W_unsafe=0.934 P_unsafe=0.981 pick_fail=0.643 brier_unsafe=0.049 n=1580
  s2   src:on_policy  crm W_unsafe=0.974 P_unsafe=0.993 pick_fail=0.714 brier_unsafe=0.019 n=1002
  s2 loss 0.7297 230.2s (0.0387 s/step, 5940 steps) 256161p gpu_peak 4.91 GB (reserved 5.1)
  s2 roundtrip {'n': 2048, 'max_abs_diff': 0.0, 'unaligned_diff': 2.86102294921875e-06}
  s3 crm   startup[W_unsafe=0.939 P_unsafe=0.979 pick_fail=0.625 brier_unsafe=0.044 n=713] established[W_unsafe=0.950 P_unsafe=0.986 pick_fail=0.600 brier_unsafe=0.039 n=1869]
  s3   k0             crm W_unsafe=0.939 P_unsafe=0.979 pick_fail=0.625 brier_unsafe=0.044 n=713
  s3   k40p           crm W_unsafe=0.950 P_unsafe=0.986 pick_fail=0.600 brier_unsafe=0.039 n=1869
  s3   src:designed   crm W_unsafe=0.938 P_unsafe=0.980 pick_fail=0.643 brier_unsafe=0.052 n=1580
  s3   src:on_policy  crm W_unsafe=0.989 P_unsafe=0.993 pick_fail=0.714 brier_unsafe=0.022 n=1002
  s3 loss 0.6843 209.3s (0.0352 s/step, 5940 steps) 256161p gpu_peak 4.91 GB (reserved 5.1)
  s3 roundtrip {'n': 2048, 'max_abs_diff': 0.0, 'unaligned_diff': 5.245208740234375e-06}
  s4 crm   startup[W_unsafe=0.952 P_unsafe=0.982 pick_fail=0.643 brier_unsafe=0.039 n=713] established[W_unsafe=0.959 P_unsafe=0.986 pick_fail=0.600 brier_unsafe=0.035 n=1869]
  s4   k0             crm W_unsafe=0.952 P_unsafe=0.982 pick_fail=0.643 brier_unsafe=0.039 n=713
  s4   k40p           crm W_unsafe=0.959 P_unsafe=0.986 pick_fail=0.600 brier_unsafe=0.035 n=1869
  s4   src:designed   crm W_unsafe=0.948 P_unsafe=0.979 pick_fail=0.643 brier_unsafe=0.048 n=1580
  s4   src:on_policy  crm W_unsafe=0.983 P_unsafe=0.994 pick_fail=0.714 brier_unsafe=0.017 n=1002
  s4 loss 0.6347 183.1s (0.0308 s/step, 5940 steps) 256161p gpu_peak 4.91 GB (reserved 5.1)
  s4 roundtrip {'n': 2048, 'max_abs_diff': 0.0, 'unaligned_diff': 2.86102294921875e-06}
ENSEMBLE G_full_soil_deploy crm   startup[W_unsafe=0.950 P_unsafe=0.983 pick_fail=0.643 brier_unsafe=0.038 n=713] established[W_unsafe=0.962 P_unsafe=0.988 pick_fail=0.600 brier_unsafe=0.032 n=1869]
ENSEMBLE G_full_soil_deploy   k0             crm W_unsafe=0.950 P_unsafe=0.983 pick_fail=0.643 brier_unsafe=0.038 n=713
ENSEMBLE G_full_soil_deploy   k40p           crm W_unsafe=0.962 P_unsafe=0.988 pick_fail=0.600 brier_unsafe=0.032 n=1869
ENSEMBLE G_full_soil_deploy   src:designed   crm W_unsafe=0.953 P_unsafe=0.982 pick_fail=0.643 brier_unsafe=0.046 n=1580
ENSEMBLE G_full_soil_deploy   src:on_policy  crm W_unsafe=0.997 P_unsafe=0.996 pick_fail=0.714 brier_unsafe=0.014 n=1002
exit: 0
