/work1/dannegrut/harry/experiments/arena_gator_20260925/source/scripts/ci_train.py:335: UserWarning: expandable_segments not supported on this platform (Triggered internally at /pytorch/c10/hip/HIPAllocatorConfig.h:40.)
  self.X = torch.empty((self.n, 6, 96, 32), dtype=xdt, device='cpu', pin_memory=torch.cuda.is_available()) if a.x_host else torch.empty((self.n, 6, 96, 32), dtype=xdt, device=DEV)
=== G_rigid_deploy: files 1 rows used 89281 fit 84922 {'rigid': 84922, 'crm': 0} {'designed': 50197, 'on_policy': 34725} dev 17433 heldout(val) 4359 nctx 5 hist frames 40 visible / 40 consumed / 40 stored split_hash 605121dc load 20.9s data on gpu 6.13 GB
  s0 rigid startup[W_unsafe=0.971 P_unsafe=0.970 pick_fail=0.000 brier_unsafe=0.037 n=1120] established[W_unsafe=0.973 P_unsafe=0.976 pick_fail=0.000 brier_unsafe=0.036 n=3239]
  s0   k0             rigid W_unsafe=0.971 P_unsafe=0.970 pick_fail=0.000 brier_unsafe=0.037 n=1120
  s0   k40p           rigid W_unsafe=0.973 P_unsafe=0.976 pick_fail=0.000 brier_unsafe=0.036 n=3239
  s0   src:designed   rigid W_unsafe=0.965 P_unsafe=0.974 pick_fail=0.000 brier_unsafe=0.015 n=2574
  s0   src:on_policy  rigid W_unsafe=0.953 P_unsafe=0.959 pick_fail=0.000 brier_unsafe=0.068 n=1785
  s0 loss 0.0295 371.7s (0.0374 s/step, 9930 steps) 256161p gpu_peak 7.37 GB (reserved 7.43)
  s0 roundtrip {'n': 2048, 'max_abs_diff': 0.0, 'unaligned_diff': 1.1444091796875e-05}
  s1 rigid startup[W_unsafe=0.971 P_unsafe=0.970 pick_fail=0.000 brier_unsafe=0.039 n=1120] established[W_unsafe=0.975 P_unsafe=0.973 pick_fail=0.000 brier_unsafe=0.037 n=3239]
  s1   k0             rigid W_unsafe=0.971 P_unsafe=0.970 pick_fail=0.000 brier_unsafe=0.039 n=1120
  s1   k40p           rigid W_unsafe=0.975 P_unsafe=0.973 pick_fail=0.000 brier_unsafe=0.037 n=3239
  s1   src:designed   rigid W_unsafe=0.972 P_unsafe=0.980 pick_fail=0.000 brier_unsafe=0.015 n=2574
  s1   src:on_policy  rigid W_unsafe=0.946 P_unsafe=0.950 pick_fail=0.000 brier_unsafe=0.069 n=1785
  s1 loss 0.0415 362.0s (0.0365 s/step, 9930 steps) 256161p gpu_peak 7.38 GB (reserved 7.58)
  s1 roundtrip {'n': 2048, 'max_abs_diff': 0.0, 'unaligned_diff': 3.814697265625e-06}
  s2 rigid startup[W_unsafe=0.973 P_unsafe=0.976 pick_fail=0.000 brier_unsafe=0.038 n=1120] established[W_unsafe=0.971 P_unsafe=0.979 pick_fail=0.000 brier_unsafe=0.035 n=3239]
  s2   k0             rigid W_unsafe=0.973 P_unsafe=0.976 pick_fail=0.000 brier_unsafe=0.038 n=1120
  s2   k40p           rigid W_unsafe=0.971 P_unsafe=0.979 pick_fail=0.000 brier_unsafe=0.035 n=3239
  s2   src:designed   rigid W_unsafe=0.970 P_unsafe=0.982 pick_fail=0.000 brier_unsafe=0.015 n=2574
  s2   src:on_policy  rigid W_unsafe=0.946 P_unsafe=0.962 pick_fail=0.000 brier_unsafe=0.065 n=1785
  s2 loss 0.0356 362.3s (0.0365 s/step, 9930 steps) 256161p gpu_peak 7.38 GB (reserved 7.58)
  s2 roundtrip {'n': 2048, 'max_abs_diff': 0.0, 'unaligned_diff': 8.58306884765625e-06}
  s3 rigid startup[W_unsafe=0.963 P_unsafe=0.963 pick_fail=0.018 brier_unsafe=0.043 n=1120] established[W_unsafe=0.968 P_unsafe=0.971 pick_fail=0.000 brier_unsafe=0.040 n=3239]
  s3   k0             rigid W_unsafe=0.963 P_unsafe=0.963 pick_fail=0.018 brier_unsafe=0.043 n=1120
  s3   k40p           rigid W_unsafe=0.968 P_unsafe=0.971 pick_fail=0.000 brier_unsafe=0.040 n=3239
  s3   src:designed   rigid W_unsafe=0.960 P_unsafe=0.964 pick_fail=0.000 brier_unsafe=0.019 n=2574
  s3   src:on_policy  rigid W_unsafe=0.940 P_unsafe=0.954 pick_fail=0.000 brier_unsafe=0.072 n=1785
  s3 loss 0.0406 365.0s (0.0368 s/step, 9930 steps) 256161p gpu_peak 7.38 GB (reserved 7.58)
  s3 roundtrip {'n': 2048, 'max_abs_diff': 0.0, 'unaligned_diff': 6.67572021484375e-06}
  s4 rigid startup[W_unsafe=0.963 P_unsafe=0.965 pick_fail=0.000 brier_unsafe=0.043 n=1120] established[W_unsafe=0.965 P_unsafe=0.969 pick_fail=0.000 brier_unsafe=0.038 n=3239]
  s4   k0             rigid W_unsafe=0.963 P_unsafe=0.965 pick_fail=0.000 brier_unsafe=0.043 n=1120
  s4   k40p           rigid W_unsafe=0.965 P_unsafe=0.969 pick_fail=0.000 brier_unsafe=0.038 n=3239
  s4   src:designed   rigid W_unsafe=0.953 P_unsafe=0.963 pick_fail=0.000 brier_unsafe=0.018 n=2574
  s4   src:on_policy  rigid W_unsafe=0.939 P_unsafe=0.953 pick_fail=0.000 brier_unsafe=0.070 n=1785
  s4 loss 0.0483 361.2s (0.0364 s/step, 9930 steps) 256161p gpu_peak 7.38 GB (reserved 7.58)
  s4 roundtrip {'n': 2048, 'max_abs_diff': 0.0, 'unaligned_diff': 6.67572021484375e-06}
ENSEMBLE G_rigid_deploy rigid startup[W_unsafe=0.972 P_unsafe=0.974 pick_fail=0.000 brier_unsafe=0.040 n=1120] established[W_unsafe=0.975 P_unsafe=0.979 pick_fail=0.000 brier_unsafe=0.037 n=3239]
ENSEMBLE G_rigid_deploy   k0             rigid W_unsafe=0.972 P_unsafe=0.974 pick_fail=0.000 brier_unsafe=0.040 n=1120
ENSEMBLE G_rigid_deploy   k40p           rigid W_unsafe=0.975 P_unsafe=0.979 pick_fail=0.000 brier_unsafe=0.037 n=3239
ENSEMBLE G_rigid_deploy   src:designed   rigid W_unsafe=0.968 P_unsafe=0.975 pick_fail=0.000 brier_unsafe=0.016 n=2574
ENSEMBLE G_rigid_deploy   src:on_policy  rigid W_unsafe=0.954 P_unsafe=0.966 pick_fail=0.000 brier_unsafe=0.069 n=1785
exit: 0
