/work1/dannegrut/harry/experiments/arena_gator_20260925/source/scripts/ci_train.py:335: UserWarning: expandable_segments not supported on this platform (Triggered internally at /pytorch/c10/hip/HIPAllocatorConfig.h:40.)
  self.X = torch.empty((self.n, 6, 96, 32), dtype=xdt, device='cpu', pin_memory=torch.cuda.is_available()) if a.x_host else torch.empty((self.n, 6, 96, 32), dtype=xdt, device=DEV)
=== M1a_rigid_deploy: files 1 rows used 89145 fit 84787 {'rigid': 84787, 'crm': 0} {'designed': 50372, 'on_policy': 34415} dev 17419 heldout(val) 4358 nctx 5 hist frames 40 visible / 40 consumed / 40 stored split_hash 03726b04 load 15.8s data on gpu 6.12 GB
  s0 rigid startup[W_unsafe=0.980 P_unsafe=0.981 pick_fail=0.000 brier_unsafe=0.060 n=1120] established[W_unsafe=0.981 P_unsafe=0.984 pick_fail=0.000 brier_unsafe=0.054 n=3238]
  s0   k0             rigid W_unsafe=0.980 P_unsafe=0.981 pick_fail=0.000 brier_unsafe=0.060 n=1120
  s0   k40p           rigid W_unsafe=0.981 P_unsafe=0.984 pick_fail=0.000 brier_unsafe=0.054 n=3238
  s0   src:designed   rigid W_unsafe=0.988 P_unsafe=0.989 pick_fail=0.000 brier_unsafe=0.035 n=2590
  s0   src:on_policy  rigid W_unsafe=0.951 P_unsafe=0.966 pick_fail=0.036 brier_unsafe=0.086 n=1768
  s0 loss 0.2420 2186.0s (0.2201 s/step, 9930 steps) 256161p gpu_peak 7.36 GB (reserved 7.56)
  s0 roundtrip {'n': 2048, 'max_abs_diff': 0.0, 'unaligned_diff': 4.291534423828125e-06}
  s1 rigid startup[W_unsafe=0.980 P_unsafe=0.980 pick_fail=0.000 brier_unsafe=0.061 n=1120] established[W_unsafe=0.983 P_unsafe=0.984 pick_fail=0.000 brier_unsafe=0.050 n=3238]
  s1   k0             rigid W_unsafe=0.980 P_unsafe=0.980 pick_fail=0.000 brier_unsafe=0.061 n=1120
  s1   k40p           rigid W_unsafe=0.983 P_unsafe=0.984 pick_fail=0.000 brier_unsafe=0.050 n=3238
  s1   src:designed   rigid W_unsafe=0.991 P_unsafe=0.990 pick_fail=0.000 brier_unsafe=0.035 n=2590
  s1   src:on_policy  rigid W_unsafe=0.958 P_unsafe=0.969 pick_fail=0.036 brier_unsafe=0.078 n=1768
  s1 loss 0.2536 1584.0s (0.1595 s/step, 9930 steps) 256161p gpu_peak 7.37 GB (reserved 7.56)
  s1 roundtrip {'n': 2048, 'max_abs_diff': 0.0, 'unaligned_diff': 7.62939453125e-06}
  s2 rigid startup[W_unsafe=0.975 P_unsafe=0.978 pick_fail=0.000 brier_unsafe=0.068 n=1120] established[W_unsafe=0.981 P_unsafe=0.982 pick_fail=0.000 brier_unsafe=0.057 n=3238]
  s2   k0             rigid W_unsafe=0.975 P_unsafe=0.978 pick_fail=0.000 brier_unsafe=0.068 n=1120
  s2   k40p           rigid W_unsafe=0.981 P_unsafe=0.982 pick_fail=0.000 brier_unsafe=0.057 n=3238
  s2   src:designed   rigid W_unsafe=0.985 P_unsafe=0.985 pick_fail=0.000 brier_unsafe=0.041 n=2590
  s2   src:on_policy  rigid W_unsafe=0.956 P_unsafe=0.966 pick_fail=0.054 brier_unsafe=0.087 n=1768
  s2 loss 0.2378 615.3s (0.062 s/step, 9930 steps) 256161p gpu_peak 7.37 GB (reserved 7.56)
  s2 roundtrip {'n': 2048, 'max_abs_diff': 0.0, 'unaligned_diff': 6.67572021484375e-06}
  s3 rigid startup[W_unsafe=0.977 P_unsafe=0.979 pick_fail=0.000 brier_unsafe=0.065 n=1120] established[W_unsafe=0.980 P_unsafe=0.982 pick_fail=0.000 brier_unsafe=0.055 n=3238]
  s3   k0             rigid W_unsafe=0.977 P_unsafe=0.979 pick_fail=0.000 brier_unsafe=0.065 n=1120
  s3   k40p           rigid W_unsafe=0.980 P_unsafe=0.982 pick_fail=0.000 brier_unsafe=0.055 n=3238
  s3   src:designed   rigid W_unsafe=0.990 P_unsafe=0.990 pick_fail=0.000 brier_unsafe=0.035 n=2590
  s3   src:on_policy  rigid W_unsafe=0.935 P_unsafe=0.961 pick_fail=0.054 brier_unsafe=0.091 n=1768
  s3 loss 0.2333 265.7s (0.0268 s/step, 9930 steps) 256161p gpu_peak 7.37 GB (reserved 7.56)
  s3 roundtrip {'n': 2048, 'max_abs_diff': 0.0, 'unaligned_diff': 1.33514404296875e-05}
  s4 rigid startup[W_unsafe=0.978 P_unsafe=0.979 pick_fail=0.018 brier_unsafe=0.061 n=1120] established[W_unsafe=0.980 P_unsafe=0.980 pick_fail=0.000 brier_unsafe=0.056 n=3238]
  s4   k0             rigid W_unsafe=0.978 P_unsafe=0.979 pick_fail=0.018 brier_unsafe=0.061 n=1120
  s4   k40p           rigid W_unsafe=0.980 P_unsafe=0.980 pick_fail=0.000 brier_unsafe=0.056 n=3238
  s4   src:designed   rigid W_unsafe=0.985 P_unsafe=0.985 pick_fail=0.000 brier_unsafe=0.039 n=2590
  s4   src:on_policy  rigid W_unsafe=0.961 P_unsafe=0.967 pick_fail=0.054 brier_unsafe=0.084 n=1768
  s4 loss 0.1428 266.4s (0.0268 s/step, 9930 steps) 256161p gpu_peak 7.37 GB (reserved 7.56)
  s4 roundtrip {'n': 2048, 'max_abs_diff': 0.0, 'unaligned_diff': 6.198883056640625e-06}
ENSEMBLE M1a_rigid_deploy rigid startup[W_unsafe=0.983 P_unsafe=0.985 pick_fail=0.000 brier_unsafe=0.053 n=1120] established[W_unsafe=0.987 P_unsafe=0.987 pick_fail=0.000 brier_unsafe=0.046 n=3238]
ENSEMBLE M1a_rigid_deploy   k0             rigid W_unsafe=0.983 P_unsafe=0.985 pick_fail=0.000 brier_unsafe=0.053 n=1120
ENSEMBLE M1a_rigid_deploy   k40p           rigid W_unsafe=0.987 P_unsafe=0.987 pick_fail=0.000 brier_unsafe=0.046 n=3238
ENSEMBLE M1a_rigid_deploy   src:designed   rigid W_unsafe=0.992 P_unsafe=0.991 pick_fail=0.000 brier_unsafe=0.031 n=2590
ENSEMBLE M1a_rigid_deploy   src:on_policy  rigid W_unsafe=0.965 P_unsafe=0.975 pick_fail=0.036 brier_unsafe=0.073 n=1768
exit: 0
