/work1/dannegrut/harry/experiments/arena_gator_20260925/source/scripts/ci_train.py:335: UserWarning: expandable_segments not supported on this platform (Triggered internally at /pytorch/c10/hip/HIPAllocatorConfig.h:40.)
  self.X = torch.empty((self.n, 6, 96, 32), dtype=xdt, device='cpu', pin_memory=torch.cuda.is_available()) if a.x_host else torch.empty((self.n, 6, 96, 32), dtype=xdt, device=DEV)
=== M1b_rigid_deploy: files 1 rows used 89145 fit 84787 {'rigid': 84787, 'crm': 0} {'designed': 50372, 'on_policy': 34415} dev 17419 heldout(val) 4358 nctx 5 hist frames 40 visible / 40 consumed / 40 stored split_hash 03726b04 load 15.8s data on gpu 6.12 GB
  s5 rigid startup[W_unsafe=0.980 P_unsafe=0.979 pick_fail=0.000 brier_unsafe=0.053 n=1120] established[W_unsafe=0.983 P_unsafe=0.984 pick_fail=0.000 brier_unsafe=0.047 n=3238]
  s5   k0             rigid W_unsafe=0.980 P_unsafe=0.979 pick_fail=0.000 brier_unsafe=0.053 n=1120
  s5   k40p           rigid W_unsafe=0.983 P_unsafe=0.984 pick_fail=0.000 brier_unsafe=0.047 n=3238
  s5   src:designed   rigid W_unsafe=0.987 P_unsafe=0.985 pick_fail=0.000 brier_unsafe=0.035 n=2590
  s5   src:on_policy  rigid W_unsafe=0.962 P_unsafe=0.972 pick_fail=0.054 brier_unsafe=0.069 n=1768
  s5 loss 0.2663 1632.6s (0.1644 s/step, 9930 steps) 256161p gpu_peak 7.36 GB (reserved 7.56)
  s5 roundtrip {'n': 2048, 'max_abs_diff': 0.0, 'unaligned_diff': 4.76837158203125e-06}
  s6 rigid startup[W_unsafe=0.975 P_unsafe=0.977 pick_fail=0.000 brier_unsafe=0.064 n=1120] established[W_unsafe=0.980 P_unsafe=0.982 pick_fail=0.000 brier_unsafe=0.054 n=3238]
  s6   k0             rigid W_unsafe=0.975 P_unsafe=0.977 pick_fail=0.000 brier_unsafe=0.064 n=1120
  s6   k40p           rigid W_unsafe=0.980 P_unsafe=0.982 pick_fail=0.000 brier_unsafe=0.054 n=3238
  s6   src:designed   rigid W_unsafe=0.987 P_unsafe=0.986 pick_fail=0.000 brier_unsafe=0.036 n=2590
  s6   src:on_policy  rigid W_unsafe=0.947 P_unsafe=0.965 pick_fail=0.036 brier_unsafe=0.087 n=1768
  s6 loss 0.1975 1601.9s (0.1613 s/step, 9930 steps) 256161p gpu_peak 7.37 GB (reserved 7.56)
  s6 roundtrip {'n': 2048, 'max_abs_diff': 0.0, 'unaligned_diff': 5.7220458984375e-06}
  s7 rigid startup[W_unsafe=0.982 P_unsafe=0.980 pick_fail=0.000 brier_unsafe=0.053 n=1120] established[W_unsafe=0.985 P_unsafe=0.984 pick_fail=0.000 brier_unsafe=0.050 n=3238]
  s7   k0             rigid W_unsafe=0.982 P_unsafe=0.980 pick_fail=0.000 brier_unsafe=0.053 n=1120
  s7   k40p           rigid W_unsafe=0.985 P_unsafe=0.984 pick_fail=0.000 brier_unsafe=0.050 n=3238
  s7   src:designed   rigid W_unsafe=0.990 P_unsafe=0.986 pick_fail=0.000 brier_unsafe=0.035 n=2590
  s7   src:on_policy  rigid W_unsafe=0.962 P_unsafe=0.970 pick_fail=0.054 brier_unsafe=0.075 n=1768
  s7 loss 0.1823 303.3s (0.0305 s/step, 9930 steps) 256161p gpu_peak 7.37 GB (reserved 7.56)
  s7 roundtrip {'n': 2048, 'max_abs_diff': 0.0, 'unaligned_diff': 7.62939453125e-06}
  s8 rigid startup[W_unsafe=0.979 P_unsafe=0.982 pick_fail=0.000 brier_unsafe=0.059 n=1120] established[W_unsafe=0.983 P_unsafe=0.984 pick_fail=0.000 brier_unsafe=0.054 n=3238]
  s8   k0             rigid W_unsafe=0.979 P_unsafe=0.982 pick_fail=0.000 brier_unsafe=0.059 n=1120
  s8   k40p           rigid W_unsafe=0.983 P_unsafe=0.984 pick_fail=0.000 brier_unsafe=0.054 n=3238
  s8   src:designed   rigid W_unsafe=0.989 P_unsafe=0.988 pick_fail=0.000 brier_unsafe=0.038 n=2590
  s8   src:on_policy  rigid W_unsafe=0.960 P_unsafe=0.971 pick_fail=0.036 brier_unsafe=0.081 n=1768
  s8 loss 0.2227 304.9s (0.0307 s/step, 9930 steps) 256161p gpu_peak 7.37 GB (reserved 7.56)
  s8 roundtrip {'n': 2048, 'max_abs_diff': 0.0, 'unaligned_diff': 7.152557373046875e-06}
  s9 rigid startup[W_unsafe=0.981 P_unsafe=0.979 pick_fail=0.018 brier_unsafe=0.055 n=1120] established[W_unsafe=0.984 P_unsafe=0.984 pick_fail=0.000 brier_unsafe=0.048 n=3238]
  s9   k0             rigid W_unsafe=0.981 P_unsafe=0.979 pick_fail=0.018 brier_unsafe=0.055 n=1120
  s9   k40p           rigid W_unsafe=0.984 P_unsafe=0.984 pick_fail=0.000 brier_unsafe=0.048 n=3238
  s9   src:designed   rigid W_unsafe=0.987 P_unsafe=0.986 pick_fail=0.000 brier_unsafe=0.034 n=2590
  s9   src:on_policy  rigid W_unsafe=0.970 P_unsafe=0.969 pick_fail=0.036 brier_unsafe=0.073 n=1768
  s9 loss 0.2440 304.7s (0.0307 s/step, 9930 steps) 256161p gpu_peak 7.37 GB (reserved 7.56)
  s9 roundtrip {'n': 2048, 'max_abs_diff': 0.0, 'unaligned_diff': 8.58306884765625e-06}
ENSEMBLE M1b_rigid_deploy rigid startup[W_unsafe=0.983 P_unsafe=0.985 pick_fail=0.000 brier_unsafe=0.049 n=1120] established[W_unsafe=0.988 P_unsafe=0.988 pick_fail=0.000 brier_unsafe=0.042 n=3238]
ENSEMBLE M1b_rigid_deploy   k0             rigid W_unsafe=0.983 P_unsafe=0.985 pick_fail=0.000 brier_unsafe=0.049 n=1120
ENSEMBLE M1b_rigid_deploy   k40p           rigid W_unsafe=0.988 P_unsafe=0.988 pick_fail=0.000 brier_unsafe=0.042 n=3238
ENSEMBLE M1b_rigid_deploy   src:designed   rigid W_unsafe=0.991 P_unsafe=0.990 pick_fail=0.000 brier_unsafe=0.031 n=2590
ENSEMBLE M1b_rigid_deploy   src:on_policy  rigid W_unsafe=0.967 P_unsafe=0.978 pick_fail=0.036 brier_unsafe=0.063 n=1768
exit: 0
