/work1/dannegrut/harry/experiments/arena_gator_20260925/source/scripts/ci_train.py:335: UserWarning: expandable_segments not supported on this platform (Triggered internally at /pytorch/c10/hip/HIPAllocatorConfig.h:40.)
  self.X = torch.empty((self.n, 6, 96, 32), dtype=xdt, device='cpu', pin_memory=torch.cuda.is_available()) if a.x_host else torch.empty((self.n, 6, 96, 32), dtype=xdt, device=DEV)
=== M2_rigid_deploy: files 1 rows used 92380 fit 84310 {'rigid': 84310, 'crm': 0} {'designed': 50001, 'on_policy': 34309} dev 17424 heldout(val) 8070 nctx 5 hist frames 40 visible / 40 consumed / 40 stored split_hash 7c245b53 load 16.6s data on gpu 6.35 GB
  s0 rigid startup[W_unsafe=0.964 P_unsafe=0.968 pick_fail=0.000 brier_unsafe=0.080 n=2080] established[W_unsafe=0.967 P_unsafe=0.971 pick_fail=0.000 brier_unsafe=0.072 n=5990]
  s0   k0             rigid W_unsafe=0.964 P_unsafe=0.968 pick_fail=0.000 brier_unsafe=0.080 n=2080
  s0   k40p           rigid W_unsafe=0.967 P_unsafe=0.971 pick_fail=0.000 brier_unsafe=0.072 n=5990
  s0   src:designed   rigid W_unsafe=0.973 P_unsafe=0.972 pick_fail=0.000 brier_unsafe=0.059 n=4793
  s0   src:on_policy  rigid W_unsafe=0.941 P_unsafe=0.959 pick_fail=0.048 brier_unsafe=0.096 n=3277
  s0 loss 0.2434 300.5s (0.0304 s/step, 9870 steps) 256161p gpu_peak 7.59 GB (reserved 7.84)
  s0 roundtrip {'n': 2048, 'max_abs_diff': 0.0, 'unaligned_diff': 4.76837158203125e-06}
  s1 rigid startup[W_unsafe=0.972 P_unsafe=0.974 pick_fail=0.000 brier_unsafe=0.071 n=2080] established[W_unsafe=0.974 P_unsafe=0.977 pick_fail=0.000 brier_unsafe=0.066 n=5990]
  s1   k0             rigid W_unsafe=0.972 P_unsafe=0.974 pick_fail=0.000 brier_unsafe=0.071 n=2080
  s1   k40p           rigid W_unsafe=0.974 P_unsafe=0.977 pick_fail=0.000 brier_unsafe=0.066 n=5990
  s1   src:designed   rigid W_unsafe=0.977 P_unsafe=0.979 pick_fail=0.010 brier_unsafe=0.055 n=4793
  s1   src:on_policy  rigid W_unsafe=0.953 P_unsafe=0.965 pick_fail=0.048 brier_unsafe=0.085 n=3277
  s1 loss 0.2390 282.3s (0.0286 s/step, 9870 steps) 256161p gpu_peak 7.59 GB (reserved 7.8)
  s1 roundtrip {'n': 2048, 'max_abs_diff': 0.0, 'unaligned_diff': 2.6226043701171875e-06}
  s2 rigid startup[W_unsafe=0.967 P_unsafe=0.973 pick_fail=0.000 brier_unsafe=0.075 n=2080] established[W_unsafe=0.969 P_unsafe=0.974 pick_fail=0.000 brier_unsafe=0.069 n=5990]
  s2   k0             rigid W_unsafe=0.967 P_unsafe=0.973 pick_fail=0.000 brier_unsafe=0.075 n=2080
  s2   k40p           rigid W_unsafe=0.969 P_unsafe=0.974 pick_fail=0.000 brier_unsafe=0.069 n=5990
  s2   src:designed   rigid W_unsafe=0.975 P_unsafe=0.976 pick_fail=0.000 brier_unsafe=0.055 n=4793
  s2   src:on_policy  rigid W_unsafe=0.945 P_unsafe=0.963 pick_fail=0.038 brier_unsafe=0.093 n=3277
  s2 loss 0.2238 291.9s (0.0296 s/step, 9870 steps) 256161p gpu_peak 7.59 GB (reserved 7.8)
  s2 roundtrip {'n': 2048, 'max_abs_diff': 0.0, 'unaligned_diff': 2.384185791015625e-06}
  s3 rigid startup[W_unsafe=0.967 P_unsafe=0.971 pick_fail=0.000 brier_unsafe=0.074 n=2080] established[W_unsafe=0.970 P_unsafe=0.973 pick_fail=0.000 brier_unsafe=0.070 n=5990]
  s3   k0             rigid W_unsafe=0.967 P_unsafe=0.971 pick_fail=0.000 brier_unsafe=0.074 n=2080
  s3   k40p           rigid W_unsafe=0.970 P_unsafe=0.973 pick_fail=0.000 brier_unsafe=0.070 n=5990
  s3   src:designed   rigid W_unsafe=0.975 P_unsafe=0.973 pick_fail=0.000 brier_unsafe=0.056 n=4793
  s3   src:on_policy  rigid W_unsafe=0.944 P_unsafe=0.962 pick_fail=0.067 brier_unsafe=0.093 n=3277
  s3 loss 0.2759 294.8s (0.0299 s/step, 9870 steps) 256161p gpu_peak 7.59 GB (reserved 7.8)
  s3 roundtrip {'n': 2048, 'max_abs_diff': 0.0, 'unaligned_diff': 2.86102294921875e-06}
  s4 rigid startup[W_unsafe=0.969 P_unsafe=0.974 pick_fail=0.000 brier_unsafe=0.071 n=2080] established[W_unsafe=0.971 P_unsafe=0.975 pick_fail=0.000 brier_unsafe=0.067 n=5990]
  s4   k0             rigid W_unsafe=0.969 P_unsafe=0.974 pick_fail=0.000 brier_unsafe=0.071 n=2080
  s4   k40p           rigid W_unsafe=0.971 P_unsafe=0.975 pick_fail=0.000 brier_unsafe=0.067 n=5990
  s4   src:designed   rigid W_unsafe=0.974 P_unsafe=0.976 pick_fail=0.000 brier_unsafe=0.054 n=4793
  s4   src:on_policy  rigid W_unsafe=0.942 P_unsafe=0.963 pick_fail=0.058 brier_unsafe=0.089 n=3277
  s4 loss 0.2116 271.0s (0.0275 s/step, 9870 steps) 256161p gpu_peak 7.59 GB (reserved 7.8)
  s4 roundtrip {'n': 2048, 'max_abs_diff': 0.0, 'unaligned_diff': 2.86102294921875e-06}
ENSEMBLE M2_rigid_deploy rigid startup[W_unsafe=0.976 P_unsafe=0.979 pick_fail=0.000 brier_unsafe=0.065 n=2080] established[W_unsafe=0.979 P_unsafe=0.981 pick_fail=0.000 brier_unsafe=0.061 n=5990]
ENSEMBLE M2_rigid_deploy   k0             rigid W_unsafe=0.976 P_unsafe=0.979 pick_fail=0.000 brier_unsafe=0.065 n=2080
ENSEMBLE M2_rigid_deploy   k40p           rigid W_unsafe=0.979 P_unsafe=0.981 pick_fail=0.000 brier_unsafe=0.061 n=5990
ENSEMBLE M2_rigid_deploy   src:designed   rigid W_unsafe=0.983 P_unsafe=0.981 pick_fail=0.000 brier_unsafe=0.049 n=4793
ENSEMBLE M2_rigid_deploy   src:on_policy  rigid W_unsafe=0.957 P_unsafe=0.972 pick_fail=0.048 brier_unsafe=0.081 n=3277
exit: 0
