/work1/dannegrut/harry/experiments/arena_gator_20260925/source/scripts/ci_train.py:335: UserWarning: expandable_segments not supported on this platform (Triggered internally at /pytorch/c10/hip/HIPAllocatorConfig.h:40.)
  self.X = torch.empty((self.n, 6, 96, 32), dtype=xdt, device='cpu', pin_memory=torch.cuda.is_available()) if a.x_host else torch.empty((self.n, 6, 96, 32), dtype=xdt, device=DEV)
=== M2_soil_deploy: files 1 rows used 31185 fit 29048 {'rigid': 0, 'crm': 29048} {'designed': 17336, 'on_policy': 11712} dev 6107 heldout(val) 2137 nctx 5 hist frames 40 visible / 40 consumed / 40 stored split_hash 0b8e8337 load 7.5s data on gpu 2.14 GB
  s0 crm   startup[W_unsafe=0.924 P_unsafe=0.954 pick_fail=0.350 brier_unsafe=0.097 n=560] established[W_unsafe=0.944 P_unsafe=0.963 pick_fail=0.312 brier_unsafe=0.086 n=1577]
  s0   k0             crm W_unsafe=0.924 P_unsafe=0.954 pick_fail=0.350 brier_unsafe=0.097 n=560
  s0   k40p           crm W_unsafe=0.944 P_unsafe=0.963 pick_fail=0.312 brier_unsafe=0.086 n=1577
  s0   src:designed   crm W_unsafe=0.921 P_unsafe=0.948 pick_fail=0.312 brier_unsafe=0.109 n=1273
  s0   src:on_policy  crm W_unsafe=0.916 P_unsafe=0.970 pick_fail=0.785 brier_unsafe=0.059 n=864
  s0 loss 0.4294 128.2s (0.0378 s/step, 3390 steps) 256161p gpu_peak 3.38 GB (reserved 3.57)
  s0 roundtrip {'n': 2048, 'max_abs_diff': 0.0, 'unaligned_diff': 4.76837158203125e-06}
  s1 crm   startup[W_unsafe=0.932 P_unsafe=0.949 pick_fail=0.325 brier_unsafe=0.102 n=560] established[W_unsafe=0.935 P_unsafe=0.955 pick_fail=0.325 brier_unsafe=0.095 n=1577]
  s1   k0             crm W_unsafe=0.932 P_unsafe=0.949 pick_fail=0.325 brier_unsafe=0.102 n=560
  s1   k40p           crm W_unsafe=0.935 P_unsafe=0.955 pick_fail=0.325 brier_unsafe=0.095 n=1577
  s1   src:designed   crm W_unsafe=0.911 P_unsafe=0.936 pick_fail=0.312 brier_unsafe=0.122 n=1273
  s1   src:on_policy  crm W_unsafe=0.916 P_unsafe=0.971 pick_fail=0.785 brier_unsafe=0.060 n=864
  s1 loss 0.4030 123.6s (0.0364 s/step, 3390 steps) 256161p gpu_peak 3.38 GB (reserved 3.57)
  s1 roundtrip {'n': 2048, 'max_abs_diff': 0.0, 'unaligned_diff': 3.814697265625e-06}
  s2 crm   startup[W_unsafe=0.943 P_unsafe=0.953 pick_fail=0.300 brier_unsafe=0.105 n=560] established[W_unsafe=0.946 P_unsafe=0.962 pick_fail=0.287 brier_unsafe=0.089 n=1577]
  s2   k0             crm W_unsafe=0.943 P_unsafe=0.953 pick_fail=0.300 brier_unsafe=0.105 n=560
  s2   k40p           crm W_unsafe=0.946 P_unsafe=0.962 pick_fail=0.287 brier_unsafe=0.089 n=1577
  s2   src:designed   crm W_unsafe=0.920 P_unsafe=0.940 pick_fail=0.312 brier_unsafe=0.123 n=1273
  s2   src:on_policy  crm W_unsafe=0.941 P_unsafe=0.983 pick_fail=0.785 brier_unsafe=0.050 n=864
  s2 loss 0.3331 124.3s (0.0367 s/step, 3390 steps) 256161p gpu_peak 3.38 GB (reserved 3.57)
  s2 roundtrip {'n': 2048, 'max_abs_diff': 0.0, 'unaligned_diff': 3.814697265625e-06}
  s3 crm   startup[W_unsafe=0.945 P_unsafe=0.959 pick_fail=0.312 brier_unsafe=0.092 n=560] established[W_unsafe=0.945 P_unsafe=0.963 pick_fail=0.312 brier_unsafe=0.083 n=1577]
  s3   k0             crm W_unsafe=0.945 P_unsafe=0.959 pick_fail=0.312 brier_unsafe=0.092 n=560
  s3   k40p           crm W_unsafe=0.945 P_unsafe=0.963 pick_fail=0.312 brier_unsafe=0.083 n=1577
  s3   src:designed   crm W_unsafe=0.922 P_unsafe=0.947 pick_fail=0.312 brier_unsafe=0.103 n=1273
  s3   src:on_policy  crm W_unsafe=0.934 P_unsafe=0.976 pick_fail=0.797 brier_unsafe=0.058 n=864
  s3 loss 0.4098 124.4s (0.0367 s/step, 3390 steps) 256161p gpu_peak 3.38 GB (reserved 3.57)
  s3 roundtrip {'n': 2048, 'max_abs_diff': 0.0, 'unaligned_diff': 2.86102294921875e-06}
  s4 crm   startup[W_unsafe=0.919 P_unsafe=0.956 pick_fail=0.338 brier_unsafe=0.106 n=560] established[W_unsafe=0.931 P_unsafe=0.962 pick_fail=0.300 brier_unsafe=0.088 n=1577]
  s4   k0             crm W_unsafe=0.919 P_unsafe=0.956 pick_fail=0.338 brier_unsafe=0.106 n=560
  s4   k40p           crm W_unsafe=0.931 P_unsafe=0.962 pick_fail=0.300 brier_unsafe=0.088 n=1577
  s4   src:designed   crm W_unsafe=0.914 P_unsafe=0.949 pick_fail=0.312 brier_unsafe=0.112 n=1273
  s4   src:on_policy  crm W_unsafe=0.877 P_unsafe=0.968 pick_fail=0.785 brier_unsafe=0.064 n=864
  s4 loss 0.3555 123.3s (0.0364 s/step, 3390 steps) 256161p gpu_peak 3.38 GB (reserved 3.57)
  s4 roundtrip {'n': 2048, 'max_abs_diff': 0.0, 'unaligned_diff': 4.76837158203125e-06}
ENSEMBLE M2_soil_deploy crm   startup[W_unsafe=0.934 P_unsafe=0.963 pick_fail=0.312 brier_unsafe=0.096 n=560] established[W_unsafe=0.953 P_unsafe=0.969 pick_fail=0.287 brier_unsafe=0.082 n=1577]
ENSEMBLE M2_soil_deploy   k0             crm W_unsafe=0.934 P_unsafe=0.963 pick_fail=0.312 brier_unsafe=0.096 n=560
ENSEMBLE M2_soil_deploy   k40p           crm W_unsafe=0.953 P_unsafe=0.969 pick_fail=0.287 brier_unsafe=0.082 n=1577
ENSEMBLE M2_soil_deploy   src:designed   crm W_unsafe=0.929 P_unsafe=0.954 pick_fail=0.312 brier_unsafe=0.105 n=1273
ENSEMBLE M2_soil_deploy   src:on_policy  crm W_unsafe=0.930 P_unsafe=0.980 pick_fail=0.785 brier_unsafe=0.057 n=864
exit: 0
