/work1/dannegrut/harry/experiments/arena_gator_20260925/source/scripts/ci_train.py:335: UserWarning: expandable_segments not supported on this platform (Triggered internally at /pytorch/c10/hip/HIPAllocatorConfig.h:40.)
  self.X = torch.empty((self.n, 6, 96, 32), dtype=xdt, device='cpu', pin_memory=torch.cuda.is_available()) if a.x_host else torch.empty((self.n, 6, 96, 32), dtype=xdt, device=DEV)
=== M3a_rigid_deploy: files 1 rows used 97191 fit 84481 {'rigid': 84481, 'crm': 0} {'designed': 50112, 'on_policy': 34369} dev 16572 heldout(val) 12710 nctx 5 hist frames 40 visible / 40 consumed / 40 stored split_hash fb48baea load 21.4s data on gpu 6.68 GB
  s0 rigid startup[W_unsafe=0.961 P_unsafe=0.964 pick_fail=0.012 brier_unsafe=0.084 n=3280] established[W_unsafe=0.962 P_unsafe=0.966 pick_fail=0.000 brier_unsafe=0.079 n=9430]
  s0   k0             rigid W_unsafe=0.961 P_unsafe=0.964 pick_fail=0.012 brier_unsafe=0.084 n=3280
  s0   k40p           rigid W_unsafe=0.962 P_unsafe=0.966 pick_fail=0.000 brier_unsafe=0.079 n=9430
  s0   src:designed   rigid W_unsafe=0.972 P_unsafe=0.971 pick_fail=0.006 brier_unsafe=0.058 n=7538
  s0   src:on_policy  rigid W_unsafe=0.932 P_unsafe=0.949 pick_fail=0.055 brier_unsafe=0.112 n=5172
  s0 loss 0.1929 359.5s (0.0363 s/step, 9900 steps) 256161p gpu_peak 7.92 GB (reserved 8.13)
  s0 roundtrip {'n': 2048, 'max_abs_diff': 0.0, 'unaligned_diff': 5.066394805908203e-06}
  s1 rigid startup[W_unsafe=0.963 P_unsafe=0.967 pick_fail=0.012 brier_unsafe=0.079 n=3280] established[W_unsafe=0.965 P_unsafe=0.969 pick_fail=0.000 brier_unsafe=0.074 n=9430]
  s1   k0             rigid W_unsafe=0.963 P_unsafe=0.967 pick_fail=0.012 brier_unsafe=0.079 n=3280
  s1   k40p           rigid W_unsafe=0.965 P_unsafe=0.969 pick_fail=0.000 brier_unsafe=0.074 n=9430
  s1   src:designed   rigid W_unsafe=0.969 P_unsafe=0.971 pick_fail=0.000 brier_unsafe=0.059 n=7538
  s1   src:on_policy  rigid W_unsafe=0.942 P_unsafe=0.956 pick_fail=0.073 brier_unsafe=0.099 n=5172
  s1 loss 0.2642 357.0s (0.0361 s/step, 9900 steps) 256161p gpu_peak 7.92 GB (reserved 8.13)
  s1 roundtrip {'n': 2048, 'max_abs_diff': 0.0, 'unaligned_diff': 7.152557373046875e-06}
  s2 rigid startup[W_unsafe=0.961 P_unsafe=0.964 pick_fail=0.018 brier_unsafe=0.081 n=3280] established[W_unsafe=0.964 P_unsafe=0.967 pick_fail=0.000 brier_unsafe=0.076 n=9430]
  s2   k0             rigid W_unsafe=0.961 P_unsafe=0.964 pick_fail=0.018 brier_unsafe=0.081 n=3280
  s2   k40p           rigid W_unsafe=0.964 P_unsafe=0.967 pick_fail=0.000 brier_unsafe=0.076 n=9430
  s2   src:designed   rigid W_unsafe=0.965 P_unsafe=0.969 pick_fail=0.000 brier_unsafe=0.054 n=7538
  s2   src:on_policy  rigid W_unsafe=0.938 P_unsafe=0.950 pick_fail=0.049 brier_unsafe=0.111 n=5172
  s2 loss 0.2642 357.2s (0.0361 s/step, 9900 steps) 256161p gpu_peak 7.92 GB (reserved 8.13)
  s2 roundtrip {'n': 2048, 'max_abs_diff': 0.0, 'unaligned_diff': 4.76837158203125e-06}
  s3 rigid startup[W_unsafe=0.960 P_unsafe=0.965 pick_fail=0.018 brier_unsafe=0.078 n=3280] established[W_unsafe=0.963 P_unsafe=0.967 pick_fail=0.006 brier_unsafe=0.073 n=9430]
  s3   k0             rigid W_unsafe=0.960 P_unsafe=0.965 pick_fail=0.018 brier_unsafe=0.078 n=3280
  s3   k40p           rigid W_unsafe=0.963 P_unsafe=0.967 pick_fail=0.006 brier_unsafe=0.073 n=9430
  s3   src:designed   rigid W_unsafe=0.969 P_unsafe=0.971 pick_fail=0.000 brier_unsafe=0.056 n=7538
  s3   src:on_policy  rigid W_unsafe=0.931 P_unsafe=0.951 pick_fail=0.061 brier_unsafe=0.102 n=5172
  s3 loss 0.2714 357.0s (0.0361 s/step, 9900 steps) 256161p gpu_peak 7.92 GB (reserved 8.13)
  s3 roundtrip {'n': 2048, 'max_abs_diff': 0.0, 'unaligned_diff': 6.67572021484375e-06}
  s4 rigid startup[W_unsafe=0.964 P_unsafe=0.967 pick_fail=0.012 brier_unsafe=0.082 n=3280] established[W_unsafe=0.966 P_unsafe=0.969 pick_fail=0.006 brier_unsafe=0.077 n=9430]
  s4   k0             rigid W_unsafe=0.964 P_unsafe=0.967 pick_fail=0.012 brier_unsafe=0.082 n=3280
  s4   k40p           rigid W_unsafe=0.966 P_unsafe=0.969 pick_fail=0.006 brier_unsafe=0.077 n=9430
  s4   src:designed   rigid W_unsafe=0.972 P_unsafe=0.973 pick_fail=0.006 brier_unsafe=0.059 n=7538
  s4   src:on_policy  rigid W_unsafe=0.932 P_unsafe=0.951 pick_fail=0.061 brier_unsafe=0.106 n=5172
  s4 loss 0.2555 357.7s (0.0361 s/step, 9900 steps) 256161p gpu_peak 7.92 GB (reserved 8.13)
  s4 roundtrip {'n': 2048, 'max_abs_diff': 0.0, 'unaligned_diff': 8.58306884765625e-06}
ENSEMBLE M3a_rigid_deploy rigid startup[W_unsafe=0.972 P_unsafe=0.975 pick_fail=0.006 brier_unsafe=0.070 n=3280] established[W_unsafe=0.973 P_unsafe=0.976 pick_fail=0.000 brier_unsafe=0.066 n=9430]
ENSEMBLE M3a_rigid_deploy   k0             rigid W_unsafe=0.972 P_unsafe=0.975 pick_fail=0.006 brier_unsafe=0.070 n=3280
ENSEMBLE M3a_rigid_deploy   k40p           rigid W_unsafe=0.973 P_unsafe=0.976 pick_fail=0.000 brier_unsafe=0.066 n=9430
ENSEMBLE M3a_rigid_deploy   src:designed   rigid W_unsafe=0.976 P_unsafe=0.978 pick_fail=0.000 brier_unsafe=0.050 n=7538
ENSEMBLE M3a_rigid_deploy   src:on_policy  rigid W_unsafe=0.949 P_unsafe=0.963 pick_fail=0.055 brier_unsafe=0.092 n=5172
exit: 0
