/work1/dannegrut/harry/experiments/arena_gator_20260925/source/scripts/ci_train.py:335: UserWarning: expandable_segments not supported on this platform (Triggered internally at /pytorch/c10/hip/HIPAllocatorConfig.h:40.)
  self.X = torch.empty((self.n, 6, 96, 32), dtype=xdt, device='cpu', pin_memory=torch.cuda.is_available()) if a.x_host else torch.empty((self.n, 6, 96, 32), dtype=xdt, device=DEV)
=== M3a_soil_deploy: files 1 rows used 32234 fit 29071 {'rigid': 0, 'crm': 29071} {'designed': 17410, 'on_policy': 11661} dev 5787 heldout(val) 3163 nctx 5 hist frames 40 visible / 40 consumed / 40 stored split_hash 87e712f1 load 7.9s data on gpu 2.21 GB
  s0 crm   startup[W_unsafe=0.939 P_unsafe=0.953 pick_fail=0.280 brier_unsafe=0.093 n=826] established[W_unsafe=0.941 P_unsafe=0.961 pick_fail=0.246 brier_unsafe=0.086 n=2337]
  s0   k0             crm W_unsafe=0.939 P_unsafe=0.953 pick_fail=0.280 brier_unsafe=0.093 n=826
  s0   k40p           crm W_unsafe=0.941 P_unsafe=0.961 pick_fail=0.246 brier_unsafe=0.086 n=2337
  s0   src:designed   crm W_unsafe=0.922 P_unsafe=0.943 pick_fail=0.263 brier_unsafe=0.108 n=1943
  s0   src:on_policy  crm W_unsafe=0.943 P_unsafe=0.975 pick_fail=0.809 brier_unsafe=0.055 n=1220
  s0 loss 0.3232 126.4s (0.0373 s/step, 3390 steps) 256161p gpu_peak 3.45 GB (reserved 3.65)
  s0 roundtrip {'n': 2048, 'max_abs_diff': 0.0, 'unaligned_diff': 6.198883056640625e-06}
  s1 crm   startup[W_unsafe=0.931 P_unsafe=0.955 pick_fail=0.322 brier_unsafe=0.098 n=826] established[W_unsafe=0.942 P_unsafe=0.959 pick_fail=0.280 brier_unsafe=0.090 n=2337]
  s1   k0             crm W_unsafe=0.931 P_unsafe=0.955 pick_fail=0.322 brier_unsafe=0.098 n=826
  s1   k40p           crm W_unsafe=0.942 P_unsafe=0.959 pick_fail=0.280 brier_unsafe=0.090 n=2337
  s1   src:designed   crm W_unsafe=0.932 P_unsafe=0.945 pick_fail=0.288 brier_unsafe=0.106 n=1943
  s1   src:on_policy  crm W_unsafe=0.936 P_unsafe=0.973 pick_fail=0.800 brier_unsafe=0.070 n=1220
  s1 loss 0.4422 129.3s (0.0381 s/step, 3390 steps) 256161p gpu_peak 3.46 GB (reserved 3.65)
  s1 roundtrip {'n': 2048, 'max_abs_diff': 0.0, 'unaligned_diff': 3.814697265625e-06}
  s2 crm   startup[W_unsafe=0.934 P_unsafe=0.945 pick_fail=0.322 brier_unsafe=0.109 n=826] established[W_unsafe=0.937 P_unsafe=0.953 pick_fail=0.314 brier_unsafe=0.095 n=2337]
  s2   k0             crm W_unsafe=0.934 P_unsafe=0.945 pick_fail=0.322 brier_unsafe=0.109 n=826
  s2   k40p           crm W_unsafe=0.937 P_unsafe=0.953 pick_fail=0.314 brier_unsafe=0.095 n=2337
  s2   src:designed   crm W_unsafe=0.931 P_unsafe=0.940 pick_fail=0.305 brier_unsafe=0.114 n=1943
  s2   src:on_policy  crm W_unsafe=0.873 P_unsafe=0.958 pick_fail=0.835 brier_unsafe=0.074 n=1220
  s2 loss 0.3470 123.3s (0.0364 s/step, 3390 steps) 256161p gpu_peak 3.46 GB (reserved 3.65)
  s2 roundtrip {'n': 2048, 'max_abs_diff': 0.0, 'unaligned_diff': 3.814697265625e-06}
  s3 crm   startup[W_unsafe=0.955 P_unsafe=0.959 pick_fail=0.297 brier_unsafe=0.091 n=826] established[W_unsafe=0.945 P_unsafe=0.958 pick_fail=0.288 brier_unsafe=0.087 n=2337]
  s3   k0             crm W_unsafe=0.955 P_unsafe=0.959 pick_fail=0.297 brier_unsafe=0.091 n=826
  s3   k40p           crm W_unsafe=0.945 P_unsafe=0.958 pick_fail=0.288 brier_unsafe=0.087 n=2337
  s3   src:designed   crm W_unsafe=0.928 P_unsafe=0.940 pick_fail=0.280 brier_unsafe=0.111 n=1943
  s3   src:on_policy  crm W_unsafe=0.930 P_unsafe=0.979 pick_fail=0.800 brier_unsafe=0.052 n=1220
  s3 loss 0.5063 122.8s (0.0362 s/step, 3390 steps) 256161p gpu_peak 3.46 GB (reserved 3.65)
  s3 roundtrip {'n': 2048, 'max_abs_diff': 0.0, 'unaligned_diff': 3.814697265625e-06}
  s4 crm   startup[W_unsafe=0.960 P_unsafe=0.958 pick_fail=0.288 brier_unsafe=0.093 n=826] established[W_unsafe=0.948 P_unsafe=0.958 pick_fail=0.297 brier_unsafe=0.089 n=2337]
  s4   k0             crm W_unsafe=0.960 P_unsafe=0.958 pick_fail=0.288 brier_unsafe=0.093 n=826
  s4   k40p           crm W_unsafe=0.948 P_unsafe=0.958 pick_fail=0.297 brier_unsafe=0.089 n=2337
  s4   src:designed   crm W_unsafe=0.935 P_unsafe=0.940 pick_fail=0.297 brier_unsafe=0.113 n=1943
  s4   src:on_policy  crm W_unsafe=0.956 P_unsafe=0.977 pick_fail=0.809 brier_unsafe=0.054 n=1220
  s4 loss 0.4675 122.7s (0.0362 s/step, 3390 steps) 256161p gpu_peak 3.46 GB (reserved 3.65)
  s4 roundtrip {'n': 2048, 'max_abs_diff': 0.0, 'unaligned_diff': 4.291534423828125e-06}
ENSEMBLE M3a_soil_deploy crm   startup[W_unsafe=0.964 P_unsafe=0.963 pick_fail=0.271 brier_unsafe=0.089 n=826] established[W_unsafe=0.956 P_unsafe=0.966 pick_fail=0.288 brier_unsafe=0.080 n=2337]
ENSEMBLE M3a_soil_deploy   k0             crm W_unsafe=0.964 P_unsafe=0.963 pick_fail=0.271 brier_unsafe=0.089 n=826
ENSEMBLE M3a_soil_deploy   k40p           crm W_unsafe=0.956 P_unsafe=0.966 pick_fail=0.288 brier_unsafe=0.080 n=2337
ENSEMBLE M3a_soil_deploy   src:designed   crm W_unsafe=0.945 P_unsafe=0.952 pick_fail=0.280 brier_unsafe=0.100 n=1943
ENSEMBLE M3a_soil_deploy   src:on_policy  crm W_unsafe=0.951 P_unsafe=0.980 pick_fail=0.809 brier_unsafe=0.055 n=1220
exit: 0
