/work1/dannegrut/harry/experiments/arena_gator_20260925/source/scripts/ci_train.py:335: UserWarning: expandable_segments not supported on this platform (Triggered internally at /pytorch/c10/hip/HIPAllocatorConfig.h:40.)
  self.X = torch.empty((self.n, 6, 96, 32), dtype=xdt, device='cpu', pin_memory=torch.cuda.is_available()) if a.x_host else torch.empty((self.n, 6, 96, 32), dtype=xdt, device=DEV)
=== M3b_soil_deploy: files 1 rows used 32234 fit 29071 {'rigid': 0, 'crm': 29071} {'designed': 17410, 'on_policy': 11661} dev 5787 heldout(val) 3163 nctx 5 hist frames 40 visible / 40 consumed / 40 stored split_hash 87e712f1 load 8.1s data on gpu 2.21 GB
  s5 crm   startup[W_unsafe=0.941 P_unsafe=0.955 pick_fail=0.305 brier_unsafe=0.092 n=826] established[W_unsafe=0.940 P_unsafe=0.956 pick_fail=0.288 brier_unsafe=0.090 n=2337]
  s5   k0             crm W_unsafe=0.941 P_unsafe=0.955 pick_fail=0.305 brier_unsafe=0.092 n=826
  s5   k40p           crm W_unsafe=0.940 P_unsafe=0.956 pick_fail=0.288 brier_unsafe=0.090 n=2337
  s5   src:designed   crm W_unsafe=0.931 P_unsafe=0.940 pick_fail=0.305 brier_unsafe=0.108 n=1943
  s5   src:on_policy  crm W_unsafe=0.914 P_unsafe=0.973 pick_fail=0.817 brier_unsafe=0.062 n=1220
  s5 loss 0.4389 126.2s (0.0372 s/step, 3390 steps) 256161p gpu_peak 3.45 GB (reserved 3.65)
  s5 roundtrip {'n': 2048, 'max_abs_diff': 0.0, 'unaligned_diff': 4.76837158203125e-06}
  s6 crm   startup[W_unsafe=0.931 P_unsafe=0.954 pick_fail=0.280 brier_unsafe=0.098 n=826] established[W_unsafe=0.936 P_unsafe=0.956 pick_fail=0.280 brier_unsafe=0.093 n=2337]
  s6   k0             crm W_unsafe=0.931 P_unsafe=0.954 pick_fail=0.280 brier_unsafe=0.098 n=826
  s6   k40p           crm W_unsafe=0.936 P_unsafe=0.956 pick_fail=0.280 brier_unsafe=0.093 n=2337
  s6   src:designed   crm W_unsafe=0.921 P_unsafe=0.939 pick_fail=0.280 brier_unsafe=0.115 n=1943
  s6   src:on_policy  crm W_unsafe=0.932 P_unsafe=0.973 pick_fail=0.800 brier_unsafe=0.061 n=1220
  s6 loss 0.4924 122.7s (0.0362 s/step, 3390 steps) 256161p gpu_peak 3.46 GB (reserved 3.65)
  s6 roundtrip {'n': 2048, 'max_abs_diff': 0.0, 'unaligned_diff': 5.0067901611328125e-06}
  s7 crm   startup[W_unsafe=0.932 P_unsafe=0.951 pick_fail=0.314 brier_unsafe=0.098 n=826] established[W_unsafe=0.930 P_unsafe=0.952 pick_fail=0.280 brier_unsafe=0.093 n=2337]
  s7   k0             crm W_unsafe=0.932 P_unsafe=0.951 pick_fail=0.314 brier_unsafe=0.098 n=826
  s7   k40p           crm W_unsafe=0.930 P_unsafe=0.952 pick_fail=0.280 brier_unsafe=0.093 n=2337
  s7   src:designed   crm W_unsafe=0.924 P_unsafe=0.937 pick_fail=0.280 brier_unsafe=0.115 n=1943
  s7   src:on_policy  crm W_unsafe=0.877 P_unsafe=0.966 pick_fail=0.817 brier_unsafe=0.062 n=1220
  s7 loss 0.4216 122.9s (0.0362 s/step, 3390 steps) 256161p gpu_peak 3.46 GB (reserved 3.65)
  s7 roundtrip {'n': 2048, 'max_abs_diff': 0.0, 'unaligned_diff': 3.814697265625e-06}
  s8 crm   startup[W_unsafe=0.946 P_unsafe=0.955 pick_fail=0.280 brier_unsafe=0.094 n=826] established[W_unsafe=0.942 P_unsafe=0.958 pick_fail=0.280 brier_unsafe=0.093 n=2337]
  s8   k0             crm W_unsafe=0.946 P_unsafe=0.955 pick_fail=0.280 brier_unsafe=0.094 n=826
  s8   k40p           crm W_unsafe=0.942 P_unsafe=0.958 pick_fail=0.280 brier_unsafe=0.093 n=2337
  s8   src:designed   crm W_unsafe=0.938 P_unsafe=0.944 pick_fail=0.271 brier_unsafe=0.112 n=1943
  s8   src:on_policy  crm W_unsafe=0.905 P_unsafe=0.969 pick_fail=0.809 brier_unsafe=0.063 n=1220
  s8 loss 0.3258 122.8s (0.0362 s/step, 3390 steps) 256161p gpu_peak 3.46 GB (reserved 3.65)
  s8 roundtrip {'n': 2048, 'max_abs_diff': 0.0, 'unaligned_diff': 5.7220458984375e-06}
  s9 crm   startup[W_unsafe=0.944 P_unsafe=0.952 pick_fail=0.322 brier_unsafe=0.089 n=826] established[W_unsafe=0.941 P_unsafe=0.954 pick_fail=0.305 brier_unsafe=0.088 n=2337]
  s9   k0             crm W_unsafe=0.944 P_unsafe=0.952 pick_fail=0.322 brier_unsafe=0.089 n=826
  s9   k40p           crm W_unsafe=0.941 P_unsafe=0.954 pick_fail=0.305 brier_unsafe=0.088 n=2337
  s9   src:designed   crm W_unsafe=0.919 P_unsafe=0.938 pick_fail=0.305 brier_unsafe=0.107 n=1943
  s9   src:on_policy  crm W_unsafe=0.963 P_unsafe=0.972 pick_fail=0.791 brier_unsafe=0.058 n=1220
  s9 loss 0.3505 122.8s (0.0362 s/step, 3390 steps) 256161p gpu_peak 3.46 GB (reserved 3.65)
  s9 roundtrip {'n': 2048, 'max_abs_diff': 0.0, 'unaligned_diff': 4.76837158203125e-06}
ENSEMBLE M3b_soil_deploy crm   startup[W_unsafe=0.950 P_unsafe=0.963 pick_fail=0.288 brier_unsafe=0.087 n=826] established[W_unsafe=0.946 P_unsafe=0.963 pick_fail=0.297 brier_unsafe=0.083 n=2337]
ENSEMBLE M3b_soil_deploy   k0             crm W_unsafe=0.950 P_unsafe=0.963 pick_fail=0.288 brier_unsafe=0.087 n=826
ENSEMBLE M3b_soil_deploy   k40p           crm W_unsafe=0.946 P_unsafe=0.963 pick_fail=0.297 brier_unsafe=0.083 n=2337
ENSEMBLE M3b_soil_deploy   src:designed   crm W_unsafe=0.932 P_unsafe=0.950 pick_fail=0.297 brier_unsafe=0.101 n=1943
ENSEMBLE M3b_soil_deploy   src:on_policy  crm W_unsafe=0.925 P_unsafe=0.977 pick_fail=0.809 brier_unsafe=0.058 n=1220
exit: 0
