gator {'sha256': '01bbbee3b9e2a29e1c5b8288d63d6dab4a42a85116c68bdd680444292a4d5166', 'rows_dev_val': 13037, 'groups': 280, 'vehicles': [np.str_('gator')], 'splits': {'train': 10455, 'val': 2582}, 'tiers': [0, 1, 2, 3, 4, 5, 6, 7, 8, 9, 10, 11, 12], 'other_splits_in_file': {np.str_('test'): 2422, np.str_('train'): 10455, np.str_('val'): 2582}}
hmmwv {'sha256': '375a3887d94b74c879d3af623cf227cd5f96f2f4714b8494f9f93e984bc9f851', 'rows_dev_val': 13604, 'groups': 280, 'vehicles': [np.str_('hmmwv')], 'splits': {'train': 10896, 'val': 2708}, 'tiers': [0, 1, 2, 3, 4, 5, 6, 7, 8, 9, 10, 11, 12], 'other_splits_in_file': {np.str_('test'): 2637, np.str_('train'): 10896, np.str_('val'): 2708}}
G_full_deploy {"val_rows": 2582, "matched": 2582, "max_abs_member": 4.00543212890625e-05, "max_abs_ensemble": 1.1682510375976562e-05, "labels_equal": true} {'G_full_soil_deploy_s0.pt': True, 'G_full_soil_deploy_s1.pt': True, 'G_full_soil_deploy_s2.pt': True, 'G_full_soil_deploy_s3.pt': True, 'G_full_soil_deploy_s4.pt': True}
  G_full_deploy on gator (val): mine 0.9502 (603 pairs, 22/56 groups with pairs) theirs 0.9502 (603) | val mine 0.9502 theirs 0.9502 | pick 0.643/0.643 random 0.882/0.8815247252747254 best 0.607/0.6071428571428571
  G_full_deploy on hmmwv (val): mine 0.8217 (1374 pairs, 49/56 groups with pairs) theirs 0.8217 (1374) | val mine 0.8217 theirs 0.8217 | pick 0.357/0.357 random 0.726/0.7259615384615384 best 0.107/0.10714285714285714
H_full_deploy {"val_rows": 2708, "matched": 2708, "max_abs_member": 4.1484832763671875e-05, "max_abs_ensemble": 1.4066696166992188e-05, "labels_equal": true} {'H_full_soil_deploy_s0.pt': True, 'H_full_soil_deploy_s1.pt': True, 'H_full_soil_deploy_s2.pt': True, 'H_full_soil_deploy_s3.pt': True, 'H_full_soil_deploy_s4.pt': True}
  H_full_deploy on gator (val): mine 0.8474 (603 pairs, 22/56 groups with pairs) theirs 0.8474 (603) | val mine 0.8474 theirs 0.8474 | pick 0.714/0.714 random 0.882/0.8815247252747254 best 0.607/0.6071428571428571
  H_full_deploy on hmmwv (val): mine 0.9913 (1374 pairs, 49/56 groups with pairs) theirs 0.9913 (1374) | val mine 0.9913 theirs 0.9913 | pick 0.179/0.179 random 0.726/0.7259615384615384 best 0.107/0.10714285714285714
G_full_holdout {"val_rows": 2582, "matched": 2582, "max_abs_member": 4.76837158203125e-05, "max_abs_ensemble": 1.239776611328125e-05, "labels_equal": true} {'G_full_soil_holdout_s0.pt': True, 'G_full_soil_holdout_s1.pt': True, 'G_full_soil_holdout_s2.pt': True, 'G_full_soil_holdout_s3.pt': True, 'G_full_soil_holdout_s4.pt': True}
  G_full_holdout on gator (dev+val): mine 0.9462 (2976 pairs, 116/280 groups with pairs) theirs 0.9462 (2976) | val mine 0.9502 theirs 0.9502 | pick 0.632/0.632 random 0.878/0.8781593406593405 best 0.582/0.5821428571428572
  G_full_holdout on hmmwv (dev+val): mine 0.8136 (6922 pairs, 236/280 groups with pairs) theirs 0.8136 (6922) | val mine 0.8246 theirs 0.8246 | pick 0.350/0.350 random 0.688/0.6878663003663004 best 0.136/0.1357142857142857
H_full_holdout {"val_rows": 2708, "matched": 2708, "max_abs_member": 3.6597251892089844e-05, "max_abs_ensemble": 1.430511474609375e-05, "labels_equal": true} {'H_full_soil_holdout_s0.pt': True, 'H_full_soil_holdout_s1.pt': True, 'H_full_soil_holdout_s2.pt': True, 'H_full_soil_holdout_s3.pt': True, 'H_full_soil_holdout_s4.pt': True}
  H_full_holdout on gator (dev+val): mine 0.8266 (2976 pairs, 116/280 groups with pairs) theirs 0.8266 (2976) | val mine 0.8474 theirs 0.8474 | pick 0.743/0.743 random 0.878/0.8781593406593405 best 0.582/0.5821428571428572
  H_full_holdout on hmmwv (dev+val): mine 0.9793 (6922 pairs, 236/280 groups with pairs) theirs 0.9793 (6922) | val mine 0.9825 theirs 0.9825 | pick 0.204/0.204 random 0.688/0.6878663003663004 best 0.136/0.1357142857142857
G_holdout {"val_rows": 2582, "matched": 1430, "max_abs_member": 3.1948089599609375e-05, "max_abs_ensemble": 1.6689300537109375e-05, "labels_equal": true} {'G_soil_holdout_s0.pt': True, 'G_soil_holdout_s1.pt': True, 'G_soil_holdout_s2.pt': True, 'G_soil_holdout_s3.pt': True, 'G_soil_holdout_s4.pt': True}
  G_holdout on gator (dev+val): mine 0.9365 (2976 pairs, 116/280 groups with pairs) theirs 0.9365 (2976) | val mine 0.9486 theirs 0.9486 | pick 0.643/0.643 random 0.878/0.8781593406593405 best 0.582/0.5821428571428572
  G_holdout on hmmwv (dev+val): mine 0.8109 (6922 pairs, 236/280 groups with pairs) theirs 0.8109 (6922) | val mine 0.8290 theirs 0.8290 | pick 0.336/0.336 random 0.688/0.6878663003663004 best 0.136/0.1357142857142857
H_holdout {"val_rows": 2708, "matched": 1492, "max_abs_member": 4.029273986816406e-05, "max_abs_ensemble": 1.5974044799804688e-05, "labels_equal": true} {'M1_soil_holdout_s0.pt': True, 'M1_soil_holdout_s1.pt': True, 'M1_soil_holdout_s2.pt': True, 'M1_soil_holdout_s3.pt': True, 'M1_soil_holdout_s4.pt': True}
  H_holdout on gator (dev+val): mine 0.8233 (2976 pairs, 116/280 groups with pairs) theirs 0.8233 (2976) | val mine 0.8574 theirs 0.8574 | pick 0.721/0.721 random 0.878/0.8781593406593405 best 0.582/0.5821428571428572
  H_holdout on hmmwv (dev+val): mine 0.9736 (6922 pairs, 236/280 groups with pairs) theirs 0.9736 (6922) | val mine 0.9694 theirs 0.9694 | pick 0.200/0.200 random 0.688/0.6878663003663004 best 0.136/0.1357142857142857
