{
 "tool": "scripts/ag_subset.py",
 "tool_sha256": "3891a0064511666a19d63ff360c9e2b0f56f59d35e14337d1ca634870c590f39",
 "argv": [
  "--world",
  "crm",
  "--tiers",
  "0-12",
  "--eval-rows",
  "filtered",
  "--groups",
  "f104=0",
  "--keep-dev-fold",
  "--ds",
  "/work1/dannegrut/harry/experiments/arena_gator_20260925/e4/f104_hmmwv/ci_f104_hmmwv_both.npz",
  "--ids-file",
  "/work1/dannegrut/harry/experiments/arena_gator_20260925/e5/ids_bf/gator_soil_validated_all.txt",
  "--out",
  "/work1/dannegrut/harry/experiments/arena_gator_20260925/e5/eval_soil_bf/EV_f104_hmmwv_gatorids_full_crm.npz"
 ],
 "preset": null,
 "world": "crm",
 "vehicle": "hmmwv",
 "rule": "md5(group id) hex ascending within each arena, first N of the available training groups",
 "tiers": "0-12",
 "ids_file": "/work1/dannegrut/harry/experiments/arena_gator_20260925/e5/ids_bf/gator_soil_validated_all.txt",
 "ids_file_sha256": "97d769760d94f58c871e7b80bbc19f3739d0a8f30f3773d99d1e77799fa85642",
 "n_ids": 15235,
 "ids_apply": "all",
 "eval_rows": "filtered",
 "keep_dev_fold": true,
 "use": "holdout mode only (the dev fold is kept for scoring; deploy mode would fit it)",
 "per_arena": {
  "f104": {
   "requested": 0,
   "available": 1089,
   "selected": 0,
   "md5_last": null,
   "dev_fold_groups_kept": 224,
   "train_groups_in_file": 224,
   "train_rows": 10896,
   "train_rows_startup": 2847,
   "train_episodes": 2847,
   "val_groups": 56,
   "val_rows": 2708,
   "test_groups": 55,
   "test_rows": 2637,
   "fit_rows_holdout": 0,
   "fit_groups_holdout": 0
  }
 },
 "rows": 16241,
 "fit_rows_deploy": 10896,
 "fit_rows_holdout": 0,
 "eval_rows_val": 2708
}
wrote /work1/dannegrut/harry/experiments/arena_gator_20260925/e5/eval_soil_bf/EV_f104_hmmwv_gatorids_full_crm.npz (16241 rows, 0.294 GB) in 95.1 s
