{
 "tool": "scripts/ag_subset.py",
 "tool_sha256": "3891a0064511666a19d63ff360c9e2b0f56f59d35e14337d1ca634870c590f39",
 "argv": [
  "--world",
  "crm",
  "--tiers",
  "0-12",
  "--eval-rows",
  "filtered",
  "--preset",
  "H",
  "--ds",
  "/work1/dannegrut/harry/experiments/arena_gator_20260925/e4/f104_hmmwv/ci_f104_hmmwv_both.npz",
  "--ids-file",
  "/work1/dannegrut/harry/experiments/arena_gator_20260925/e5/ids_bf/gator_soil_validated_all.txt",
  "--out",
  "/work1/dannegrut/harry/experiments/arena_gator_20260925/e4/soil_bf/subsets/H_full_f104_hmmwv_soil.npz"
 ],
 "preset": "H",
 "world": "crm",
 "vehicle": "hmmwv",
 "rule": "md5(group id) hex ascending within each arena, first N of the available training groups",
 "tiers": "0-12",
 "ids_file": "/work1/dannegrut/harry/experiments/arena_gator_20260925/e5/ids_bf/gator_soil_validated_all.txt",
 "ids_file_sha256": "97d769760d94f58c871e7b80bbc19f3739d0a8f30f3773d99d1e77799fa85642",
 "n_ids": 15235,
 "ids_apply": "all",
 "eval_rows": "filtered",
 "keep_dev_fold": false,
 "use": "deploy or holdout",
 "per_arena": {
  "f104": {
   "requested": "all",
   "available": 1089,
   "selected": 1089,
   "md5_last": "ff6c1c94283ff2f53fdbe88bfb694dc2",
   "dev_fold_groups_kept": 0,
   "train_groups_in_file": 1089,
   "train_rows": 52923,
   "train_rows_startup": 13821,
   "train_episodes": 13821,
   "val_groups": 56,
   "val_rows": 2708,
   "test_groups": 55,
   "test_rows": 2637,
   "fit_rows_holdout": 42027,
   "fit_groups_holdout": 865
  }
 },
 "rows": 58268,
 "fit_rows_deploy": 52923,
 "fit_rows_holdout": 42027,
 "eval_rows_val": 2708
}
wrote /work1/dannegrut/harry/experiments/arena_gator_20260925/e4/soil_bf/subsets/H_full_f104_hmmwv_soil.npz (58268 rows, 1.055 GB) in 121.7 s
