{
 "tool": "scripts/ag_subset.py",
 "tool_sha256": "3891a0064511666a19d63ff360c9e2b0f56f59d35e14337d1ca634870c590f39",
 "argv": [
  "--world",
  "crm",
  "--tiers",
  "0-12",
  "--eval-rows",
  "filtered",
  "--groups",
  "f104=all",
  "--ds",
  "/work1/dannegrut/harry/experiments/arena_gator_20260925/e4/soil_bf/f104_gator/ci_f104_gator_crm.npz",
  "--ids-file",
  "/work1/dannegrut/harry/experiments/arena_gator_20260925/e5/ids_bf/gator_soil_validated_all.txt",
  "--out",
  "/work1/dannegrut/harry/experiments/arena_gator_20260925/e4/soil_bf/subsets/G_full_f104_gator_soil.npz"
 ],
 "preset": null,
 "world": "crm",
 "vehicle": "gator",
 "rule": "md5(group id) hex ascending within each arena, first N of the available training groups",
 "tiers": "0-12",
 "ids_file": "/work1/dannegrut/harry/experiments/arena_gator_20260925/e5/ids_bf/gator_soil_validated_all.txt",
 "ids_file_sha256": "97d769760d94f58c871e7b80bbc19f3739d0a8f30f3773d99d1e77799fa85642",
 "n_ids": 15235,
 "ids_apply": "all",
 "eval_rows": "filtered",
 "keep_dev_fold": false,
 "use": "deploy or holdout",
 "per_arena": {
  "f104": {
   "requested": "all",
   "available": 1089,
   "selected": 1089,
   "md5_last": "ff6c1c94283ff2f53fdbe88bfb694dc2",
   "dev_fold_groups_kept": 0,
   "train_groups_in_file": 1089,
   "train_rows": 50822,
   "train_rows_startup": 13821,
   "train_episodes": 13821,
   "val_groups": 56,
   "val_rows": 2582,
   "test_groups": 55,
   "test_rows": 2422,
   "fit_rows_holdout": 40367,
   "fit_groups_holdout": 865
  }
 },
 "rows": 55826,
 "fit_rows_deploy": 50822,
 "fit_rows_holdout": 40367,
 "eval_rows_val": 2582
}
wrote /work1/dannegrut/harry/experiments/arena_gator_20260925/e4/soil_bf/subsets/G_full_f104_gator_soil.npz (55826 rows, 1.005 GB) in 88.5 s
