ci_planner: family free
world rigid domain rigid fixed2=False deployed tag 'gen_night2'; reference picks None {} (MISSING)
5 members from artifacts/traverse/crm_improve_20260922/deploy_v1/deploy_a3_haux_txjoint_s*.pt on cuda: kinds ['ci_train'] conds ['hist_aux'] hist_T 40
   {'name': 'deploy_a3_haux_txjoint_s0.pt', 'kind': 'ci_train', 'arch': 'txjoint', 'hist_enc': 'joint', 'cond': 'hist_aux', 'ctx_mode': 'geom', 'zdim': 0, 'hist_T': 40, 'nctx': 5, 'params': 362018}
   {'name': 'deploy_a3_haux_txjoint_s1.pt', 'kind': 'ci_train', 'arch': 'txjoint', 'hist_enc': 'joint', 'cond': 'hist_aux', 'ctx_mode': 'geom', 'zdim': 0, 'hist_T': 40, 'nctx': 5, 'params': 362018}
   {'name': 'deploy_a3_haux_txjoint_s2.pt', 'kind': 'ci_train', 'arch': 'txjoint', 'hist_enc': 'joint', 'cond': 'hist_aux', 'ctx_mode': 'geom', 'zdim': 0, 'hist_T': 40, 'nctx': 5, 'params': 362018}
   {'name': 'deploy_a3_haux_txjoint_s3.pt', 'kind': 'ci_train', 'arch': 'txjoint', 'hist_enc': 'joint', 'cond': 'hist_aux', 'ctx_mode': 'geom', 'zdim': 0, 'hist_T': 40, 'nctx': 5, 'params': 362018}
   {'name': 'deploy_a3_haux_txjoint_s4.pt', 'kind': 'ci_train', 'arch': 'txjoint', 'hist_enc': 'joint', 'cond': 'hist_aux', 'ctx_mode': 'geom', 'zdim': 0, 'hist_T': 40, 'nctx': 5, 'params': 362018}
  10/800  4s  B=-8.29  ref 0/0  hist n_valid 10 encodes 5
  20/800  8s  B=-8.23  ref 0/0  hist n_valid 10 encodes 5
  30/800  12s  B=-8.29  ref 0/0  hist n_valid 10 encodes 5
  40/800  16s  B=-8.23  ref 0/0  hist n_valid 10 encodes 5
  50/800  20s  B=-8.23  ref 0/0  hist n_valid 10 encodes 5
  60/800  23s  B=-8.27  ref 0/0  hist n_valid 10 encodes 5
  70/800  27s  B=-8.30  ref 0/0  hist n_valid 10 encodes 5
  80/800  31s  B=-8.31  ref 0/0  hist n_valid 10 encodes 5
  90/800  35s  B=-8.23  ref 0/0  hist n_valid 10 encodes 5
  100/800  39s  B=-8.26  ref 0/0  hist n_valid 10 encodes 5
  110/800  43s  B=-8.20  ref 0/0  hist n_valid 10 encodes 5
  120/800  47s  B=-8.23  ref 0/0  hist n_valid 10 encodes 5
  130/800  51s  B=-8.26  ref 0/0  hist n_valid 10 encodes 5
  140/800  55s  B=-8.30  ref 0/0  hist n_valid 10 encodes 5
  150/800  59s  B=-8.19  ref 0/0  hist n_valid 10 encodes 5
  160/800  62s  B=-8.23  ref 0/0  hist n_valid 10 encodes 5
  170/800  66s  B=-8.31  ref 0/0  hist n_valid 10 encodes 5
  180/800  70s  B=-8.31  ref 0/0  hist n_valid 10 encodes 5
  190/800  74s  B=-8.26  ref 0/0  hist n_valid 10 encodes 5
  200/800  78s  B=-8.23  ref 0/0  hist n_valid 10 encodes 5
  210/800  82s  B=-8.27  ref 0/0  hist n_valid 10 encodes 5
  220/800  86s  B=-8.30  ref 0/0  hist n_valid 10 encodes 5
  230/800  90s  B=-8.10  ref 0/0  hist n_valid 10 encodes 5
  240/800  94s  B=-8.12  ref 0/0  hist n_valid 10 encodes 5
  250/800  98s  B=-8.29  ref 0/0  hist n_valid 10 encodes 5
  260/800  102s  B=-8.24  ref 0/0  hist n_valid 10 encodes 5
  270/800  106s  B=-8.25  ref 0/0  hist n_valid 10 encodes 5
  280/800  110s  B=-8.24  ref 0/0  hist n_valid 10 encodes 5
  290/800  114s  B=-8.11  ref 0/0  hist n_valid 10 encodes 5
  300/800  118s  B=-8.28  ref 0/0  hist n_valid 10 encodes 5
  310/800  122s  B=-8.26  ref 0/0  hist n_valid 10 encodes 5
  320/800  126s  B=-8.24  ref 0/0  hist n_valid 10 encodes 5
  330/800  130s  B=-8.25  ref 0/0  hist n_valid 10 encodes 5
  340/800  134s  B=-8.24  ref 0/0  hist n_valid 10 encodes 5
  350/800  138s  B=-8.20  ref 0/0  hist n_valid 10 encodes 5
  360/800  142s  B=-8.13  ref 0/0  hist n_valid 10 encodes 5
  370/800  146s  B=-8.21  ref 0/0  hist n_valid 10 encodes 5
  380/800  150s  B=-8.14  ref 0/0  hist n_valid 10 encodes 5
  390/800  154s  B=-8.03  ref 0/0  hist n_valid 10 encodes 5
  400/800  158s  B=-8.21  ref 0/0  hist n_valid 10 encodes 5
  410/800  162s  B=-8.16  ref 0/0  hist n_valid 10 encodes 5
  420/800  166s  B=-8.25  ref 0/0  hist n_valid 10 encodes 5
  430/800  170s  B=-8.24  ref 0/0  hist n_valid 10 encodes 5
  440/800  173s  B=-8.29  ref 0/0  hist n_valid 10 encodes 5
  450/800  177s  B=-8.20  ref 0/0  hist n_valid 10 encodes 5
  460/800  181s  B=-8.21  ref 0/0  hist n_valid 10 encodes 5
  470/800  185s  B=-8.21  ref 0/0  hist n_valid 10 encodes 5
  480/800  189s  B=-7.95  ref 0/0  hist n_valid 10 encodes 5
  490/800  193s  B=-8.24  ref 0/0  hist n_valid 10 encodes 5
  500/800  197s  B=-8.18  ref 0/0  hist n_valid 10 encodes 5
  510/800  201s  B=-8.19  ref 0/0  hist n_valid 10 encodes 5
  520/800  205s  B=-8.27  ref 0/0  hist n_valid 10 encodes 5
  530/800  209s  B=-8.24  ref 0/0  hist n_valid 10 encodes 5
  540/800  213s  B=-8.18  ref 0/0  hist n_valid 10 encodes 5
  550/800  217s  B=-8.27  ref 0/0  hist n_valid 10 encodes 5
  560/800  221s  B=-8.25  ref 0/0  hist n_valid 10 encodes 5
  570/800  225s  B=-8.20  ref 0/0  hist n_valid 10 encodes 5
  580/800  229s  B=-8.19  ref 0/0  hist n_valid 10 encodes 5
  590/800  232s  B=-8.15  ref 0/0  hist n_valid 10 encodes 5
  600/800  236s  B=-8.21  ref 0/0  hist n_valid 10 encodes 5
  610/800  240s  B=-8.28  ref 0/0  hist n_valid 10 encodes 5
  620/800  244s  B=-8.27  ref 0/0  hist n_valid 10 encodes 5
  630/800  248s  B=-8.25  ref 0/0  hist n_valid 10 encodes 5
  640/800  252s  B=-8.12  ref 0/0  hist n_valid 10 encodes 5
  650/800  256s  B=-8.24  ref 0/0  hist n_valid 10 encodes 5
  660/800  260s  B=-7.66  ref 0/0  hist n_valid 10 encodes 5
  670/800  264s  B=-8.19  ref 0/0  hist n_valid 10 encodes 5
  680/800  268s  B=-8.29  ref 0/0  hist n_valid 10 encodes 5
  690/800  272s  B=-8.23  ref 0/0  hist n_valid 10 encodes 5
  700/800  276s  B=-6.67  ref 0/0  hist n_valid 10 encodes 5
  710/800  279s  B=-8.13  ref 0/0  hist n_valid 10 encodes 5
  720/800  283s  B=-8.01  ref 0/0  hist n_valid 10 encodes 5
  730/800  287s  B=-8.24  ref 0/0  hist n_valid 10 encodes 5
  740/800  291s  B=-8.19  ref 0/0  hist n_valid 10 encodes 5
  750/800  295s  B=-8.18  ref 0/0  hist n_valid 10 encodes 5
  760/800  299s  B=-8.24  ref 0/0  hist n_valid 10 encodes 5
  770/800  303s  B=-8.26  ref 0/0  hist n_valid 10 encodes 5
  780/800  307s  B=-8.00  ref 0/0  hist n_valid 10 encodes 5
  790/800  311s  B=-8.29  ref 0/0  hist n_valid 10 encodes 5
  800/800  315s  B=-8.16  ref 0/0  hist n_valid 10 encodes 5
{"world": "rigid", "domain": "rigid", "fixed2": false, "n_groups": 800, "arms": ["B"], "tags": {"B": "n2iter_cem4x64"}, "deployed_tag": "gen_night2", "models": "artifacts/traverse/crm_improve_20260922/deploy_v1/deploy_a3_haux_txjoint_s*.pt", "model_kinds": ["ci_train"], "conds": ["hist_aux"], "map_root": "artifacts/traverse/crm_f104_v1/map_root", "rigid_arena": null, "n_distinct_routes": 800, "n_new_drives": 800, "selftest_groups": [], "corridors_batched": true, "float16_scoring": true, "pose_sources": ["poses_file"], "base_sources": ["base_route(pose, goal)"], "extra": null, "cluster_prefix": null, "wall_s_total": 314.9411437511444, "agreement": {}}
B cem4x64          z_mean -8.183 (med -8.219) z_pess -7.874 P 0.0003 T 12.4s v 4.27 start-pose dist max 0.000 m  wall 0.39s/group
reference check: 0/0 picks equal {} in None; 800 distinct routes, 800 new drives; agreement {}; history encodes 0 (= 0 members x 800 decisions)
family free arm B: n 800 speed step mean +2.304 |max| 5.559 bins {'-inf..-1.5': 0, '-1.5..-0.5': 1, '-0.5..0.5': 64, '0.5..1.5': 238, '1.5..inf': 497}; start heading mean 17.4 max 49.6 bins {'0..5': 248, '5..15': 145, '15..30': 206, '30..inf': 201}; accel [-2.000, 1.500]; acceptance 0.915; v0 sources {'history_window': 800} cross-check 0.00e+00
