ci_planner: family free
world rigid domain rigid fixed2=False deployed tag 'gen_night2'; reference picks None {} (MISSING)
5 members from artifacts/traverse/generalist_20260921/A_adapt/train/deploy_v1/H_deploy_s*.pt on cuda: kinds ['ga_train'] conds ['hist_aux'] hist_T 40
   {'name': 'H_deploy_s0.pt', 'kind': 'ga_train', 'cond': 'hist_aux', 'zdim': 16, 'nctx': 5, 'params': 262018}
   {'name': 'H_deploy_s1.pt', 'kind': 'ga_train', 'cond': 'hist_aux', 'zdim': 16, 'nctx': 5, 'params': 262018}
   {'name': 'H_deploy_s2.pt', 'kind': 'ga_train', 'cond': 'hist_aux', 'zdim': 16, 'nctx': 5, 'params': 262018}
   {'name': 'H_deploy_s3.pt', 'kind': 'ga_train', 'cond': 'hist_aux', 'zdim': 16, 'nctx': 5, 'params': 262018}
   {'name': 'H_deploy_s4.pt', 'kind': 'ga_train', 'cond': 'hist_aux', 'zdim': 16, 'nctx': 5, 'params': 262018}
  10/800  6s  B=-11.54  ref 0/0  hist n_valid 10 encodes 5
  20/800  11s  B=-11.46  ref 0/0  hist n_valid 10 encodes 5
  30/800  16s  B=-11.72  ref 0/0  hist n_valid 10 encodes 5
  40/800  21s  B=-8.42  ref 0/0  hist n_valid 10 encodes 5
  50/800  26s  B=-11.79  ref 0/0  hist n_valid 10 encodes 5
  60/800  31s  B=-11.71  ref 0/0  hist n_valid 10 encodes 5
  70/800  36s  B=-12.17  ref 0/0  hist n_valid 10 encodes 5
  80/800  41s  B=-11.62  ref 0/0  hist n_valid 10 encodes 5
  90/800  45s  B=-10.73  ref 0/0  hist n_valid 10 encodes 5
  100/800  50s  B=-11.39  ref 0/0  hist n_valid 10 encodes 5
  110/800  55s  B=-7.77  ref 0/0  hist n_valid 10 encodes 5
  120/800  60s  B=-8.45  ref 0/0  hist n_valid 10 encodes 5
  130/800  65s  B=-11.59  ref 0/0  hist n_valid 10 encodes 5
  140/800  70s  B=-11.85  ref 0/0  hist n_valid 10 encodes 5
  150/800  75s  B=-9.63  ref 0/0  hist n_valid 10 encodes 5
  160/800  80s  B=-11.10  ref 0/0  hist n_valid 10 encodes 5
  170/800  85s  B=-11.45  ref 0/0  hist n_valid 10 encodes 5
  180/800  90s  B=-12.17  ref 0/0  hist n_valid 10 encodes 5
  190/800  95s  B=-9.46  ref 0/0  hist n_valid 10 encodes 5
  200/800  100s  B=-8.20  ref 0/0  hist n_valid 10 encodes 5
  210/800  105s  B=-12.07  ref 0/0  hist n_valid 10 encodes 5
  220/800  110s  B=-11.11  ref 0/0  hist n_valid 10 encodes 5
  230/800  115s  B=-9.26  ref 0/0  hist n_valid 10 encodes 5
  240/800  119s  B=-8.43  ref 0/0  hist n_valid 10 encodes 5
  250/800  125s  B=-10.82  ref 0/0  hist n_valid 10 encodes 5
  260/800  129s  B=-9.93  ref 0/0  hist n_valid 10 encodes 5
  270/800  134s  B=-10.73  ref 0/0  hist n_valid 10 encodes 5
  280/800  139s  B=-10.11  ref 0/0  hist n_valid 10 encodes 5
  290/800  144s  B=-9.09  ref 0/0  hist n_valid 10 encodes 5
  300/800  149s  B=-11.66  ref 0/0  hist n_valid 10 encodes 5
  310/800  154s  B=-10.40  ref 0/0  hist n_valid 10 encodes 5
  320/800  159s  B=-10.96  ref 0/0  hist n_valid 10 encodes 5
  330/800  164s  B=-10.77  ref 0/0  hist n_valid 10 encodes 5
  340/800  169s  B=-8.82  ref 0/0  hist n_valid 10 encodes 5
  350/800  174s  B=-7.95  ref 0/0  hist n_valid 10 encodes 5
  360/800  179s  B=-10.10  ref 0/0  hist n_valid 10 encodes 5
  370/800  184s  B=-10.66  ref 0/0  hist n_valid 10 encodes 5
  380/800  189s  B=-6.78  ref 0/0  hist n_valid 10 encodes 5
  390/800  194s  B=-4.28  ref 0/0  hist n_valid 10 encodes 5
  400/800  199s  B=-9.65  ref 0/0  hist n_valid 10 encodes 5
  410/800  204s  B=-11.19  ref 0/0  hist n_valid 10 encodes 5
  420/800  209s  B=-10.92  ref 0/0  hist n_valid 10 encodes 5
  430/800  214s  B=-11.77  ref 0/0  hist n_valid 10 encodes 5
  440/800  219s  B=-11.62  ref 0/0  hist n_valid 10 encodes 5
  450/800  224s  B=-11.29  ref 0/0  hist n_valid 10 encodes 5
  460/800  229s  B=-10.85  ref 0/0  hist n_valid 10 encodes 5
  470/800  234s  B=-10.36  ref 0/0  hist n_valid 10 encodes 5
  480/800  239s  B=-7.29  ref 0/0  hist n_valid 10 encodes 5
  490/800  244s  B=-10.75  ref 0/0  hist n_valid 10 encodes 5
  500/800  249s  B=-8.23  ref 0/0  hist n_valid 10 encodes 5
  510/800  254s  B=-11.42  ref 0/0  hist n_valid 10 encodes 5
  520/800  259s  B=-11.04  ref 0/0  hist n_valid 10 encodes 5
  530/800  264s  B=-10.33  ref 0/0  hist n_valid 10 encodes 5
  540/800  269s  B=-9.85  ref 0/0  hist n_valid 10 encodes 5
  550/800  274s  B=-11.14  ref 0/0  hist n_valid 10 encodes 5
  560/800  279s  B=-9.45  ref 0/0  hist n_valid 10 encodes 5
  570/800  284s  B=-11.04  ref 0/0  hist n_valid 10 encodes 5
  580/800  289s  B=-10.79  ref 0/0  hist n_valid 10 encodes 5
  590/800  294s  B=-10.21  ref 0/0  hist n_valid 10 encodes 5
  600/800  299s  B=-11.57  ref 0/0  hist n_valid 10 encodes 5
  610/800  304s  B=-11.52  ref 0/0  hist n_valid 10 encodes 5
  620/800  310s  B=-12.12  ref 0/0  hist n_valid 10 encodes 5
  630/800  315s  B=-11.59  ref 0/0  hist n_valid 10 encodes 5
  640/800  320s  B=-9.50  ref 0/0  hist n_valid 10 encodes 5
  650/800  324s  B=-11.00  ref 0/0  hist n_valid 10 encodes 5
  660/800  329s  B=-1.34  ref 0/0  hist n_valid 10 encodes 5
  670/800  334s  B=-11.34  ref 0/0  hist n_valid 10 encodes 5
  680/800  339s  B=-11.37  ref 0/0  hist n_valid 10 encodes 5
  690/800  344s  B=-11.57  ref 0/0  hist n_valid 10 encodes 5
  700/800  349s  B=-0.12  ref 0/0  hist n_valid 10 encodes 5
  710/800  354s  B=-10.25  ref 0/0  hist n_valid 10 encodes 5
  720/800  359s  B=-6.02  ref 0/0  hist n_valid 10 encodes 5
  730/800  364s  B=-11.07  ref 0/0  hist n_valid 10 encodes 5
  740/800  369s  B=-9.06  ref 0/0  hist n_valid 10 encodes 5
  750/800  374s  B=-4.88  ref 0/0  hist n_valid 10 encodes 5
  760/800  379s  B=-11.50  ref 0/0  hist n_valid 10 encodes 5
  770/800  383s  B=-12.17  ref 0/0  hist n_valid 10 encodes 5
  780/800  389s  B=-9.69  ref 0/0  hist n_valid 10 encodes 5
  790/800  393s  B=-11.71  ref 0/0  hist n_valid 10 encodes 5
  800/800  398s  B=-6.15  ref 0/0  hist n_valid 10 encodes 5
{"world": "rigid", "domain": "rigid", "fixed2": false, "n_groups": 800, "arms": ["B"], "tags": {"B": "n2iter_cem4x64"}, "deployed_tag": "gen_night2", "models": "artifacts/traverse/generalist_20260921/A_adapt/train/deploy_v1/H_deploy_s*.pt", "model_kinds": ["ga_train"], "conds": ["hist_aux"], "map_root": "artifacts/traverse/crm_f104_v1/map_root", "rigid_arena": null, "n_distinct_routes": 800, "n_new_drives": 800, "selftest_groups": [], "corridors_batched": true, "float16_scoring": true, "pose_sources": ["poses_file"], "base_sources": ["base_route(pose, goal)"], "extra": null, "cluster_prefix": null, "wall_s_total": 397.65659737586975, "agreement": {}}
B cem4x64          z_mean -9.838 (med -10.678) z_pess -8.330 P 0.0041 T 18.5s v 3.23 start-pose dist max 0.000 m  wall 0.49s/group
reference check: 0/0 picks equal {} in None; 800 distinct routes, 800 new drives; agreement {}; history encodes 4000 (= 5 members x 800 decisions)
family free arm B: n 800 speed step mean +1.530 |max| 5.559 bins {'-inf..-1.5': 0, '-1.5..-0.5': 19, '-0.5..0.5': 111, '0.5..1.5': 312, '1.5..inf': 358}; start heading mean 19.1 max 49.2 bins {'0..5': 140, '5..15': 216, '15..30': 259, '30..inf': 185}; accel [-2.000, 1.500]; acceptance 0.910; v0 sources {'history_window': 800} cross-check 0.00e+00
