ci_planner: family free
world crm domain crm fixed2=False deployed tag 'crm_proposal'; reference picks /home/harry/NeDM-traverse_mppi/artifacts/traverse/crm_f104_v1/eval_v1/picks {'A': 'crm'} (found)
5 members from artifacts/traverse/generalist_20260921/A_adapt/train/deploy_v1/P_deploy_s*.pt on cuda: kinds ['ga_train'] conds ['none'] hist_T 40
   {'name': 'P_deploy_s0.pt', 'kind': 'ga_train', 'cond': 'none', 'zdim': 0, 'nctx': 5, 'params': 256161}
   {'name': 'P_deploy_s1.pt', 'kind': 'ga_train', 'cond': 'none', 'zdim': 0, 'nctx': 5, 'params': 256161}
   {'name': 'P_deploy_s2.pt', 'kind': 'ga_train', 'cond': 'none', 'zdim': 0, 'nctx': 5, 'params': 256161}
   {'name': 'P_deploy_s3.pt', 'kind': 'ga_train', 'cond': 'none', 'zdim': 0, 'nctx': 5, 'params': 256161}
   {'name': 'P_deploy_s4.pt', 'kind': 'ga_train', 'cond': 'none', 'zdim': 0, 'nctx': 5, 'params': 256161}
  10/800  6s  B=-12.69  ref 0/0  hist n_valid 10 encodes 0
  20/800  11s  B=-11.59  ref 0/0  hist n_valid 10 encodes 0
  30/800  16s  B=-12.41  ref 0/0  hist n_valid 10 encodes 0
  40/800  22s  B=-11.59  ref 0/0  hist n_valid 10 encodes 0
  50/800  27s  B=-12.25  ref 0/0  hist n_valid 10 encodes 0
  60/800  33s  B=-11.44  ref 0/0  hist n_valid 10 encodes 0
  70/800  38s  B=-12.69  ref 0/0  hist n_valid 10 encodes 0
  80/800  43s  B=-12.40  ref 0/0  hist n_valid 10 encodes 0
  90/800  49s  B=-10.86  ref 0/0  hist n_valid 10 encodes 0
  100/800  54s  B=-12.29  ref 0/0  hist n_valid 10 encodes 0
  110/800  60s  B=-10.16  ref 0/0  hist n_valid 10 encodes 0
  120/800  66s  B=-10.44  ref 0/0  hist n_valid 10 encodes 0
  130/800  71s  B=-11.88  ref 0/0  hist n_valid 10 encodes 0
  140/800  77s  B=-12.46  ref 0/0  hist n_valid 10 encodes 0
  150/800  82s  B=-10.10  ref 0/0  hist n_valid 10 encodes 0
  160/800  87s  B=-11.59  ref 0/0  hist n_valid 10 encodes 0
  170/800  93s  B=-11.99  ref 0/0  hist n_valid 10 encodes 0
  180/800  98s  B=-12.67  ref 0/0  hist n_valid 10 encodes 0
  190/800  103s  B=-10.99  ref 0/0  hist n_valid 10 encodes 0
  200/800  109s  B=-9.85  ref 0/0  hist n_valid 10 encodes 0
  210/800  114s  B=-12.54  ref 0/0  hist n_valid 10 encodes 0
  220/800  119s  B=-11.10  ref 0/0  hist n_valid 10 encodes 0
  230/800  125s  B=-9.70  ref 0/0  hist n_valid 10 encodes 0
  240/800  130s  B=-10.72  ref 0/0  hist n_valid 10 encodes 0
  250/800  135s  B=-11.99  ref 0/0  hist n_valid 10 encodes 0
  260/800  140s  B=-12.05  ref 0/0  hist n_valid 10 encodes 0
  270/800  146s  B=-11.66  ref 0/0  hist n_valid 10 encodes 0
  280/800  151s  B=-11.45  ref 0/0  hist n_valid 10 encodes 0
  290/800  156s  B=-11.25  ref 0/0  hist n_valid 10 encodes 0
  300/800  162s  B=-11.16  ref 0/0  hist n_valid 10 encodes 0
  310/800  167s  B=-11.73  ref 0/0  hist n_valid 10 encodes 0
  320/800  172s  B=-11.26  ref 0/0  hist n_valid 10 encodes 0
  330/800  178s  B=-12.03  ref 0/0  hist n_valid 10 encodes 0
  340/800  183s  B=-11.20  ref 0/0  hist n_valid 10 encodes 0
  350/800  189s  B=-8.88  ref 0/0  hist n_valid 10 encodes 0
  360/800  194s  B=-10.85  ref 0/0  hist n_valid 10 encodes 0
  370/800  199s  B=-11.85  ref 0/0  hist n_valid 10 encodes 0
  380/800  205s  B=-6.06  ref 0/0  hist n_valid 10 encodes 0
  390/800  210s  B=-11.89  ref 0/0  hist n_valid 10 encodes 0
  400/800  215s  B=-11.01  ref 0/0  hist n_valid 10 encodes 0
  410/800  220s  B=-10.20  ref 0/0  hist n_valid 10 encodes 0
  420/800  226s  B=-12.42  ref 0/0  hist n_valid 10 encodes 0
  430/800  231s  B=-12.36  ref 0/0  hist n_valid 10 encodes 0
  440/800  236s  B=-12.15  ref 0/0  hist n_valid 10 encodes 0
  450/800  242s  B=-11.61  ref 0/0  hist n_valid 10 encodes 0
  460/800  247s  B=-11.72  ref 0/0  hist n_valid 10 encodes 0
  470/800  252s  B=-12.21  ref 0/0  hist n_valid 10 encodes 0
  480/800  257s  B=-5.31  ref 0/0  hist n_valid 10 encodes 0
  490/800  263s  B=-9.05  ref 0/0  hist n_valid 10 encodes 0
  500/800  268s  B=-10.03  ref 0/0  hist n_valid 10 encodes 0
  510/800  273s  B=-12.28  ref 0/0  hist n_valid 10 encodes 0
  520/800  279s  B=-11.14  ref 0/0  hist n_valid 10 encodes 0
  530/800  284s  B=-12.17  ref 0/0  hist n_valid 10 encodes 0
  540/800  290s  B=-9.07  ref 0/0  hist n_valid 10 encodes 0
  550/800  295s  B=-11.68  ref 0/0  hist n_valid 10 encodes 0
  560/800  300s  B=-11.02  ref 0/0  hist n_valid 10 encodes 0
  570/800  306s  B=-11.91  ref 0/0  hist n_valid 10 encodes 0
  580/800  311s  B=-11.55  ref 0/0  hist n_valid 10 encodes 0
  590/800  316s  B=-12.03  ref 0/0  hist n_valid 10 encodes 0
  600/800  321s  B=-12.55  ref 0/0  hist n_valid 10 encodes 0
  610/800  327s  B=-12.40  ref 0/0  hist n_valid 10 encodes 0
  620/800  332s  B=-12.45  ref 0/0  hist n_valid 10 encodes 0
  630/800  338s  B=-12.18  ref 0/0  hist n_valid 10 encodes 0
  640/800  343s  B=-11.00  ref 0/0  hist n_valid 10 encodes 0
  650/800  348s  B=-11.81  ref 0/0  hist n_valid 10 encodes 0
  660/800  354s  B=-2.25  ref 0/0  hist n_valid 10 encodes 0
  670/800  359s  B=-11.99  ref 0/0  hist n_valid 10 encodes 0
  680/800  364s  B=-12.22  ref 0/0  hist n_valid 10 encodes 0
  690/800  369s  B=-12.27  ref 0/0  hist n_valid 10 encodes 0
  700/800  375s  B=-1.37  ref 0/0  hist n_valid 10 encodes 0
  710/800  380s  B=-11.62  ref 0/0  hist n_valid 10 encodes 0
  720/800  385s  B=-7.47  ref 0/0  hist n_valid 10 encodes 0
  730/800  391s  B=-11.98  ref 0/0  hist n_valid 10 encodes 0
  740/800  396s  B=-12.22  ref 0/0  hist n_valid 10 encodes 0
  750/800  401s  B=-11.10  ref 0/0  hist n_valid 10 encodes 0
  760/800  406s  B=-11.95  ref 0/0  hist n_valid 10 encodes 0
  770/800  412s  B=-12.20  ref 0/0  hist n_valid 10 encodes 0
  780/800  417s  B=-9.91  ref 0/0  hist n_valid 10 encodes 0
  790/800  422s  B=-12.44  ref 0/0  hist n_valid 10 encodes 0
  800/800  428s  B=-11.54  ref 0/0  hist n_valid 10 encodes 0
{"world": "crm", "domain": "crm", "fixed2": false, "n_groups": 800, "arms": ["B"], "tags": {"B": "n2iter_cem4x64"}, "deployed_tag": "crm_proposal", "models": "artifacts/traverse/generalist_20260921/A_adapt/train/deploy_v1/P_deploy_s*.pt", "model_kinds": ["ga_train"], "conds": ["none"], "map_root": "artifacts/traverse/crm_f104_v1/map_root", "rigid_arena": null, "n_distinct_routes": 800, "n_new_drives": 800, "selftest_groups": [], "corridors_batched": true, "float16_scoring": true, "pose_sources": ["poses_file"], "base_sources": ["base_route(pose, goal)"], "extra": null, "cluster_prefix": null, "wall_s_total": 427.53957080841064, "agreement": {}}
B cem4x64          z_mean -10.524 (med -11.445) z_pess -9.044 P 0.0024 T 17.5s v 3.41 start-pose dist max 0.000 m  wall 0.53s/group
reference check: 0/0 picks equal {'A': 'crm'} in /home/harry/NeDM-traverse_mppi/artifacts/traverse/crm_f104_v1/eval_v1/picks; 800 distinct routes, 800 new drives; agreement {}; history encodes 0 (= 0 members x 800 decisions)
family free arm B: n 800 speed step mean +2.394 |max| 5.358 bins {'-inf..-1.5': 0, '-1.5..-0.5': 0, '-0.5..0.5': 25, '0.5..1.5': 128, '1.5..inf': 647}; start heading mean 18.4 max 52.1 bins {'0..5': 156, '5..15': 215, '15..30': 254, '30..inf': 175}; accel [-2.000, 1.500]; acceptance 0.912; v0 sources {'history_window': 800} cross-check 0.00e+00
