ci_planner: family free
world rigid domain rigid fixed2=False deployed tag 'gen_night2'; reference picks None {} (MISSING)
5 members from artifacts/traverse/crm_improve_20260922/deploy_v1/deploy_a1_haux_gru_s*.pt on cuda: kinds ['ci_train'] conds ['hist_aux'] hist_T 40
   {'name': 'deploy_a1_haux_gru_s0.pt', 'kind': 'ci_train', 'arch': 'gru', 'hist_enc': 'gru', 'cond': 'hist_aux', 'ctx_mode': 'geom', 'zdim': 16, 'hist_T': 40, 'nctx': 5, 'params': 262018}
   {'name': 'deploy_a1_haux_gru_s1.pt', 'kind': 'ci_train', 'arch': 'gru', 'hist_enc': 'gru', 'cond': 'hist_aux', 'ctx_mode': 'geom', 'zdim': 16, 'hist_T': 40, 'nctx': 5, 'params': 262018}
   {'name': 'deploy_a1_haux_gru_s2.pt', 'kind': 'ci_train', 'arch': 'gru', 'hist_enc': 'gru', 'cond': 'hist_aux', 'ctx_mode': 'geom', 'zdim': 16, 'hist_T': 40, 'nctx': 5, 'params': 262018}
   {'name': 'deploy_a1_haux_gru_s3.pt', 'kind': 'ci_train', 'arch': 'gru', 'hist_enc': 'gru', 'cond': 'hist_aux', 'ctx_mode': 'geom', 'zdim': 16, 'hist_T': 40, 'nctx': 5, 'params': 262018}
   {'name': 'deploy_a1_haux_gru_s4.pt', 'kind': 'ci_train', 'arch': 'gru', 'hist_enc': 'gru', 'cond': 'hist_aux', 'ctx_mode': 'geom', 'zdim': 16, 'hist_T': 40, 'nctx': 5, 'params': 262018}
  10/800  4s  B=-13.35  ref 0/0  hist n_valid 10 encodes 5
  20/800  8s  B=-13.36  ref 0/0  hist n_valid 10 encodes 5
  30/800  11s  B=-13.45  ref 0/0  hist n_valid 10 encodes 5
  40/800  15s  B=-13.28  ref 0/0  hist n_valid 10 encodes 5
  50/800  19s  B=-13.28  ref 0/0  hist n_valid 10 encodes 5
  60/800  22s  B=-13.26  ref 0/0  hist n_valid 10 encodes 5
  70/800  26s  B=-13.58  ref 0/0  hist n_valid 10 encodes 5
  80/800  30s  B=-13.33  ref 0/0  hist n_valid 10 encodes 5
  90/800  34s  B=-13.11  ref 0/0  hist n_valid 10 encodes 5
  100/800  37s  B=-13.00  ref 0/0  hist n_valid 10 encodes 5
  110/800  41s  B=-13.22  ref 0/0  hist n_valid 10 encodes 5
  120/800  45s  B=-12.99  ref 0/0  hist n_valid 10 encodes 5
  130/800  48s  B=-13.50  ref 0/0  hist n_valid 10 encodes 5
  140/800  52s  B=-13.43  ref 0/0  hist n_valid 10 encodes 5
  150/800  56s  B=-13.34  ref 0/0  hist n_valid 10 encodes 5
  160/800  59s  B=-13.16  ref 0/0  hist n_valid 10 encodes 5
  170/800  63s  B=-13.57  ref 0/0  hist n_valid 10 encodes 5
  180/800  67s  B=-13.60  ref 0/0  hist n_valid 10 encodes 5
  190/800  70s  B=-13.50  ref 0/0  hist n_valid 10 encodes 5
  200/800  74s  B=-13.19  ref 0/0  hist n_valid 10 encodes 5
  210/800  78s  B=-13.65  ref 0/0  hist n_valid 10 encodes 5
  220/800  82s  B=-13.58  ref 0/0  hist n_valid 10 encodes 5
  230/800  85s  B=-13.21  ref 0/0  hist n_valid 10 encodes 5
  240/800  89s  B=-13.40  ref 0/0  hist n_valid 10 encodes 5
  250/800  93s  B=-13.52  ref 0/0  hist n_valid 10 encodes 5
  260/800  96s  B=-13.40  ref 0/0  hist n_valid 10 encodes 5
  270/800  100s  B=-13.35  ref 0/0  hist n_valid 10 encodes 5
  280/800  104s  B=-13.21  ref 0/0  hist n_valid 10 encodes 5
  290/800  108s  B=-12.82  ref 0/0  hist n_valid 10 encodes 5
  300/800  111s  B=-13.69  ref 0/0  hist n_valid 10 encodes 5
  310/800  115s  B=-13.36  ref 0/0  hist n_valid 10 encodes 5
  320/800  119s  B=-13.56  ref 0/0  hist n_valid 10 encodes 5
  330/800  123s  B=-13.53  ref 0/0  hist n_valid 10 encodes 5
  340/800  126s  B=-12.99  ref 0/0  hist n_valid 10 encodes 5
  350/800  130s  B=-13.03  ref 0/0  hist n_valid 10 encodes 5
  360/800  134s  B=-13.42  ref 0/0  hist n_valid 10 encodes 5
  370/800  137s  B=-13.41  ref 0/0  hist n_valid 10 encodes 5
  380/800  141s  B=-13.22  ref 0/0  hist n_valid 10 encodes 5
  390/800  145s  B=-11.10  ref 0/0  hist n_valid 10 encodes 5
  400/800  149s  B=-13.28  ref 0/0  hist n_valid 10 encodes 5
  410/800  152s  B=-13.42  ref 0/0  hist n_valid 10 encodes 5
  420/800  156s  B=-13.67  ref 0/0  hist n_valid 10 encodes 5
  430/800  160s  B=-13.52  ref 0/0  hist n_valid 10 encodes 5
  440/800  163s  B=-13.53  ref 0/0  hist n_valid 10 encodes 5
  450/800  167s  B=-13.52  ref 0/0  hist n_valid 10 encodes 5
  460/800  171s  B=-13.12  ref 0/0  hist n_valid 10 encodes 5
  470/800  174s  B=-13.50  ref 0/0  hist n_valid 10 encodes 5
  480/800  178s  B=-13.48  ref 0/0  hist n_valid 10 encodes 5
  490/800  182s  B=-13.40  ref 0/0  hist n_valid 10 encodes 5
  500/800  186s  B=-13.29  ref 0/0  hist n_valid 10 encodes 5
  510/800  189s  B=-13.56  ref 0/0  hist n_valid 10 encodes 5
  520/800  193s  B=-13.60  ref 0/0  hist n_valid 10 encodes 5
  530/800  196s  B=-13.57  ref 0/0  hist n_valid 10 encodes 5
  540/800  200s  B=-13.53  ref 0/0  hist n_valid 10 encodes 5
  550/800  204s  B=-13.56  ref 0/0  hist n_valid 10 encodes 5
  560/800  208s  B=-13.34  ref 0/0  hist n_valid 10 encodes 5
  570/800  211s  B=-13.33  ref 0/0  hist n_valid 10 encodes 5
  580/800  215s  B=-13.26  ref 0/0  hist n_valid 10 encodes 5
  590/800  219s  B=-13.05  ref 0/0  hist n_valid 10 encodes 5
  600/800  222s  B=-13.57  ref 0/0  hist n_valid 10 encodes 5
  610/800  226s  B=-13.58  ref 0/0  hist n_valid 10 encodes 5
  620/800  230s  B=-13.56  ref 0/0  hist n_valid 10 encodes 5
  630/800  234s  B=-13.50  ref 0/0  hist n_valid 10 encodes 5
  640/800  238s  B=-12.79  ref 0/0  hist n_valid 10 encodes 5
  650/800  241s  B=-13.54  ref 0/0  hist n_valid 10 encodes 5
  660/800  245s  B=-11.75  ref 0/0  hist n_valid 10 encodes 5
  670/800  249s  B=-13.42  ref 0/0  hist n_valid 10 encodes 5
  680/800  253s  B=-13.58  ref 0/0  hist n_valid 10 encodes 5
  690/800  256s  B=-13.50  ref 0/0  hist n_valid 10 encodes 5
  700/800  260s  B=-11.73  ref 0/0  hist n_valid 10 encodes 5
  710/800  264s  B=-13.10  ref 0/0  hist n_valid 10 encodes 5
  720/800  268s  B=-12.91  ref 0/0  hist n_valid 10 encodes 5
  730/800  271s  B=-13.31  ref 0/0  hist n_valid 10 encodes 5
  740/800  275s  B=-13.47  ref 0/0  hist n_valid 10 encodes 5
  750/800  279s  B=-12.70  ref 0/0  hist n_valid 10 encodes 5
  760/800  282s  B=-13.35  ref 0/0  hist n_valid 10 encodes 5
  770/800  286s  B=-13.58  ref 0/0  hist n_valid 10 encodes 5
  780/800  290s  B=-12.28  ref 0/0  hist n_valid 10 encodes 5
  790/800  293s  B=-13.53  ref 0/0  hist n_valid 10 encodes 5
  800/800  297s  B=-13.21  ref 0/0  hist n_valid 10 encodes 5
{"world": "rigid", "domain": "rigid", "fixed2": false, "n_groups": 800, "arms": ["B"], "tags": {"B": "n2iter_cem4x64"}, "deployed_tag": "gen_night2", "models": "artifacts/traverse/crm_improve_20260922/deploy_v1/deploy_a1_haux_gru_s*.pt", "model_kinds": ["ci_train"], "conds": ["hist_aux"], "map_root": "artifacts/traverse/crm_f104_v1/map_root", "rigid_arena": null, "n_distinct_routes": 800, "n_new_drives": 800, "selftest_groups": [], "corridors_batched": true, "float16_scoring": true, "pose_sources": ["poses_file"], "base_sources": ["base_route(pose, goal)"], "extra": null, "cluster_prefix": null, "wall_s_total": 297.25922441482544, "agreement": {}}
B cem4x64          z_mean -13.177 (med -13.364) z_pess -12.694 P 0.0000 T 15.9s v 3.42 start-pose dist max 0.000 m  wall 0.37s/group
reference check: 0/0 picks equal {} in None; 800 distinct routes, 800 new drives; agreement {}; history encodes 0 (= 0 members x 800 decisions)
family free arm B: n 800 speed step mean +1.673 |max| 4.981 bins {'-inf..-1.5': 0, '-1.5..-0.5': 3, '-0.5..0.5': 69, '0.5..1.5': 259, '1.5..inf': 469}; start heading mean 19.6 max 50.6 bins {'0..5': 122, '5..15': 209, '15..30': 281, '30..inf': 188}; accel [-2.000, 1.500]; acceptance 0.914; v0 sources {'history_window': 800} cross-check 0.00e+00
