ci_planner: family free
world rigid domain rigid fixed2=False deployed tag 'gen_night2'; reference picks None {} (MISSING)
5 members from artifacts/traverse/generalist_20260921/A_adapt/train/deploy_v1/Sp_rigid_deploy_s*.pt on cuda: kinds ['ga_train'] conds ['none'] hist_T 40
   {'name': 'Sp_rigid_deploy_s0.pt', 'kind': 'ga_train', 'cond': 'none', 'zdim': 0, 'nctx': 5, 'params': 256161}
   {'name': 'Sp_rigid_deploy_s1.pt', 'kind': 'ga_train', 'cond': 'none', 'zdim': 0, 'nctx': 5, 'params': 256161}
   {'name': 'Sp_rigid_deploy_s2.pt', 'kind': 'ga_train', 'cond': 'none', 'zdim': 0, 'nctx': 5, 'params': 256161}
   {'name': 'Sp_rigid_deploy_s3.pt', 'kind': 'ga_train', 'cond': 'none', 'zdim': 0, 'nctx': 5, 'params': 256161}
   {'name': 'Sp_rigid_deploy_s4.pt', 'kind': 'ga_train', 'cond': 'none', 'zdim': 0, 'nctx': 5, 'params': 256161}
  10/800  5s  B=-12.50  ref 0/0  hist n_valid 10 encodes 0
  20/800  10s  B=-12.78  ref 0/0  hist n_valid 10 encodes 0
  30/800  15s  B=-12.79  ref 0/0  hist n_valid 10 encodes 0
  40/800  20s  B=-12.61  ref 0/0  hist n_valid 10 encodes 0
  50/800  25s  B=-12.60  ref 0/0  hist n_valid 10 encodes 0
  60/800  30s  B=-12.57  ref 0/0  hist n_valid 10 encodes 0
  70/800  35s  B=-12.55  ref 0/0  hist n_valid 10 encodes 0
  80/800  40s  B=-12.55  ref 0/0  hist n_valid 10 encodes 0
  90/800  45s  B=-12.61  ref 0/0  hist n_valid 10 encodes 0
  100/800  51s  B=-12.44  ref 0/0  hist n_valid 10 encodes 0
  110/800  56s  B=-12.96  ref 0/0  hist n_valid 10 encodes 0
  120/800  61s  B=-12.41  ref 0/0  hist n_valid 10 encodes 0
  130/800  65s  B=-12.75  ref 0/0  hist n_valid 10 encodes 0
  140/800  70s  B=-12.67  ref 0/0  hist n_valid 10 encodes 0
  150/800  75s  B=-12.98  ref 0/0  hist n_valid 10 encodes 0
  160/800  80s  B=-12.33  ref 0/0  hist n_valid 10 encodes 0
  170/800  85s  B=-13.02  ref 0/0  hist n_valid 10 encodes 0
  180/800  89s  B=-12.75  ref 0/0  hist n_valid 10 encodes 0
  190/800  94s  B=-12.34  ref 0/0  hist n_valid 10 encodes 0
  200/800  99s  B=-12.37  ref 0/0  hist n_valid 10 encodes 0
  210/800  103s  B=-12.23  ref 0/0  hist n_valid 10 encodes 0
  220/800  108s  B=-12.80  ref 0/0  hist n_valid 10 encodes 0
  230/800  113s  B=-12.60  ref 0/0  hist n_valid 10 encodes 0
  240/800  118s  B=-12.28  ref 0/0  hist n_valid 10 encodes 0
  250/800  123s  B=-13.04  ref 0/0  hist n_valid 10 encodes 0
  260/800  127s  B=-12.47  ref 0/0  hist n_valid 10 encodes 0
  270/800  132s  B=-12.13  ref 0/0  hist n_valid 10 encodes 0
  280/800  137s  B=-12.84  ref 0/0  hist n_valid 10 encodes 0
  290/800  142s  B=-12.94  ref 0/0  hist n_valid 10 encodes 0
  300/800  146s  B=-12.62  ref 0/0  hist n_valid 10 encodes 0
  310/800  151s  B=-12.95  ref 0/0  hist n_valid 10 encodes 0
  320/800  156s  B=-12.53  ref 0/0  hist n_valid 10 encodes 0
  330/800  161s  B=-12.37  ref 0/0  hist n_valid 10 encodes 0
  340/800  166s  B=-12.33  ref 0/0  hist n_valid 10 encodes 0
  350/800  171s  B=-12.61  ref 0/0  hist n_valid 10 encodes 0
  360/800  176s  B=-12.92  ref 0/0  hist n_valid 10 encodes 0
  370/800  181s  B=-12.97  ref 0/0  hist n_valid 10 encodes 0
  380/800  185s  B=-12.54  ref 0/0  hist n_valid 10 encodes 0
  390/800  190s  B=-12.32  ref 0/0  hist n_valid 10 encodes 0
  400/800  195s  B=-12.60  ref 0/0  hist n_valid 10 encodes 0
  410/800  200s  B=-12.71  ref 0/0  hist n_valid 10 encodes 0
  420/800  205s  B=-12.82  ref 0/0  hist n_valid 10 encodes 0
  430/800  209s  B=-12.95  ref 0/0  hist n_valid 10 encodes 0
  440/800  214s  B=-12.44  ref 0/0  hist n_valid 10 encodes 0
  450/800  219s  B=-12.53  ref 0/0  hist n_valid 10 encodes 0
  460/800  224s  B=-12.43  ref 0/0  hist n_valid 10 encodes 0
  470/800  229s  B=-12.77  ref 0/0  hist n_valid 10 encodes 0
  480/800  233s  B=-12.50  ref 0/0  hist n_valid 10 encodes 0
  490/800  238s  B=-12.11  ref 0/0  hist n_valid 10 encodes 0
  500/800  243s  B=-12.57  ref 0/0  hist n_valid 10 encodes 0
  510/800  248s  B=-12.73  ref 0/0  hist n_valid 10 encodes 0
  520/800  253s  B=-12.72  ref 0/0  hist n_valid 10 encodes 0
  530/800  258s  B=-12.83  ref 0/0  hist n_valid 10 encodes 0
  540/800  263s  B=-12.93  ref 0/0  hist n_valid 10 encodes 0
  550/800  268s  B=-12.94  ref 0/0  hist n_valid 10 encodes 0
  560/800  273s  B=-11.88  ref 0/0  hist n_valid 10 encodes 0
  570/800  278s  B=-12.27  ref 0/0  hist n_valid 10 encodes 0
  580/800  282s  B=-12.64  ref 0/0  hist n_valid 10 encodes 0
  590/800  287s  B=-12.38  ref 0/0  hist n_valid 10 encodes 0
  600/800  292s  B=-12.50  ref 0/0  hist n_valid 10 encodes 0
  610/800  297s  B=-12.89  ref 0/0  hist n_valid 10 encodes 0
  620/800  302s  B=-12.68  ref 0/0  hist n_valid 10 encodes 0
  630/800  307s  B=-12.33  ref 0/0  hist n_valid 10 encodes 0
  640/800  312s  B=-11.94  ref 0/0  hist n_valid 10 encodes 0
  650/800  317s  B=-12.65  ref 0/0  hist n_valid 10 encodes 0
  660/800  322s  B=-12.62  ref 0/0  hist n_valid 10 encodes 0
  670/800  326s  B=-13.01  ref 0/0  hist n_valid 10 encodes 0
  680/800  331s  B=-12.62  ref 0/0  hist n_valid 10 encodes 0
  690/800  336s  B=-12.48  ref 0/0  hist n_valid 10 encodes 0
  700/800  341s  B=-8.12  ref 0/0  hist n_valid 10 encodes 0
  710/800  346s  B=-12.34  ref 0/0  hist n_valid 10 encodes 0
  720/800  350s  B=-12.51  ref 0/0  hist n_valid 10 encodes 0
  730/800  355s  B=-12.22  ref 0/0  hist n_valid 10 encodes 0
  740/800  360s  B=-12.66  ref 0/0  hist n_valid 10 encodes 0
  750/800  365s  B=-12.10  ref 0/0  hist n_valid 10 encodes 0
  760/800  370s  B=-12.35  ref 0/0  hist n_valid 10 encodes 0
  770/800  374s  B=-12.76  ref 0/0  hist n_valid 10 encodes 0
  780/800  379s  B=-12.19  ref 0/0  hist n_valid 10 encodes 0
  790/800  384s  B=-12.70  ref 0/0  hist n_valid 10 encodes 0
  800/800  389s  B=-12.13  ref 0/0  hist n_valid 10 encodes 0
{"world": "rigid", "domain": "rigid", "fixed2": false, "n_groups": 800, "arms": ["B"], "tags": {"B": "n2iter_cem4x64"}, "deployed_tag": "gen_night2", "models": "artifacts/traverse/generalist_20260921/A_adapt/train/deploy_v1/Sp_rigid_deploy_s*.pt", "model_kinds": ["ga_train"], "conds": ["none"], "map_root": "artifacts/traverse/crm_f104_v1/map_root", "rigid_arena": null, "n_distinct_routes": 800, "n_new_drives": 800, "selftest_groups": [], "corridors_batched": true, "float16_scoring": true, "pose_sources": ["poses_file"], "base_sources": ["base_route(pose, goal)"], "extra": null, "cluster_prefix": null, "wall_s_total": 388.7443940639496, "agreement": {}}
B cem4x64          z_mean -12.507 (med -12.545) z_pess -11.673 P 0.0000 T 17.6s v 3.65 start-pose dist max 0.000 m  wall 0.48s/group
reference check: 0/0 picks equal {} in None; 800 distinct routes, 800 new drives; agreement {}; history encodes 0 (= 0 members x 800 decisions)
family free arm B: n 800 speed step mean +2.795 |max| 5.399 bins {'-inf..-1.5': 0, '-1.5..-0.5': 3, '-0.5..0.5': 11, '0.5..1.5': 45, '1.5..inf': 741}; start heading mean 17.5 max 50.1 bins {'0..5': 170, '5..15': 212, '15..30': 262, '30..inf': 156}; accel [-2.000, 1.500]; acceptance 0.914; v0 sources {'history_window': 800} cross-check 0.00e+00
