ci_planner: family free
world crm domain crm fixed2=False deployed tag 'crm_proposal'; reference picks /home/harry/NeDM-traverse_mppi/artifacts/traverse/crm_f104_v1/eval_v1/picks {'A': 'crm'} (found)
5 members from artifacts/traverse/generalist_20260921/A_adapt/train/deploy_v1/H_deploy_s*.pt on cuda: kinds ['ga_train'] conds ['hist_aux'] hist_T 40
   {'name': 'H_deploy_s0.pt', 'kind': 'ga_train', 'cond': 'hist_aux', 'zdim': 16, 'nctx': 5, 'params': 262018}
   {'name': 'H_deploy_s1.pt', 'kind': 'ga_train', 'cond': 'hist_aux', 'zdim': 16, 'nctx': 5, 'params': 262018}
   {'name': 'H_deploy_s2.pt', 'kind': 'ga_train', 'cond': 'hist_aux', 'zdim': 16, 'nctx': 5, 'params': 262018}
   {'name': 'H_deploy_s3.pt', 'kind': 'ga_train', 'cond': 'hist_aux', 'zdim': 16, 'nctx': 5, 'params': 262018}
   {'name': 'H_deploy_s4.pt', 'kind': 'ga_train', 'cond': 'hist_aux', 'zdim': 16, 'nctx': 5, 'params': 262018}
  10/800  6s  B=-10.51  ref 0/0  hist n_valid 10 encodes 5
  20/800  10s  B=-10.80  ref 0/0  hist n_valid 10 encodes 5
  30/800  15s  B=-11.35  ref 0/0  hist n_valid 10 encodes 5
  40/800  20s  B=-8.07  ref 0/0  hist n_valid 10 encodes 5
  50/800  25s  B=-11.13  ref 0/0  hist n_valid 10 encodes 5
  60/800  29s  B=-10.97  ref 0/0  hist n_valid 10 encodes 5
  70/800  34s  B=-11.79  ref 0/0  hist n_valid 10 encodes 5
  80/800  39s  B=-11.15  ref 0/0  hist n_valid 10 encodes 5
  90/800  44s  B=-10.52  ref 0/0  hist n_valid 10 encodes 5
  100/800  48s  B=-10.76  ref 0/0  hist n_valid 10 encodes 5
  110/800  53s  B=-7.79  ref 0/0  hist n_valid 10 encodes 5
  120/800  58s  B=-8.34  ref 0/0  hist n_valid 10 encodes 5
  130/800  62s  B=-10.26  ref 0/0  hist n_valid 10 encodes 5
  140/800  67s  B=-11.56  ref 0/0  hist n_valid 10 encodes 5
  150/800  72s  B=-9.21  ref 0/0  hist n_valid 10 encodes 5
  160/800  77s  B=-10.88  ref 0/0  hist n_valid 10 encodes 5
  170/800  81s  B=-11.18  ref 0/0  hist n_valid 10 encodes 5
  180/800  86s  B=-11.65  ref 0/0  hist n_valid 10 encodes 5
  190/800  91s  B=-9.10  ref 0/0  hist n_valid 10 encodes 5
  200/800  95s  B=-7.58  ref 0/0  hist n_valid 10 encodes 5
  210/800  100s  B=-11.15  ref 0/0  hist n_valid 10 encodes 5
  220/800  105s  B=-11.00  ref 0/0  hist n_valid 10 encodes 5
  230/800  109s  B=-8.55  ref 0/0  hist n_valid 10 encodes 5
  240/800  114s  B=-9.31  ref 0/0  hist n_valid 10 encodes 5
  250/800  119s  B=-11.04  ref 0/0  hist n_valid 10 encodes 5
  260/800  124s  B=-10.05  ref 0/0  hist n_valid 10 encodes 5
  270/800  128s  B=-9.93  ref 0/0  hist n_valid 10 encodes 5
  280/800  133s  B=-9.62  ref 0/0  hist n_valid 10 encodes 5
  290/800  138s  B=-8.25  ref 0/0  hist n_valid 10 encodes 5
  300/800  143s  B=-11.40  ref 0/0  hist n_valid 10 encodes 5
  310/800  148s  B=-10.43  ref 0/0  hist n_valid 10 encodes 5
  320/800  152s  B=-10.70  ref 0/0  hist n_valid 10 encodes 5
  330/800  157s  B=-9.65  ref 0/0  hist n_valid 10 encodes 5
  340/800  162s  B=-9.13  ref 0/0  hist n_valid 10 encodes 5
  350/800  167s  B=-7.69  ref 0/0  hist n_valid 10 encodes 5
  360/800  172s  B=-9.87  ref 0/0  hist n_valid 10 encodes 5
  370/800  177s  B=-10.56  ref 0/0  hist n_valid 10 encodes 5
  380/800  182s  B=-7.34  ref 0/0  hist n_valid 10 encodes 5
  390/800  186s  B=-9.28  ref 0/0  hist n_valid 10 encodes 5
  400/800  191s  B=-9.36  ref 0/0  hist n_valid 10 encodes 5
  410/800  196s  B=-10.60  ref 0/0  hist n_valid 10 encodes 5
  420/800  201s  B=-10.59  ref 0/0  hist n_valid 10 encodes 5
  430/800  205s  B=-11.48  ref 0/0  hist n_valid 10 encodes 5
  440/800  210s  B=-11.46  ref 0/0  hist n_valid 10 encodes 5
  450/800  215s  B=-10.74  ref 0/0  hist n_valid 10 encodes 5
  460/800  220s  B=-10.48  ref 0/0  hist n_valid 10 encodes 5
  470/800  225s  B=-10.69  ref 0/0  hist n_valid 10 encodes 5
  480/800  229s  B=-6.86  ref 0/0  hist n_valid 10 encodes 5
  490/800  234s  B=-10.65  ref 0/0  hist n_valid 10 encodes 5
  500/800  239s  B=-9.01  ref 0/0  hist n_valid 10 encodes 5
  510/800  244s  B=-11.09  ref 0/0  hist n_valid 10 encodes 5
  520/800  248s  B=-10.31  ref 0/0  hist n_valid 10 encodes 5
  530/800  253s  B=-10.65  ref 0/0  hist n_valid 10 encodes 5
  540/800  258s  B=-9.99  ref 0/0  hist n_valid 10 encodes 5
  550/800  263s  B=-10.32  ref 0/0  hist n_valid 10 encodes 5
  560/800  268s  B=-9.99  ref 0/0  hist n_valid 10 encodes 5
  570/800  272s  B=-9.60  ref 0/0  hist n_valid 10 encodes 5
  580/800  277s  B=-10.45  ref 0/0  hist n_valid 10 encodes 5
  590/800  282s  B=-10.55  ref 0/0  hist n_valid 10 encodes 5
  600/800  287s  B=-11.40  ref 0/0  hist n_valid 10 encodes 5
  610/800  292s  B=-11.18  ref 0/0  hist n_valid 10 encodes 5
  620/800  296s  B=-10.15  ref 0/0  hist n_valid 10 encodes 5
  630/800  301s  B=-11.14  ref 0/0  hist n_valid 10 encodes 5
  640/800  306s  B=-9.01  ref 0/0  hist n_valid 10 encodes 5
  650/800  311s  B=-10.74  ref 0/0  hist n_valid 10 encodes 5
  660/800  315s  B=-1.13  ref 0/0  hist n_valid 10 encodes 5
  670/800  320s  B=-10.21  ref 0/0  hist n_valid 10 encodes 5
  680/800  325s  B=-11.29  ref 0/0  hist n_valid 10 encodes 5
  690/800  330s  B=-11.36  ref 0/0  hist n_valid 10 encodes 5
  700/800  335s  B=-0.95  ref 0/0  hist n_valid 10 encodes 5
  710/800  339s  B=-9.75  ref 0/0  hist n_valid 10 encodes 5
  720/800  344s  B=-6.94  ref 0/0  hist n_valid 10 encodes 5
  730/800  349s  B=-10.64  ref 0/0  hist n_valid 10 encodes 5
  740/800  354s  B=-10.05  ref 0/0  hist n_valid 10 encodes 5
  750/800  358s  B=-8.45  ref 0/0  hist n_valid 10 encodes 5
  760/800  363s  B=-11.40  ref 0/0  hist n_valid 10 encodes 5
  770/800  368s  B=-11.63  ref 0/0  hist n_valid 10 encodes 5
  780/800  373s  B=-9.66  ref 0/0  hist n_valid 10 encodes 5
  790/800  378s  B=-11.21  ref 0/0  hist n_valid 10 encodes 5
  800/800  382s  B=-10.42  ref 0/0  hist n_valid 10 encodes 5
{"world": "crm", "domain": "crm", "fixed2": false, "n_groups": 800, "arms": ["B"], "tags": {"B": "n2iter_cem4x64"}, "deployed_tag": "crm_proposal", "models": "artifacts/traverse/generalist_20260921/A_adapt/train/deploy_v1/H_deploy_s*.pt", "model_kinds": ["ga_train"], "conds": ["hist_aux"], "map_root": "artifacts/traverse/crm_f104_v1/map_root", "rigid_arena": null, "n_distinct_routes": 800, "n_new_drives": 800, "selftest_groups": [], "corridors_batched": true, "float16_scoring": true, "pose_sources": ["poses_file"], "base_sources": ["base_route(pose, goal)"], "extra": null, "cluster_prefix": null, "wall_s_total": 382.40918612480164, "agreement": {}}
B cem4x64          z_mean -9.422 (med -10.247) z_pess -7.896 P 0.0049 T 18.7s v 3.19 start-pose dist max 0.000 m  wall 0.47s/group
reference check: 0/0 picks equal {'A': 'crm'} in /home/harry/NeDM-traverse_mppi/artifacts/traverse/crm_f104_v1/eval_v1/picks; 800 distinct routes, 800 new drives; agreement {}; history encodes 4000 (= 5 members x 800 decisions)
family free arm B: n 800 speed step mean +1.893 |max| 5.339 bins {'-inf..-1.5': 0, '-1.5..-0.5': 0, '-0.5..0.5': 34, '0.5..1.5': 283, '1.5..inf': 483}; start heading mean 19.7 max 51.2 bins {'0..5': 122, '5..15': 216, '15..30': 268, '30..inf': 194}; accel [-2.000, 1.500]; acceptance 0.910; v0 sources {'history_window': 800} cross-check 0.00e+00
