{
 "tool": "scripts/ag_subset.py",
 "tool_sha256": "3891a0064511666a19d63ff360c9e2b0f56f59d35e14337d1ca634870c590f39",
 "argv": [
  "--world",
  "rigid",
  "--preset",
  "LOAO2_g203_g228",
  "--ds",
  "/work1/dannegrut/harry/experiments/arena_gator_20260925/e4/g203_hmmwv/ci_g203_hmmwv_rigid.npz",
  "/work1/dannegrut/harry/experiments/arena_gator_20260925/e4/g228_hmmwv/ci_g228_hmmwv_rigid.npz",
  "--out",
  "/work1/dannegrut/harry/experiments/arena_gator_20260925/e4/subsets/LOAO2_g203_g228_hmmwv_rigid.npz"
 ],
 "preset": "LOAO2_g203_g228",
 "world": "rigid",
 "vehicle": "hmmwv",
 "rule": "md5(group id) hex ascending within each arena, first N of the available training groups",
 "tiers": null,
 "ids_file": null,
 "ids_file_sha256": null,
 "n_ids": null,
 "ids_apply": null,
 "eval_rows": "intact",
 "keep_dev_fold": false,
 "use": "deploy or holdout",
 "per_arena": {
  "g203": {
   "requested": 273,
   "available": 1083,
   "selected": 273,
   "md5_last": "3d8ef6a79c27d6e3680a30701aa5fa24",
   "dev_fold_groups_kept": 0,
   "train_groups_in_file": 273,
   "train_rows": 20994,
   "train_rows_startup": 5460,
   "train_episodes": 5460,
   "val_groups": 48,
   "val_rows": 3712,
   "test_groups": 69,
   "test_rows": 5284,
   "fit_rows_holdout": 17089,
   "fit_groups_holdout": 222
  },
  "g228": {
   "requested": 272,
   "available": 1063,
   "selected": 272,
   "md5_last": "3f3461f4a57095bed334793bf7a361a8",
   "dev_fold_groups_kept": 0,
   "train_groups_in_file": 272,
   "train_rows": 21174,
   "train_rows_startup": 5440,
   "train_episodes": 5440,
   "val_groups": 60,
   "val_rows": 4640,
   "test_groups": 77,
   "test_rows": 5999,
   "fit_rows_holdout": 17684,
   "fit_groups_holdout": 227
  }
 },
 "rows": 61803,
 "fit_rows_deploy": 42168,
 "fit_rows_holdout": 34773,
 "eval_rows_val": 8352
}
wrote /work1/dannegrut/harry/experiments/arena_gator_20260925/e4/subsets/LOAO2_g203_g228_hmmwv_rigid.npz (61803 rows, 1.118 GB) in 387.0 s
