{
 "tool": "scripts/ag_subset.py",
 "tool_sha256": "3891a0064511666a19d63ff360c9e2b0f56f59d35e14337d1ca634870c590f39",
 "argv": [
  "--world",
  "rigid",
  "--preset",
  "M3",
  "--ds",
  "/work1/dannegrut/harry/experiments/arena_gator_20260925/e4/f104_hmmwv/ci_f104_hmmwv_both.npz",
  "/work1/dannegrut/harry/experiments/arena_gator_20260925/e4/g203_hmmwv/ci_g203_hmmwv_rigid.npz",
  "/work1/dannegrut/harry/experiments/arena_gator_20260925/e4/g228_hmmwv/ci_g228_hmmwv_rigid.npz",
  "--out",
  "/work1/dannegrut/harry/experiments/arena_gator_20260925/e4/subsets/M3_hmmwv_rigid.npz"
 ],
 "preset": "M3",
 "world": "rigid",
 "vehicle": "hmmwv",
 "rule": "md5(group id) hex ascending within each arena, first N of the available training groups",
 "tiers": null,
 "ids_file": null,
 "ids_file_sha256": null,
 "n_ids": null,
 "ids_apply": null,
 "eval_rows": "intact",
 "keep_dev_fold": false,
 "use": "deploy or holdout",
 "per_arena": {
  "f104": {
   "requested": 363,
   "available": 1089,
   "selected": 363,
   "md5_last": "554c4a9f0540ee0ccefc7083616646da",
   "dev_fold_groups_kept": 0,
   "train_groups_in_file": 363,
   "train_rows": 28297,
   "train_rows_startup": 7260,
   "train_episodes": 7260,
   "val_groups": 56,
   "val_rows": 4358,
   "test_groups": 55,
   "test_rows": 4252,
   "fit_rows_holdout": 22443,
   "fit_groups_holdout": 288
  },
  "g203": {
   "requested": 363,
   "available": 1083,
   "selected": 363,
   "md5_last": "52011ef4cf4c521791cc9346e5f2758f",
   "dev_fold_groups_kept": 0,
   "train_groups_in_file": 363,
   "train_rows": 27902,
   "train_rows_startup": 7260,
   "train_episodes": 7260,
   "val_groups": 48,
   "val_rows": 3712,
   "test_groups": 69,
   "test_rows": 5284,
   "fit_rows_holdout": 22394,
   "fit_groups_holdout": 291
  },
  "g228": {
   "requested": 363,
   "available": 1063,
   "selected": 363,
   "md5_last": "5452891c806b3f9b46b4c82c4d19cb8d",
   "dev_fold_groups_kept": 0,
   "train_groups_in_file": 363,
   "train_rows": 28282,
   "train_rows_startup": 7260,
   "train_episodes": 7260,
   "val_groups": 60,
   "val_rows": 4640,
   "test_groups": 77,
   "test_rows": 5999,
   "fit_rows_holdout": 23072,
   "fit_groups_holdout": 296
  }
 },
 "rows": 112726,
 "fit_rows_deploy": 84481,
 "fit_rows_holdout": 67909,
 "eval_rows_val": 12710
}
wrote /work1/dannegrut/harry/experiments/arena_gator_20260925/e4/subsets/M3_hmmwv_rigid.npz (112726 rows, 2.041 GB) in 512.2 s
