{
 "tool": "scripts/ag_subset.py",
 "tool_sha256": "3891a0064511666a19d63ff360c9e2b0f56f59d35e14337d1ca634870c590f39",
 "argv": [
  "--world",
  "rigid",
  "--preset",
  "H",
  "--ds",
  "/work1/dannegrut/harry/experiments/arena_gator_20260925/e4/f104_hmmwv/ci_f104_hmmwv_both.npz",
  "--ids-file",
  "/work1/dannegrut/harry/experiments/arena_gator_20260925/e5/ids/gator_rigid_validated.txt",
  "--out",
  "/work1/dannegrut/harry/experiments/arena_gator_20260925/e4/subsets/H_f104_hmmwv_rigid.npz"
 ],
 "preset": "H",
 "world": "rigid",
 "vehicle": "hmmwv",
 "rule": "md5(group id) hex ascending within each arena, first N of the available training groups",
 "tiers": null,
 "ids_file": "/work1/dannegrut/harry/experiments/arena_gator_20260925/e5/ids/gator_rigid_validated.txt",
 "ids_file_sha256": "e11a8905069bdf10cce09f2af7a104c681de77a4dfc23d499155aba80bf27d01",
 "n_ids": 24000,
 "ids_apply": "all",
 "eval_rows": "intact",
 "keep_dev_fold": false,
 "use": "deploy or holdout",
 "per_arena": {
  "f104": {
   "requested": "all",
   "available": 1089,
   "selected": 1089,
   "md5_last": "ff6c1c94283ff2f53fdbe88bfb694dc2",
   "dev_fold_groups_kept": 0,
   "train_groups_in_file": 1089,
   "train_rows": 84787,
   "train_rows_startup": 21780,
   "train_episodes": 21780,
   "val_groups": 56,
   "val_rows": 4358,
   "test_groups": 55,
   "test_rows": 4252,
   "fit_rows_holdout": 67368,
   "fit_groups_holdout": 865
  }
 },
 "rows": 93397,
 "fit_rows_deploy": 84787,
 "fit_rows_holdout": 67368,
 "eval_rows_val": 4358
}
wrote /work1/dannegrut/harry/experiments/arena_gator_20260925/e4/subsets/H_f104_hmmwv_rigid.npz (93397 rows, 1.693 GB) in 136.0 s
