{
 "tool": "scripts/ag_subset.py",
 "tool_sha256": "3891a0064511666a19d63ff360c9e2b0f56f59d35e14337d1ca634870c590f39",
 "argv": [
  "--world",
  "rigid",
  "--preset",
  "A3",
  "--ds",
  "/work1/dannegrut/harry/experiments/arena_gator_20260925/e4/f104_hmmwv/ci_f104_hmmwv_both.npz",
  "/work1/dannegrut/harry/experiments/arena_gator_20260925/e4/g203_hmmwv/ci_g203_hmmwv_rigid.npz",
  "/work1/dannegrut/harry/experiments/arena_gator_20260925/e4/g228_hmmwv/ci_g228_hmmwv_rigid.npz",
  "--out",
  "/work1/dannegrut/harry/experiments/arena_gator_20260925/e4/subsets/A3_hmmwv_rigid.npz"
 ],
 "preset": "A3",
 "world": "rigid",
 "vehicle": "hmmwv",
 "rule": "md5(group id) hex ascending within each arena, first N of the available training groups",
 "tiers": null,
 "ids_file": null,
 "ids_file_sha256": null,
 "n_ids": null,
 "ids_apply": null,
 "eval_rows": "intact",
 "keep_dev_fold": false,
 "use": "deploy or holdout",
 "per_arena": {
  "f104": {
   "requested": "all",
   "available": 1089,
   "selected": 1089,
   "md5_last": "ff6c1c94283ff2f53fdbe88bfb694dc2",
   "dev_fold_groups_kept": 0,
   "train_groups_in_file": 1089,
   "train_rows": 84787,
   "train_rows_startup": 21780,
   "train_episodes": 21780,
   "val_groups": 56,
   "val_rows": 4358,
   "test_groups": 55,
   "test_rows": 4252,
   "fit_rows_holdout": 67368,
   "fit_groups_holdout": 865
  },
  "g203": {
   "requested": "all",
   "available": 1083,
   "selected": 1083,
   "md5_last": "ffcfd73677332364322b3ac73b821538",
   "dev_fold_groups_kept": 0,
   "train_groups_in_file": 1083,
   "train_rows": 83229,
   "train_rows_startup": 21660,
   "train_episodes": 21660,
   "val_groups": 48,
   "val_rows": 3712,
   "test_groups": 69,
   "test_rows": 5284,
   "fit_rows_holdout": 66200,
   "fit_groups_holdout": 861
  },
  "g228": {
   "requested": "all",
   "available": 1063,
   "selected": 1063,
   "md5_last": "ffd9c628e2c77010d08355fbc90bb7fd",
   "dev_fold_groups_kept": 0,
   "train_groups_in_file": 1063,
   "train_rows": 82474,
   "train_rows_startup": 21260,
   "train_episodes": 21260,
   "val_groups": 60,
   "val_rows": 4640,
   "test_groups": 77,
   "test_rows": 5999,
   "fit_rows_holdout": 65599,
   "fit_groups_holdout": 845
  }
 },
 "rows": 278735,
 "fit_rows_deploy": 250490,
 "fit_rows_holdout": 199167,
 "eval_rows_val": 12710
}
wrote /work1/dannegrut/harry/experiments/arena_gator_20260925/e4/subsets/A3_hmmwv_rigid.npz (278735 rows, 5.047 GB) in 719.6 s
