{
 "tool": "scripts/ag_subset.py",
 "tool_sha256": "3891a0064511666a19d63ff360c9e2b0f56f59d35e14337d1ca634870c590f39",
 "argv": [
  "--world",
  "rigid",
  "--preset",
  "LOAO2_f104_g203",
  "--ds",
  "/work1/dannegrut/harry/experiments/arena_gator_20260925/e4/f104_hmmwv/ci_f104_hmmwv_both.npz",
  "/work1/dannegrut/harry/experiments/arena_gator_20260925/e4/g203_hmmwv/ci_g203_hmmwv_rigid.npz",
  "--out",
  "/work1/dannegrut/harry/experiments/arena_gator_20260925/e4/subsets/LOAO2_f104_g203_hmmwv_rigid.npz"
 ],
 "preset": "LOAO2_f104_g203",
 "world": "rigid",
 "vehicle": "hmmwv",
 "rule": "md5(group id) hex ascending within each arena, first N of the available training groups",
 "tiers": null,
 "ids_file": null,
 "ids_file_sha256": null,
 "n_ids": null,
 "ids_apply": null,
 "eval_rows": "intact",
 "keep_dev_fold": false,
 "use": "deploy or holdout",
 "per_arena": {
  "f104": {
   "requested": 273,
   "available": 1089,
   "selected": 273,
   "md5_last": "416ce6e2b0b82d3fa4b925603dd6484b",
   "dev_fold_groups_kept": 0,
   "train_groups_in_file": 273,
   "train_rows": 21299,
   "train_rows_startup": 5460,
   "train_episodes": 5460,
   "val_groups": 56,
   "val_rows": 4358,
   "test_groups": 55,
   "test_rows": 4252,
   "fit_rows_holdout": 16690,
   "fit_groups_holdout": 214
  },
  "g203": {
   "requested": 272,
   "available": 1083,
   "selected": 272,
   "md5_last": "3d74872e1695a1f78eb6983d8277d757",
   "dev_fold_groups_kept": 0,
   "train_groups_in_file": 272,
   "train_rows": 20914,
   "train_rows_startup": 5440,
   "train_episodes": 5440,
   "val_groups": 48,
   "val_rows": 3712,
   "test_groups": 69,
   "test_rows": 5284,
   "fit_rows_holdout": 17009,
   "fit_groups_holdout": 221
  }
 },
 "rows": 59819,
 "fit_rows_deploy": 42213,
 "fit_rows_holdout": 33699,
 "eval_rows_val": 8070
}
wrote /work1/dannegrut/harry/experiments/arena_gator_20260925/e4/subsets/LOAO2_f104_g203_hmmwv_rigid.npz (59819 rows, 1.085 GB) in 179.1 s
