{
 "tool": "scripts/ag_subset.py",
 "tool_sha256": "3891a0064511666a19d63ff360c9e2b0f56f59d35e14337d1ca634870c590f39",
 "argv": [
  "--world",
  "rigid",
  "--preset",
  "LOAO1_g228",
  "--ds",
  "/work1/dannegrut/harry/experiments/arena_gator_20260925/e4/g228_hmmwv/ci_g228_hmmwv_rigid.npz",
  "--out",
  "/work1/dannegrut/harry/experiments/arena_gator_20260925/e4/subsets/LOAO1_g228_hmmwv_rigid.npz"
 ],
 "preset": "LOAO1_g228",
 "world": "rigid",
 "vehicle": "hmmwv",
 "rule": "md5(group id) hex ascending within each arena, first N of the available training groups",
 "tiers": null,
 "ids_file": null,
 "ids_file_sha256": null,
 "n_ids": null,
 "ids_apply": null,
 "eval_rows": "intact",
 "keep_dev_fold": false,
 "use": "deploy or holdout",
 "per_arena": {
  "g228": {
   "requested": 545,
   "available": 1063,
   "selected": 545,
   "md5_last": "7e14070e33e4a39029ba83bcc619d3e6",
   "dev_fold_groups_kept": 0,
   "train_groups_in_file": 545,
   "train_rows": 42451,
   "train_rows_startup": 10900,
   "train_episodes": 10900,
   "val_groups": 60,
   "val_rows": 4640,
   "test_groups": 77,
   "test_rows": 5999,
   "fit_rows_holdout": 33976,
   "fit_groups_holdout": 436
  }
 },
 "rows": 53090,
 "fit_rows_deploy": 42451,
 "fit_rows_holdout": 33976,
 "eval_rows_val": 4640
}
wrote /work1/dannegrut/harry/experiments/arena_gator_20260925/e4/subsets/LOAO1_g228_hmmwv_rigid.npz (53090 rows, 0.959 GB) in 272.3 s
