{
 "tool": "scripts/ag_subset.py",
 "tool_sha256": "3891a0064511666a19d63ff360c9e2b0f56f59d35e14337d1ca634870c590f39",
 "argv": [
  "--world",
  "rigid",
  "--preset",
  "M2",
  "--ds",
  "/work1/dannegrut/harry/experiments/arena_gator_20260925/e4/f104_hmmwv/ci_f104_hmmwv_both.npz",
  "/work1/dannegrut/harry/experiments/arena_gator_20260925/e4/g203_hmmwv/ci_g203_hmmwv_rigid.npz",
  "--out",
  "/work1/dannegrut/harry/experiments/arena_gator_20260925/e4/subsets/M2_hmmwv_rigid.npz"
 ],
 "preset": "M2",
 "world": "rigid",
 "vehicle": "hmmwv",
 "rule": "md5(group id) hex ascending within each arena, first N of the available training groups",
 "tiers": null,
 "ids_file": null,
 "ids_file_sha256": null,
 "n_ids": null,
 "ids_apply": null,
 "eval_rows": "intact",
 "keep_dev_fold": false,
 "use": "deploy or holdout",
 "per_arena": {
  "f104": {
   "requested": 545,
   "available": 1089,
   "selected": 545,
   "md5_last": "816874992ef365ac0286223f43842c2d",
   "dev_fold_groups_kept": 0,
   "train_groups_in_file": 545,
   "train_rows": 42451,
   "train_rows_startup": 10900,
   "train_episodes": 10900,
   "val_groups": 56,
   "val_rows": 4358,
   "test_groups": 55,
   "test_rows": 4252,
   "fit_rows_holdout": 33577,
   "fit_groups_holdout": 431
  },
  "g203": {
   "requested": 545,
   "available": 1083,
   "selected": 545,
   "md5_last": "7f27c00bad47e2c7d2da0af1cac94b8b",
   "dev_fold_groups_kept": 0,
   "train_groups_in_file": 545,
   "train_rows": 41859,
   "train_rows_startup": 10900,
   "train_episodes": 10900,
   "val_groups": 48,
   "val_rows": 3712,
   "test_groups": 69,
   "test_rows": 5284,
   "fit_rows_holdout": 33309,
   "fit_groups_holdout": 433
  }
 },
 "rows": 101916,
 "fit_rows_deploy": 84310,
 "fit_rows_holdout": 66886,
 "eval_rows_val": 8070
}
wrote /work1/dannegrut/harry/experiments/arena_gator_20260925/e4/subsets/M2_hmmwv_rigid.npz (101916 rows, 1.848 GB) in 198.1 s
