ci_planner: family free
world crm domain crm fixed2=False deployed tag 'crm_proposal'; reference picks /home/harry/NeDM-traverse_mppi/artifacts/traverse/crm_f104_v1/eval_v1/picks {'A': 'crm'} (found)
5 members from artifacts/traverse/generalist_20260921/A_adapt/train/deploy_v1/H_deploy_s*.pt on cuda: kinds ['ga_train'] conds ['hist_aux'] hist_T 40
   {'name': 'H_deploy_s0.pt', 'kind': 'ga_train', 'cond': 'hist_aux', 'zdim': 16, 'nctx': 5, 'params': 262018}
   {'name': 'H_deploy_s1.pt', 'kind': 'ga_train', 'cond': 'hist_aux', 'zdim': 16, 'nctx': 5, 'params': 262018}
   {'name': 'H_deploy_s2.pt', 'kind': 'ga_train', 'cond': 'hist_aux', 'zdim': 16, 'nctx': 5, 'params': 262018}
   {'name': 'H_deploy_s3.pt', 'kind': 'ga_train', 'cond': 'hist_aux', 'zdim': 16, 'nctx': 5, 'params': 262018}
   {'name': 'H_deploy_s4.pt', 'kind': 'ga_train', 'cond': 'hist_aux', 'zdim': 16, 'nctx': 5, 'params': 262018}
  10/800  5s  B=-11.29  ref 0/0  hist n_valid 20 encodes 5
  20/800  9s  B=-11.31  ref 0/0  hist n_valid 20 encodes 5
  30/800  13s  B=-11.52  ref 0/0  hist n_valid 20 encodes 5
  40/800  17s  B=-8.95  ref 0/0  hist n_valid 20 encodes 5
  50/800  22s  B=-11.80  ref 0/0  hist n_valid 20 encodes 5
  60/800  26s  B=-11.54  ref 0/0  hist n_valid 20 encodes 5
  70/800  30s  B=-12.33  ref 0/0  hist n_valid 20 encodes 5
  80/800  34s  B=-11.68  ref 0/0  hist n_valid 20 encodes 5
  90/800  38s  B=-10.72  ref 0/0  hist n_valid 20 encodes 5
  100/800  42s  B=-11.34  ref 0/0  hist n_valid 20 encodes 5
  110/800  47s  B=-6.81  ref 0/0  hist n_valid 20 encodes 5
  120/800  51s  B=-9.72  ref 0/0  hist n_valid 20 encodes 5
  130/800  55s  B=-11.48  ref 0/0  hist n_valid 20 encodes 5
  140/800  59s  B=-12.33  ref 0/0  hist n_valid 20 encodes 5
  150/800  63s  B=-10.08  ref 0/0  hist n_valid 20 encodes 5
  160/800  67s  B=-11.40  ref 0/0  hist n_valid 20 encodes 5
  170/800  71s  B=-11.78  ref 0/0  hist n_valid 20 encodes 5
  180/800  75s  B=-12.38  ref 0/0  hist n_valid 20 encodes 5
  190/800  80s  B=-10.25  ref 0/0  hist n_valid 20 encodes 5
  200/800  84s  B=-8.17  ref 0/0  hist n_valid 20 encodes 5
  210/800  88s  B=-11.90  ref 0/0  hist n_valid 20 encodes 5
  220/800  92s  B=-11.28  ref 0/0  hist n_valid 20 encodes 5
  230/800  96s  B=-9.20  ref 0/0  hist n_valid 20 encodes 5
  240/800  100s  B=-10.00  ref 0/0  hist n_valid 20 encodes 5
  250/800  105s  B=-10.66  ref 0/0  hist n_valid 20 encodes 5
  260/800  109s  B=-9.84  ref 0/0  hist n_valid 20 encodes 5
  270/800  113s  B=-11.16  ref 0/0  hist n_valid 20 encodes 5
  280/800  117s  B=-10.44  ref 0/0  hist n_valid 20 encodes 5
  290/800  121s  B=-9.03  ref 0/0  hist n_valid 20 encodes 5
  300/800  125s  B=-11.79  ref 0/0  hist n_valid 20 encodes 5
  310/800  129s  B=-10.65  ref 0/0  hist n_valid 20 encodes 5
  320/800  134s  B=-11.18  ref 0/0  hist n_valid 20 encodes 5
  330/800  138s  B=-10.74  ref 0/0  hist n_valid 20 encodes 5
  340/800  142s  B=-11.25  ref 0/0  hist n_valid 20 encodes 5
  350/800  146s  B=-7.68  ref 0/0  hist n_valid 20 encodes 5
  360/800  150s  B=-10.33  ref 0/0  hist n_valid 20 encodes 5
  370/800  154s  B=-10.68  ref 0/0  hist n_valid 20 encodes 5
  380/800  158s  B=-6.74  ref 0/0  hist n_valid 20 encodes 5
  390/800  162s  B=-10.37  ref 0/0  hist n_valid 20 encodes 5
  400/800  166s  B=-9.83  ref 0/0  hist n_valid 20 encodes 5
  410/800  170s  B=-11.51  ref 0/0  hist n_valid 20 encodes 5
  420/800  174s  B=-10.88  ref 0/0  hist n_valid 20 encodes 5
  430/800  178s  B=-11.90  ref 0/0  hist n_valid 20 encodes 5
  440/800  182s  B=-12.04  ref 0/0  hist n_valid 20 encodes 5
  450/800  186s  B=-11.00  ref 0/0  hist n_valid 20 encodes 5
  460/800  190s  B=-11.21  ref 0/0  hist n_valid 20 encodes 5
  470/800  194s  B=-11.60  ref 0/0  hist n_valid 20 encodes 5
  480/800  198s  B=-4.24  ref 0/0  hist n_valid 20 encodes 5
  490/800  202s  B=-8.53  ref 0/0  hist n_valid 20 encodes 5
  500/800  206s  B=-8.98  ref 0/0  hist n_valid 20 encodes 5
  510/800  210s  B=-11.42  ref 0/0  hist n_valid 20 encodes 5
  520/800  214s  B=-10.67  ref 0/0  hist n_valid 20 encodes 5
  530/800  218s  B=-10.71  ref 0/0  hist n_valid 20 encodes 5
  540/800  223s  B=-9.54  ref 0/0  hist n_valid 20 encodes 5
  550/800  226s  B=-11.00  ref 0/0  hist n_valid 20 encodes 5
  560/800  231s  B=-10.42  ref 0/0  hist n_valid 20 encodes 5
  570/800  235s  B=-11.49  ref 0/0  hist n_valid 20 encodes 5
  580/800  239s  B=-10.90  ref 0/0  hist n_valid 20 encodes 5
  590/800  243s  B=-10.70  ref 0/0  hist n_valid 20 encodes 5
  600/800  247s  B=-11.87  ref 0/0  hist n_valid 20 encodes 5
  610/800  251s  B=-11.52  ref 0/0  hist n_valid 20 encodes 5
  620/800  255s  B=-11.22  ref 0/0  hist n_valid 20 encodes 5
  630/800  259s  B=-11.91  ref 0/0  hist n_valid 20 encodes 5
  640/800  263s  B=-9.79  ref 0/0  hist n_valid 20 encodes 5
  650/800  267s  B=-10.91  ref 0/0  hist n_valid 20 encodes 5
  660/800  271s  B=-0.86  ref 0/0  hist n_valid 20 encodes 5
  670/800  275s  B=-11.14  ref 0/0  hist n_valid 20 encodes 5
  680/800  280s  B=-11.96  ref 0/0  hist n_valid 20 encodes 5
  690/800  284s  B=-11.78  ref 0/0  hist n_valid 20 encodes 5
  700/800  288s  B=-0.54  ref 0/0  hist n_valid 20 encodes 5
  710/800  293s  B=-10.71  ref 0/0  hist n_valid 20 encodes 5
  720/800  298s  B=-6.71  ref 0/0  hist n_valid 20 encodes 5
  730/800  303s  B=-11.61  ref 0/0  hist n_valid 20 encodes 5
  740/800  308s  B=-10.81  ref 0/0  hist n_valid 20 encodes 5
  750/800  313s  B=-10.45  ref 0/0  hist n_valid 20 encodes 5
  760/800  317s  B=-11.93  ref 0/0  hist n_valid 20 encodes 5
  770/800  322s  B=-12.17  ref 0/0  hist n_valid 20 encodes 5
  780/800  327s  B=-9.46  ref 0/0  hist n_valid 20 encodes 5
  790/800  332s  B=-11.69  ref 0/0  hist n_valid 20 encodes 5
  800/800  337s  B=-10.86  ref 0/0  hist n_valid 20 encodes 5
{"world": "crm", "domain": "crm", "fixed2": false, "n_groups": 800, "arms": ["B"], "tags": {"B": "n2iter_cem4x64"}, "deployed_tag": "crm_proposal", "models": "artifacts/traverse/generalist_20260921/A_adapt/train/deploy_v1/H_deploy_s*.pt", "model_kinds": ["ga_train"], "conds": ["hist_aux"], "map_root": "artifacts/traverse/crm_f104_v1/map_root", "rigid_arena": null, "n_distinct_routes": 800, "n_new_drives": 800, "selftest_groups": [], "corridors_batched": true, "float16_scoring": true, "pose_sources": ["poses_file"], "base_sources": ["base_route(pose, goal)"], "extra": null, "cluster_prefix": null, "wall_s_total": 336.9126515388489, "agreement": {}}
B cem4x64          z_mean -10.005 (med -10.897) z_pess -8.573 P 0.0067 T 18.7s v 3.19 start-pose dist max 0.000 m  wall 0.42s/group
reference check: 0/0 picks equal {'A': 'crm'} in /home/harry/NeDM-traverse_mppi/artifacts/traverse/crm_f104_v1/eval_v1/picks; 800 distinct routes, 800 new drives; agreement {}; history encodes 4000 (= 5 members x 800 decisions)
family free arm B: n 800 speed step mean +1.057 |max| 5.013 bins {'-inf..-1.5': 3, '-1.5..-0.5': 54, '-0.5..0.5': 214, '0.5..1.5': 287, '1.5..inf': 242}; start heading mean 20.0 max 52.6 bins {'0..5': 136, '5..15': 202, '15..30': 249, '30..inf': 213}; accel [-2.000, 1.500]; acceptance 0.907; v0 sources {'history_window': 800} cross-check 0.00e+00
