ci_planner: family free
world rigid domain rigid fixed2=False deployed tag 'gen_night2'; reference picks None {} (MISSING)
5 members from artifacts/traverse/crm_improve_20260922/deploy_v1/deploy_a1_haux_gru_s*.pt on cuda: kinds ['ci_train'] conds ['hist_aux'] hist_T 40
   {'name': 'deploy_a1_haux_gru_s0.pt', 'kind': 'ci_train', 'arch': 'gru', 'hist_enc': 'gru', 'cond': 'hist_aux', 'ctx_mode': 'geom', 'zdim': 16, 'hist_T': 40, 'nctx': 5, 'params': 262018}
   {'name': 'deploy_a1_haux_gru_s1.pt', 'kind': 'ci_train', 'arch': 'gru', 'hist_enc': 'gru', 'cond': 'hist_aux', 'ctx_mode': 'geom', 'zdim': 16, 'hist_T': 40, 'nctx': 5, 'params': 262018}
   {'name': 'deploy_a1_haux_gru_s2.pt', 'kind': 'ci_train', 'arch': 'gru', 'hist_enc': 'gru', 'cond': 'hist_aux', 'ctx_mode': 'geom', 'zdim': 16, 'hist_T': 40, 'nctx': 5, 'params': 262018}
   {'name': 'deploy_a1_haux_gru_s3.pt', 'kind': 'ci_train', 'arch': 'gru', 'hist_enc': 'gru', 'cond': 'hist_aux', 'ctx_mode': 'geom', 'zdim': 16, 'hist_T': 40, 'nctx': 5, 'params': 262018}
   {'name': 'deploy_a1_haux_gru_s4.pt', 'kind': 'ci_train', 'arch': 'gru', 'hist_enc': 'gru', 'cond': 'hist_aux', 'ctx_mode': 'geom', 'zdim': 16, 'hist_T': 40, 'nctx': 5, 'params': 262018}
  10/800  4s  B=-13.40  ref 0/0  hist n_valid 20 encodes 5
  20/800  8s  B=-13.35  ref 0/0  hist n_valid 20 encodes 5
  30/800  12s  B=-13.52  ref 0/0  hist n_valid 20 encodes 5
  40/800  15s  B=-13.21  ref 0/0  hist n_valid 20 encodes 5
  50/800  19s  B=-13.24  ref 0/0  hist n_valid 20 encodes 5
  60/800  23s  B=-13.26  ref 0/0  hist n_valid 20 encodes 5
  70/800  27s  B=-13.53  ref 0/0  hist n_valid 20 encodes 5
  80/800  30s  B=-13.26  ref 0/0  hist n_valid 20 encodes 5
  90/800  34s  B=-13.01  ref 0/0  hist n_valid 20 encodes 5
  100/800  38s  B=-13.11  ref 0/0  hist n_valid 20 encodes 5
  110/800  42s  B=-13.27  ref 0/0  hist n_valid 20 encodes 5
  120/800  45s  B=-13.08  ref 0/0  hist n_valid 20 encodes 5
  130/800  49s  B=-13.38  ref 0/0  hist n_valid 20 encodes 5
  140/800  53s  B=-13.42  ref 0/0  hist n_valid 20 encodes 5
  150/800  57s  B=-13.60  ref 0/0  hist n_valid 20 encodes 5
  160/800  60s  B=-13.33  ref 0/0  hist n_valid 20 encodes 5
  170/800  64s  B=-13.62  ref 0/0  hist n_valid 20 encodes 5
  180/800  68s  B=-13.60  ref 0/0  hist n_valid 20 encodes 5
  190/800  72s  B=-13.54  ref 0/0  hist n_valid 20 encodes 5
  200/800  75s  B=-13.06  ref 0/0  hist n_valid 20 encodes 5
  210/800  79s  B=-13.67  ref 0/0  hist n_valid 20 encodes 5
  220/800  83s  B=-13.59  ref 0/0  hist n_valid 20 encodes 5
  230/800  87s  B=-13.27  ref 0/0  hist n_valid 20 encodes 5
  240/800  90s  B=-13.52  ref 0/0  hist n_valid 20 encodes 5
  250/800  94s  B=-13.50  ref 0/0  hist n_valid 20 encodes 5
  260/800  98s  B=-13.37  ref 0/0  hist n_valid 20 encodes 5
  270/800  102s  B=-13.30  ref 0/0  hist n_valid 20 encodes 5
  280/800  105s  B=-13.15  ref 0/0  hist n_valid 20 encodes 5
  290/800  109s  B=-13.16  ref 0/0  hist n_valid 20 encodes 5
  300/800  113s  B=-13.69  ref 0/0  hist n_valid 20 encodes 5
  310/800  116s  B=-13.44  ref 0/0  hist n_valid 20 encodes 5
  320/800  120s  B=-13.54  ref 0/0  hist n_valid 20 encodes 5
  330/800  124s  B=-13.59  ref 0/0  hist n_valid 20 encodes 5
  340/800  128s  B=-13.26  ref 0/0  hist n_valid 20 encodes 5
  350/800  132s  B=-12.86  ref 0/0  hist n_valid 20 encodes 5
  360/800  136s  B=-13.44  ref 0/0  hist n_valid 20 encodes 5
  370/800  139s  B=-13.40  ref 0/0  hist n_valid 20 encodes 5
  380/800  143s  B=-12.82  ref 0/0  hist n_valid 20 encodes 5
  390/800  147s  B=-10.20  ref 0/0  hist n_valid 20 encodes 5
  400/800  151s  B=-13.20  ref 0/0  hist n_valid 20 encodes 5
  410/800  154s  B=-13.49  ref 0/0  hist n_valid 20 encodes 5
  420/800  158s  B=-13.67  ref 0/0  hist n_valid 20 encodes 5
  430/800  162s  B=-13.54  ref 0/0  hist n_valid 20 encodes 5
  440/800  165s  B=-13.56  ref 0/0  hist n_valid 20 encodes 5
  450/800  169s  B=-13.46  ref 0/0  hist n_valid 20 encodes 5
  460/800  173s  B=-13.18  ref 0/0  hist n_valid 20 encodes 5
  470/800  177s  B=-13.60  ref 0/0  hist n_valid 20 encodes 5
  480/800  180s  B=-13.06  ref 0/0  hist n_valid 20 encodes 5
  490/800  184s  B=-13.41  ref 0/0  hist n_valid 20 encodes 5
  500/800  188s  B=-13.36  ref 0/0  hist n_valid 20 encodes 5
  510/800  191s  B=-13.58  ref 0/0  hist n_valid 20 encodes 5
  520/800  195s  B=-13.59  ref 0/0  hist n_valid 20 encodes 5
  530/800  199s  B=-13.57  ref 0/0  hist n_valid 20 encodes 5
  540/800  203s  B=-13.50  ref 0/0  hist n_valid 20 encodes 5
  550/800  206s  B=-13.58  ref 0/0  hist n_valid 20 encodes 5
  560/800  210s  B=-13.22  ref 0/0  hist n_valid 20 encodes 5
  570/800  214s  B=-13.28  ref 0/0  hist n_valid 20 encodes 5
  580/800  218s  B=-13.29  ref 0/0  hist n_valid 20 encodes 5
  590/800  221s  B=-13.09  ref 0/0  hist n_valid 20 encodes 5
  600/800  225s  B=-13.63  ref 0/0  hist n_valid 20 encodes 5
  610/800  229s  B=-13.61  ref 0/0  hist n_valid 20 encodes 5
  620/800  233s  B=-13.54  ref 0/0  hist n_valid 20 encodes 5
  630/800  236s  B=-13.52  ref 0/0  hist n_valid 20 encodes 5
  640/800  240s  B=-13.05  ref 0/0  hist n_valid 20 encodes 5
  650/800  244s  B=-13.51  ref 0/0  hist n_valid 20 encodes 5
  660/800  248s  B=-12.08  ref 0/0  hist n_valid 20 encodes 5
  670/800  251s  B=-13.50  ref 0/0  hist n_valid 20 encodes 5
  680/800  255s  B=-13.56  ref 0/0  hist n_valid 20 encodes 5
  690/800  259s  B=-13.43  ref 0/0  hist n_valid 20 encodes 5
  700/800  262s  B=-9.82  ref 0/0  hist n_valid 20 encodes 5
  710/800  266s  B=-12.91  ref 0/0  hist n_valid 20 encodes 5
  720/800  270s  B=-13.02  ref 0/0  hist n_valid 20 encodes 5
  730/800  274s  B=-13.22  ref 0/0  hist n_valid 20 encodes 5
  740/800  277s  B=-13.48  ref 0/0  hist n_valid 20 encodes 5
  750/800  281s  B=-12.98  ref 0/0  hist n_valid 20 encodes 5
  760/800  285s  B=-13.32  ref 0/0  hist n_valid 20 encodes 5
  770/800  288s  B=-13.57  ref 0/0  hist n_valid 20 encodes 5
  780/800  292s  B=-10.37  ref 0/0  hist n_valid 20 encodes 5
  790/800  296s  B=-13.50  ref 0/0  hist n_valid 20 encodes 5
  800/800  299s  B=-13.37  ref 0/0  hist n_valid 20 encodes 5
{"world": "rigid", "domain": "rigid", "fixed2": false, "n_groups": 800, "arms": ["B"], "tags": {"B": "n2iter_cem4x64"}, "deployed_tag": "gen_night2", "models": "artifacts/traverse/crm_improve_20260922/deploy_v1/deploy_a1_haux_gru_s*.pt", "model_kinds": ["ci_train"], "conds": ["hist_aux"], "map_root": "artifacts/traverse/crm_f104_v1/map_root", "rigid_arena": null, "n_distinct_routes": 800, "n_new_drives": 800, "selftest_groups": [], "corridors_batched": true, "float16_scoring": true, "pose_sources": ["poses_file"], "base_sources": ["base_route(pose, goal)"], "extra": null, "cluster_prefix": null, "wall_s_total": 299.48098134994507, "agreement": {}}
B cem4x64          z_mean -13.155 (med -13.360) z_pess -12.658 P 0.0000 T 15.8s v 3.37 start-pose dist max 0.000 m  wall 0.37s/group
reference check: 0/0 picks equal {} in None; 800 distinct routes, 800 new drives; agreement {}; history encodes 0 (= 0 members x 800 decisions)
family free arm B: n 800 speed step mean +0.095 |max| 4.617 bins {'-inf..-1.5': 39, '-1.5..-0.5': 167, '-0.5..0.5': 349, '0.5..1.5': 187, '1.5..inf': 58}; start heading mean 19.5 max 52.3 bins {'0..5': 130, '5..15': 201, '15..30': 278, '30..inf': 191}; accel [-2.000, 1.500]; acceptance 0.908; v0 sources {'history_window': 800} cross-check 0.00e+00
