ci_planner: family free
world crm domain crm fixed2=False deployed tag 'crm_proposal'; reference picks /home/harry/NeDM-traverse_mppi/artifacts/traverse/crm_f104_v1/eval_v1/picks {'A': 'crm'} (found)
5 members from artifacts/traverse/crm_improve_20260922/deploy_v1/deploy_a1_haux_gru_s*.pt on cuda: kinds ['ci_train'] conds ['hist_aux'] hist_T 40
   {'name': 'deploy_a1_haux_gru_s0.pt', 'kind': 'ci_train', 'arch': 'gru', 'hist_enc': 'gru', 'cond': 'hist_aux', 'ctx_mode': 'geom', 'zdim': 16, 'hist_T': 40, 'nctx': 5, 'params': 262018}
   {'name': 'deploy_a1_haux_gru_s1.pt', 'kind': 'ci_train', 'arch': 'gru', 'hist_enc': 'gru', 'cond': 'hist_aux', 'ctx_mode': 'geom', 'zdim': 16, 'hist_T': 40, 'nctx': 5, 'params': 262018}
   {'name': 'deploy_a1_haux_gru_s2.pt', 'kind': 'ci_train', 'arch': 'gru', 'hist_enc': 'gru', 'cond': 'hist_aux', 'ctx_mode': 'geom', 'zdim': 16, 'hist_T': 40, 'nctx': 5, 'params': 262018}
   {'name': 'deploy_a1_haux_gru_s3.pt', 'kind': 'ci_train', 'arch': 'gru', 'hist_enc': 'gru', 'cond': 'hist_aux', 'ctx_mode': 'geom', 'zdim': 16, 'hist_T': 40, 'nctx': 5, 'params': 262018}
   {'name': 'deploy_a1_haux_gru_s4.pt', 'kind': 'ci_train', 'arch': 'gru', 'hist_enc': 'gru', 'cond': 'hist_aux', 'ctx_mode': 'geom', 'zdim': 16, 'hist_T': 40, 'nctx': 5, 'params': 262018}
  10/800  4s  B=-13.19  ref 0/0  hist n_valid 20 encodes 5
  20/800  8s  B=-12.70  ref 0/0  hist n_valid 20 encodes 5
  30/800  12s  B=-13.13  ref 0/0  hist n_valid 20 encodes 5
  40/800  16s  B=-10.56  ref 0/0  hist n_valid 20 encodes 5
  50/800  19s  B=-12.96  ref 0/0  hist n_valid 20 encodes 5
  60/800  23s  B=-12.56  ref 0/0  hist n_valid 20 encodes 5
  70/800  27s  B=-13.40  ref 0/0  hist n_valid 20 encodes 5
  80/800  31s  B=-12.98  ref 0/0  hist n_valid 20 encodes 5
  90/800  34s  B=-12.42  ref 0/0  hist n_valid 20 encodes 5
  100/800  38s  B=-12.94  ref 0/0  hist n_valid 20 encodes 5
  110/800  42s  B=-11.27  ref 0/0  hist n_valid 20 encodes 5
  120/800  46s  B=-10.89  ref 0/0  hist n_valid 20 encodes 5
  130/800  49s  B=-13.15  ref 0/0  hist n_valid 20 encodes 5
  140/800  53s  B=-13.25  ref 0/0  hist n_valid 20 encodes 5
  150/800  57s  B=-12.43  ref 0/0  hist n_valid 20 encodes 5
  160/800  61s  B=-12.83  ref 0/0  hist n_valid 20 encodes 5
  170/800  64s  B=-13.31  ref 0/0  hist n_valid 20 encodes 5
  180/800  68s  B=-13.46  ref 0/0  hist n_valid 20 encodes 5
  190/800  72s  B=-13.03  ref 0/0  hist n_valid 20 encodes 5
  200/800  76s  B=-10.17  ref 0/0  hist n_valid 20 encodes 5
  210/800  80s  B=-13.57  ref 0/0  hist n_valid 20 encodes 5
  220/800  83s  B=-13.04  ref 0/0  hist n_valid 20 encodes 5
  230/800  87s  B=-11.01  ref 0/0  hist n_valid 20 encodes 5
  240/800  91s  B=-11.12  ref 0/0  hist n_valid 20 encodes 5
  250/800  95s  B=-12.96  ref 0/0  hist n_valid 20 encodes 5
  260/800  98s  B=-12.01  ref 0/0  hist n_valid 20 encodes 5
  270/800  102s  B=-12.42  ref 0/0  hist n_valid 20 encodes 5
  280/800  106s  B=-12.21  ref 0/0  hist n_valid 20 encodes 5
  290/800  110s  B=-10.86  ref 0/0  hist n_valid 20 encodes 5
  300/800  114s  B=-13.55  ref 0/0  hist n_valid 20 encodes 5
  310/800  117s  B=-12.60  ref 0/0  hist n_valid 20 encodes 5
  320/800  121s  B=-13.06  ref 0/0  hist n_valid 20 encodes 5
  330/800  125s  B=-12.98  ref 0/0  hist n_valid 20 encodes 5
  340/800  129s  B=-11.61  ref 0/0  hist n_valid 20 encodes 5
  350/800  133s  B=-11.43  ref 0/0  hist n_valid 20 encodes 5
  360/800  137s  B=-12.25  ref 0/0  hist n_valid 20 encodes 5
  370/800  141s  B=-12.38  ref 0/0  hist n_valid 20 encodes 5
  380/800  144s  B=-7.69  ref 0/0  hist n_valid 20 encodes 5
  390/800  148s  B=-12.89  ref 0/0  hist n_valid 20 encodes 5
  400/800  152s  B=-10.83  ref 0/0  hist n_valid 20 encodes 5
  410/800  156s  B=-12.47  ref 0/0  hist n_valid 20 encodes 5
  420/800  160s  B=-13.01  ref 0/0  hist n_valid 20 encodes 5
  430/800  163s  B=-13.26  ref 0/0  hist n_valid 20 encodes 5
  440/800  167s  B=-13.19  ref 0/0  hist n_valid 20 encodes 5
  450/800  171s  B=-13.17  ref 0/0  hist n_valid 20 encodes 5
  460/800  175s  B=-12.86  ref 0/0  hist n_valid 20 encodes 5
  470/800  179s  B=-13.10  ref 0/0  hist n_valid 20 encodes 5
  480/800  182s  B=-8.07  ref 0/0  hist n_valid 20 encodes 5
  490/800  186s  B=-13.09  ref 0/0  hist n_valid 20 encodes 5
  500/800  190s  B=-12.65  ref 0/0  hist n_valid 20 encodes 5
  510/800  194s  B=-13.22  ref 0/0  hist n_valid 20 encodes 5
  520/800  198s  B=-12.79  ref 0/0  hist n_valid 20 encodes 5
  530/800  202s  B=-12.96  ref 0/0  hist n_valid 20 encodes 5
  540/800  205s  B=-11.74  ref 0/0  hist n_valid 20 encodes 5
  550/800  209s  B=-13.01  ref 0/0  hist n_valid 20 encodes 5
  560/800  213s  B=-12.79  ref 0/0  hist n_valid 20 encodes 5
  570/800  217s  B=-12.16  ref 0/0  hist n_valid 20 encodes 5
  580/800  220s  B=-12.76  ref 0/0  hist n_valid 20 encodes 5
  590/800  224s  B=-12.39  ref 0/0  hist n_valid 20 encodes 5
  600/800  228s  B=-13.18  ref 0/0  hist n_valid 20 encodes 5
  610/800  232s  B=-13.47  ref 0/0  hist n_valid 20 encodes 5
  620/800  236s  B=-13.31  ref 0/0  hist n_valid 20 encodes 5
  630/800  239s  B=-12.90  ref 0/0  hist n_valid 20 encodes 5
  640/800  243s  B=-10.69  ref 0/0  hist n_valid 20 encodes 5
  650/800  247s  B=-12.82  ref 0/0  hist n_valid 20 encodes 5
  660/800  251s  B=-1.38  ref 0/0  hist n_valid 20 encodes 5
  670/800  255s  B=-12.74  ref 0/0  hist n_valid 20 encodes 5
  680/800  258s  B=-13.26  ref 0/0  hist n_valid 20 encodes 5
  690/800  262s  B=-13.03  ref 0/0  hist n_valid 20 encodes 5
  700/800  266s  B=-2.15  ref 0/0  hist n_valid 20 encodes 5
  710/800  270s  B=-11.81  ref 0/0  hist n_valid 20 encodes 5
  720/800  273s  B=-8.88  ref 0/0  hist n_valid 20 encodes 5
  730/800  277s  B=-12.82  ref 0/0  hist n_valid 20 encodes 5
  740/800  281s  B=-12.73  ref 0/0  hist n_valid 20 encodes 5
  750/800  285s  B=-12.59  ref 0/0  hist n_valid 20 encodes 5
  760/800  289s  B=-12.95  ref 0/0  hist n_valid 20 encodes 5
  770/800  292s  B=-13.40  ref 0/0  hist n_valid 20 encodes 5
  780/800  296s  B=-9.88  ref 0/0  hist n_valid 20 encodes 5
  790/800  300s  B=-13.34  ref 0/0  hist n_valid 20 encodes 5
  800/800  304s  B=-12.85  ref 0/0  hist n_valid 20 encodes 5
{"world": "crm", "domain": "crm", "fixed2": false, "n_groups": 800, "arms": ["B"], "tags": {"B": "n2iter_cem4x64"}, "deployed_tag": "crm_proposal", "models": "artifacts/traverse/crm_improve_20260922/deploy_v1/deploy_a1_haux_gru_s*.pt", "model_kinds": ["ci_train"], "conds": ["hist_aux"], "map_root": "artifacts/traverse/crm_f104_v1/map_root", "rigid_arena": null, "n_distinct_routes": 800, "n_new_drives": 800, "selftest_groups": [], "corridors_batched": true, "float16_scoring": true, "pose_sources": ["poses_file"], "base_sources": ["base_route(pose, goal)"], "extra": null, "cluster_prefix": null, "wall_s_total": 303.62245297431946, "agreement": {}}
B cem4x64          z_mean -11.678 (med -12.610) z_pess -10.446 P 0.0026 T 16.6s v 3.50 start-pose dist max 0.000 m  wall 0.37s/group
reference check: 0/0 picks equal {'A': 'crm'} in /home/harry/NeDM-traverse_mppi/artifacts/traverse/crm_f104_v1/eval_v1/picks; 800 distinct routes, 800 new drives; agreement {}; history encodes 0 (= 0 members x 800 decisions)
family free arm B: n 800 speed step mean +1.303 |max| 5.013 bins {'-inf..-1.5': 4, '-1.5..-0.5': 52, '-0.5..0.5': 143, '0.5..1.5': 272, '1.5..inf': 329}; start heading mean 20.7 max 52.6 bins {'0..5': 130, '5..15': 180, '15..30': 251, '30..inf': 239}; accel [-2.000, 1.500]; acceptance 0.907; v0 sources {'history_window': 800} cross-check 0.00e+00
